Archive member included to satisfy reference by file (symbol)

C:/Users/LUIZCA~1/PICO-S~1/TOOLCH~1/14_2_R~1/bin/../lib/gcc/arm-none-eabi/14.2.1/thumb/v6-m/nofp\libgcc.a(_dvmd_tls.o)
                              CMakeFiles/displayfuncionando.dir/C_/Users/LUIZ_CARLOS/.pico-sdk/sdk/2.2.0/src/rp2_common/pico_divider/divider_hardware.S.obj (__aeabi_idiv0)
C:/Users/LUIZCA~1/PICO-S~1/TOOLCH~1/14_2_R~1/bin/../lib/gcc/arm-none-eabi/14.2.1/thumb/v6-m/nofp\libg.a(libc_a-atoi.o)
                              CMakeFiles/displayfuncionando.dir/C_/Users/LUIZ_CARLOS/.pico-sdk/sdk/2.2.0/lib/lwip/src/core/netif.c.obj (atoi)
C:/Users/LUIZCA~1/PICO-S~1/TOOLCH~1/14_2_R~1/bin/../lib/gcc/arm-none-eabi/14.2.1/thumb/v6-m/nofp\libg.a(libc_a-calloc.o)
                              CMakeFiles/displayfuncionando.dir/C_/Users/LUIZ_CARLOS/.pico-sdk/sdk/2.2.0/src/rp2_common/pico_malloc/malloc.c.obj (calloc)
C:/Users/LUIZCA~1/PICO-S~1/TOOLCH~1/14_2_R~1/bin/../lib/gcc/arm-none-eabi/14.2.1/thumb/v6-m/nofp\libg.a(libc_a-callocr.o)
                              C:/Users/LUIZCA~1/PICO-S~1/TOOLCH~1/14_2_R~1/bin/../lib/gcc/arm-none-eabi/14.2.1/thumb/v6-m/nofp\libg.a(libc_a-calloc.o) (_calloc_r)
C:/Users/LUIZCA~1/PICO-S~1/TOOLCH~1/14_2_R~1/bin/../lib/gcc/arm-none-eabi/14.2.1/thumb/v6-m/nofp\libg.a(libc_a-malloc.o)
                              CMakeFiles/displayfuncionando.dir/C_/Users/LUIZ_CARLOS/.pico-sdk/sdk/2.2.0/src/rp2_common/pico_malloc/malloc.c.obj (malloc)
C:/Users/LUIZCA~1/PICO-S~1/TOOLCH~1/14_2_R~1/bin/../lib/gcc/arm-none-eabi/14.2.1/thumb/v6-m/nofp\libg.a(libc_a-mallocr.o)
                              C:/Users/LUIZCA~1/PICO-S~1/TOOLCH~1/14_2_R~1/bin/../lib/gcc/arm-none-eabi/14.2.1/thumb/v6-m/nofp\libg.a(libc_a-callocr.o) (_malloc_r)
C:/Users/LUIZCA~1/PICO-S~1/TOOLCH~1/14_2_R~1/bin/../lib/gcc/arm-none-eabi/14.2.1/thumb/v6-m/nofp\libg.a(libc_a-mlock.o)
                              C:/Users/LUIZCA~1/PICO-S~1/TOOLCH~1/14_2_R~1/bin/../lib/gcc/arm-none-eabi/14.2.1/thumb/v6-m/nofp\libg.a(libc_a-mallocr.o) (__malloc_lock)
C:/Users/LUIZCA~1/PICO-S~1/TOOLCH~1/14_2_R~1/bin/../lib/gcc/arm-none-eabi/14.2.1/thumb/v6-m/nofp\libg.a(libc_a-realloc.o)
                              CMakeFiles/displayfuncionando.dir/C_/Users/LUIZ_CARLOS/.pico-sdk/sdk/2.2.0/src/rp2_common/pico_malloc/malloc.c.obj (realloc)
C:/Users/LUIZCA~1/PICO-S~1/TOOLCH~1/14_2_R~1/bin/../lib/gcc/arm-none-eabi/14.2.1/thumb/v6-m/nofp\libg.a(libc_a-reallocr.o)
                              C:/Users/LUIZCA~1/PICO-S~1/TOOLCH~1/14_2_R~1/bin/../lib/gcc/arm-none-eabi/14.2.1/thumb/v6-m/nofp\libg.a(libc_a-realloc.o) (_realloc_r)
C:/Users/LUIZCA~1/PICO-S~1/TOOLCH~1/14_2_R~1/bin/../lib/gcc/arm-none-eabi/14.2.1/thumb/v6-m/nofp\libg.a(libc_a-strtol.o)
                              C:/Users/LUIZCA~1/PICO-S~1/TOOLCH~1/14_2_R~1/bin/../lib/gcc/arm-none-eabi/14.2.1/thumb/v6-m/nofp\libg.a(libc_a-atoi.o) (_strtol_r)
C:/Users/LUIZCA~1/PICO-S~1/TOOLCH~1/14_2_R~1/bin/../lib/gcc/arm-none-eabi/14.2.1/thumb/v6-m/nofp\libg.a(libc_a-ctype_.o)
                              CMakeFiles/displayfuncionando.dir/inc/ssd1306_i2c.c.obj (_ctype_)
C:/Users/LUIZCA~1/PICO-S~1/TOOLCH~1/14_2_R~1/bin/../lib/gcc/arm-none-eabi/14.2.1/thumb/v6-m/nofp\libg.a(libc_a-memcmp.o)
                              CMakeFiles/displayfuncionando.dir/dhcpserver/dhcpserver.c.obj (memcmp)
C:/Users/LUIZCA~1/PICO-S~1/TOOLCH~1/14_2_R~1/bin/../lib/gcc/arm-none-eabi/14.2.1/thumb/v6-m/nofp\libg.a(libc_a-memmove.o)
                              CMakeFiles/displayfuncionando.dir/C_/Users/LUIZ_CARLOS/.pico-sdk/sdk/2.2.0/lib/lwip/src/core/def.c.obj (memmove)
C:/Users/LUIZCA~1/PICO-S~1/TOOLCH~1/14_2_R~1/bin/../lib/gcc/arm-none-eabi/14.2.1/thumb/v6-m/nofp\libg.a(libc_a-strncmp.o)
                              CMakeFiles/displayfuncionando.dir/C_/Users/LUIZ_CARLOS/.pico-sdk/sdk/2.2.0/lib/lwip/src/core/def.c.obj (strncmp)
C:/Users/LUIZCA~1/PICO-S~1/TOOLCH~1/14_2_R~1/bin/../lib/gcc/arm-none-eabi/14.2.1/thumb/v6-m/nofp\libg.a(libc_a-strstr.o)
                              CMakeFiles/displayfuncionando.dir/src/http_server.c.obj (strstr)
C:/Users/LUIZCA~1/PICO-S~1/TOOLCH~1/14_2_R~1/bin/../lib/gcc/arm-none-eabi/14.2.1/thumb/v6-m/nofp\libg.a(libc_a-lcltime_r.o)
                              CMakeFiles/displayfuncionando.dir/C_/Users/LUIZ_CARLOS/.pico-sdk/sdk/2.2.0/src/common/pico_util/datetime.c.obj (localtime_r)
C:/Users/LUIZCA~1/PICO-S~1/TOOLCH~1/14_2_R~1/bin/../lib/gcc/arm-none-eabi/14.2.1/thumb/v6-m/nofp\libg.a(libc_a-mktime.o)
                              CMakeFiles/displayfuncionando.dir/C_/Users/LUIZ_CARLOS/.pico-sdk/sdk/2.2.0/src/common/pico_util/datetime.c.obj (mktime)
C:/Users/LUIZCA~1/PICO-S~1/TOOLCH~1/14_2_R~1/bin/../lib/gcc/arm-none-eabi/14.2.1/thumb/v6-m/nofp\libg.a(libc_a-month_lengths.o)
                              C:/Users/LUIZCA~1/PICO-S~1/TOOLCH~1/14_2_R~1/bin/../lib/gcc/arm-none-eabi/14.2.1/thumb/v6-m/nofp\libg.a(libc_a-lcltime_r.o) (__month_lengths)
[...]
Memory Configuration

Name             Origin             Length             Attributes
FLASH            0x10000000         0x00200000         xr
RAM              0x20000000         0x00040000         xrw
SCRATCH_X        0x20040000         0x00001000         xrw
SCRATCH_Y        0x20041000         0x00001000         xrw
*default*        0x00000000         0xffffffff

Linker script and memory map

LOAD C:/Users/LUIZCA~1/PICO-S~1/TOOLCH~1/14_2_R~1/bin/../lib/gcc/arm-none-eabi/14.2.1/thumb/v6-m/nofp/crti.o
LOAD C:/Users/LUIZCA~1/PICO-S~1/TOOLCH~1/14_2_R~1/bin/../lib/gcc/arm-none-eabi/14.2.1/thumb/v6-m/nofp/crtbegin.o
LOAD C:/Users/LUIZCA~1/PICO-S~1/TOOLCH~1/14_2_R~1/bin/../lib/gcc/arm-none-eabi/14.2.1/thumb/v6-m/nofp/crt0.o

.flash_begin    0x10000000        0x0
                0x10000000                        __flash_binary_start = .

.boot2          0x10000000      0x100
                0x10000000                        __boot2_start__ = .
 *(.boot2)
 .boot2         0x10000000      0x100 pico-sdk/src/rp2040/boot_stage2/CMakeFiles/bs2_default_library.dir/./bs2_default_padded_checksummed.S.obj
                0x10000100                        __boot2_end__ = .
                0x00000001                        ASSERT (((__boot2_end__ - __boot2_start__) == 0x100), ERROR: Pico second stage bootloader must be 256 bytes in size)

.text           0x10000100    0x188bc
                0x10000100                        __logical_binary_start = .
 *(.vectors)
 .vectors       0x10000100       0xd4 CMakeFiles/displayfuncionando.dir/C_/Users/LUIZ_CARLOS/.pico-sdk/sdk/2.2.0/src/rp2_common/pico_crt0/crt0.S.obj
                0x10000100                __VECTOR_TABLE
                0x10000100                __vectors
                0x100001c0                isr_irq13
                0x100001c0                isr_irq27
                0x100001c0                isr_irq31
                0x100001c0                isr_irq12
                0x100001c0                isr_irq5
                0x100001c0                isr_irq11
                0x100001c0                isr_irq3
                0x100001c0                isr_irq23
                0x100001c0                __unhandled_user_irq
                0x100001c0                isr_irq26
                0x100001c0                isr_irq28
                0x100001c0                isr_irq19
                0x100001c0                isr_irq0
                0x100001c0                isr_irq6
                0x100001c0                isr_irq29
                0x100001c0                isr_irq16
                0x100001c0                isr_irq22
                0x100001c0                isr_irq18
                0x100001c0                isr_irq17
                0x100001c0                isr_irq14
                0x100001c0                __vectors_end
                0x100001c0                __default_isrs_start
                0x100001c0                isr_irq2
                0x100001c0                isr_irq10
                0x100001c0                isr_irq8
                0x100001c0                isr_irq24
                0x100001c0                isr_irq1
                0x100001c0                isr_irq7
                0x100001c0                isr_irq21
                0x100001c0                isr_irq20
                0x100001c0                isr_irq15
                0x100001c0                isr_irq25
                0x100001c0                isr_irq4
                0x100001c0                isr_irq30
                0x100001c0                isr_irq9
                0x100001c6                unhandled_user_irq_num_in_r0
                0x100001c8                isr_invalid
                0x100001ca                isr_nmi
                0x100001cc                isr_hardfault
                0x100001ce                isr_svcall
                0x100001d0                isr_pendsv
                0x100001d2                isr_systick
                0x100001d4                __default_isrs_end
 *(.binary_info_header)
 .binary_info_header
                0x100001d4       0x14 CMakeFiles/displayfuncionando.dir/C_/Users/LUIZ_CARLOS/.pico-sdk/sdk/2.2.0/src/rp2_common/pico_crt0/crt0.S.obj
                0x100001e8                        __binary_info_header_end = .
 *(.embedded_block)
                0x100001e8                        __embedded_block_end = .
 *(.reset)
 .reset         0x100001e8       0x9c CMakeFiles/displayfuncionando.dir/C_/Users/LUIZ_CARLOS/.pico-sdk/sdk/2.2.0/src/rp2_common/pico_crt0/crt0.S.obj
                0x100001e8                _entry_point
 *(.init)
 .init          0x10000284        0x4 C:/Users/LUIZCA~1/PICO-S~1/TOOLCH~1/14_2_R~1/bin/../lib/gcc/arm-none-eabi/14.2.1/thumb/v6-m/nofp/crti.o
                0x10000284                _init
 *(EXCLUDE_FILE(*libm.a: *libc.a:*lib_a-mem*.o *libgcc.a:) .text*)
 .text.register_tm_clones
                0x10000288       0x28 C:/Users/LUIZCA~1/PICO-S~1/TOOLCH~1/14_2_R~1/bin/../lib/gcc/arm-none-eabi/14.2.1/thumb/v6-m/nofp/crtbegin.o
 .text.frame_dummy
                0x100002b0       0x24 C:/Users/LUIZCA~1/PICO-S~1/TOOLCH~1/14_2_R~1/bin/../lib/gcc/arm-none-eabi/14.2.1/thumb/v6-m/nofp/crtbegin.o
 .text.servo_init
                0x100002d4       0x38 CMakeFiles/displayfuncionando.dir/main.c.obj
                0x100002d4                servo_init
 .text.buzzer_init_pwm
                0x1000030c       0x84 CMakeFiles/displayfuncionando.dir/main.c.obj
                0x1000030c                buzzer_init_pwm
 .text.startup.main
                0x10000390      0x610 CMakeFiles/displayfuncionando.dir/main.c.obj
                0x10000390                main
 .text.display_init
                0x100009a0       0x84 CMakeFiles/displayfuncionando.dir/src/display.c.obj
                0x100009a0                display_init
 .text.sensor_init
                0x10000a24       0x9c CMakeFiles/displayfuncionando.dir/src/sensor.c.obj
                0x10000a24                sensor_init
 .text.sensor_read_distance
                0x10000ac0        0x8 CMakeFiles/displayfuncionando.dir/src/sensor.c.obj
                0x10000ac0                sensor_read_distance
 .text.ssd1306_init
                0x10000ac8       0x58 CMakeFiles/displayfuncionando.dir/inc/ssd1306_i2c.c.obj
                0x10000ac8                ssd1306_init
 .text.ssd1306_draw_string
                0x10000b20       0xd8 CMakeFiles/displayfuncionando.dir/inc/ssd1306_i2c.c.obj
                0x10000b20                ssd1306_draw_string
 .text.ssd1306_config
                0x10000bf8      0x1d0 CMakeFiles/displayfuncionando.dir/inc/ssd1306_i2c.c.obj
                0x10000bf8                ssd1306_config
 .text.ssd1306_init_bm
                0x10000dc8       0x34 CMakeFiles/displayfuncionando.dir/inc/ssd1306_i2c.c.obj
                0x10000dc8                ssd1306_init_bm
 .text.ssd1306_send_data
                0x10000dfc       0x8c CMakeFiles/displayfuncionando.dir/inc/ssd1306_i2c.c.obj
                0x10000dfc                ssd1306_send_data
 .text.vl53l0x_init
                0x10000e88      0x454 CMakeFiles/displayfuncionando.dir/inc/vl53l0x.c.obj
                0x10000e88                vl53l0x_init
 .text.vl53l0x_start_continuous
                0x100012dc      0x108 CMakeFiles/displayfuncionando.dir/inc/vl53l0x.c.obj
                0x100012dc                vl53l0x_start_continuous
 .text.vl53l0x_read_range_continuous_millimeters
                0x100013e4       0xe0 CMakeFiles/displayfuncionando.dir/inc/vl53l0x.c.obj
                0x100013e4                vl53l0x_read_range_continuous_millimeters
 .text.sensor_ultrasonico_init
                0x100014c4       0x28 CMakeFiles/displayfuncionando.dir/src/sensor_ultrasonico.c.obj
                0x100014c4                sensor_ultrasonico_init
 .text.sensor_ultrasonico_ler_distancia_cm
                0x100014ec       0xdc CMakeFiles/displayfuncionando.dir/src/sensor_ultrasonico.c.obj
                0x100014ec                sensor_ultrasonico_ler_distancia_cm
 .text.wifi_ap_init
                0x100015c8       0x80 CMakeFiles/displayfuncionando.dir/src/wifi_ap.c.obj
                0x100015c8                wifi_ap_init
 .text.http_accept_callback
                0x10001648       0x14 CMakeFiles/displayfuncionando.dir/src/http_server.c.obj
 .text.http_recv_callback
                0x1000165c      0x138 CMakeFiles/displayfuncionando.dir/src/http_server.c.obj
 .text.http_server_init
                0x10001794       0x3c CMakeFiles/displayfuncionando.dir/src/http_server.c.obj
                0x10001794                http_server_init
 .text.dhcp_server_process
                0x100017d0      0x654 CMakeFiles/displayfuncionando.dir/dhcpserver/dhcpserver.c.obj
 .text.dhcp_server_init
                0x10001e24       0x3c CMakeFiles/displayfuncionando.dir/dhcpserver/dhcpserver.c.obj
                0x10001e24                dhcp_server_init
 .text.dns_server_process
                0x10001e60      0x144 CMakeFiles/displayfuncionando.dir/dnsserver/dnsserver.c.obj
 .text.dns_server_init
                0x10001fa4       0x48 CMakeFiles/displayfuncionando.dir/dnsserver/dnsserver.c.obj
                0x10001fa4                dns_server_init
 .text.gpio_set_function
                0x10001fec       0x34 CMakeFiles/displayfuncionando.dir/C_/Users/LUIZ_CARLOS/.pico-sdk/sdk/2.2.0/src/rp2_common/hardware_gpio/gpio.c.obj
                0x10001fec                gpio_set_function
 .text.gpio_set_pulls
                0x10002020       0x28 CMakeFiles/displayfuncionando.dir/C_/Users/LUIZ_CARLOS/.pico-sdk/sdk/2.2.0/src/rp2_common/hardware_gpio/gpio.c.obj
                0x10002020                gpio_set_pulls
 .text.gpio_set_input_hysteresis_enabled
                0x10002048       0x28 CMakeFiles/displayfuncionando.dir/C_/Users/LUIZ_CARLOS/.pico-sdk/sdk/2.2.0/src/rp2_common/hardware_gpio/gpio.c.obj
                0x10002048                gpio_set_input_hysteresis_enabled
 .text.gpio_set_irq_enabled
                0x10002070       0x58 CMakeFiles/displayfuncionando.dir/C_/Users/LUIZ_CARLOS/.pico-sdk/sdk/2.2.0/src/rp2_common/hardware_gpio/gpio.c.obj
                0x10002070                gpio_set_irq_enabled
 .text.gpio_add_raw_irq_handler_with_order_priority_masked
                0x100020c8       0x44 CMakeFiles/displayfuncionando.dir/C_/Users/LUIZ_CARLOS/.pico-sdk/sdk/2.2.0/src/rp2_common/hardware_gpio/gpio.c.obj
                0x100020c8                gpio_add_raw_irq_handler_with_order_priority_masked
 .text.gpio_remove_raw_irq_handler_masked
                0x1000210c       0x20 CMakeFiles/displayfuncionando.dir/C_/Users/LUIZ_CARLOS/.pico-sdk/sdk/2.2.0/src/rp2_common/hardware_gpio/gpio.c.obj
                0x1000210c                gpio_remove_raw_irq_handler_masked
 .text.gpio_init
                0x1000212c       0x40 CMakeFiles/displayfuncionando.dir/C_/Users/LUIZ_CARLOS/.pico-sdk/sdk/2.2.0/src/rp2_common/hardware_gpio/gpio.c.obj
                0x1000212c                gpio_init
 .text.rp2040_chip_version
                0x1000216c        0xc CMakeFiles/displayfuncionando.dir/C_/Users/LUIZ_CARLOS/.pico-sdk/sdk/2.2.0/src/rp2040/pico_platform/platform.c.obj
                0x1000216c                rp2040_chip_version
 .text.panic    0x10002178       0x30 CMakeFiles/displayfuncionando.dir/C_/Users/LUIZ_CARLOS/.pico-sdk/sdk/2.2.0/src/rp2_common/pico_platform_panic/panic.c.obj
                0x10002178                panic
 .text.hw_claim_lock
                0x100021a8       0x18 CMakeFiles/displayfuncionando.dir/C_/Users/LUIZ_CARLOS/.pico-sdk/sdk/2.2.0/src/common/hardware_claim/claim.c.obj
                0x100021a8                hw_claim_lock
 .text.hw_claim_unlock
                0x100021c0       0x14 CMakeFiles/displayfuncionando.dir/C_/Users/LUIZ_CARLOS/.pico-sdk/sdk/2.2.0/src/common/hardware_claim/claim.c.obj
                0x100021c0                hw_claim_unlock
 .text.hw_claim_or_assert
                0x100021d4       0x44 CMakeFiles/displayfuncionando.dir/C_/Users/LUIZ_CARLOS/.pico-sdk/sdk/2.2.0/src/common/hardware_claim/claim.c.obj
                0x100021d4                hw_claim_or_assert
 .text.hw_claim_unused_from_range
                0x10002218       0x88 CMakeFiles/displayfuncionando.dir/C_/Users/LUIZ_CARLOS/.pico-sdk/sdk/2.2.0/src/common/hardware_claim/claim.c.obj
                0x10002218                hw_claim_unused_from_range
 .text.hw_claim_clear
                0x100022a0       0x38 CMakeFiles/displayfuncionando.dir/C_/Users/LUIZ_CARLOS/.pico-sdk/sdk/2.2.0/src/common/hardware_claim/claim.c.obj
                0x100022a0                hw_claim_clear
 .text.next_striped_spin_lock_num
                0x100022d8       0x18 CMakeFiles/displayfuncionando.dir/C_/Users/LUIZ_CARLOS/.pico-sdk/sdk/2.2.0/src/rp2_common/hardware_sync/sync.c.obj
                0x100022d8                next_striped_spin_lock_num
 .text.spin_lock_claim_unused
                0x100022f0       0x24 CMakeFiles/displayfuncionando.dir/C_/Users/LUIZ_CARLOS/.pico-sdk/sdk/2.2.0/src/rp2_common/hardware_sync/sync.c.obj
                0x100022f0                spin_lock_claim_unused
 .text.spin_locks_reset
                0x10002314       0x1c CMakeFiles/displayfuncionando.dir/C_/Users/LUIZ_CARLOS/.pico-sdk/sdk/2.2.0/src/rp2_common/hardware_sync_spin_lock/sync_spin_lock.c.obj
                0x10002314                spin_locks_reset
 .text.runtime_init_per_core_irq_priorities
                0x10002330       0x24 CMakeFiles/displayfuncionando.dir/C_/Users/LUIZ_CARLOS/.pico-sdk/sdk/2.2.0/src/rp2_common/hardware_irq/irq.c.obj
                0x10002330                runtime_init_per_core_irq_priorities
 .text.irq_set_enabled
                0x10002354       0x24 CMakeFiles/displayfuncionando.dir/C_/Users/LUIZ_CARLOS/.pico-sdk/sdk/2.2.0/src/rp2_common/hardware_irq/irq.c.obj
                0x10002354                irq_set_enabled
 .text.irq_is_enabled
                0x10002378       0x18 CMakeFiles/displayfuncionando.dir/C_/Users/LUIZ_CARLOS/.pico-sdk/sdk/2.2.0/src/rp2_common/hardware_irq/irq.c.obj
                0x10002378                irq_is_enabled
 .text.irq_set_pending
                0x10002390       0x10 CMakeFiles/displayfuncionando.dir/C_/Users/LUIZ_CARLOS/.pico-sdk/sdk/2.2.0/src/rp2_common/hardware_irq/irq.c.obj
                0x10002390                irq_set_pending
 .text.irq_has_shared_handler
                0x100023a0       0x24 CMakeFiles/displayfuncionando.dir/C_/Users/LUIZ_CARLOS/.pico-sdk/sdk/2.2.0/src/rp2_common/hardware_irq/irq.c.obj
                0x100023a0                irq_has_shared_handler
 .text.irq_set_exclusive_handler
                0x100023c4       0x54 CMakeFiles/displayfuncionando.dir/C_/Users/LUIZ_CARLOS/.pico-sdk/sdk/2.2.0/src/rp2_common/hardware_irq/irq.c.obj
                0x100023c4                irq_set_exclusive_handler
 .text.irq_add_shared_handler
                0x10002418      0x1f4 CMakeFiles/displayfuncionando.dir/C_/Users/LUIZ_CARLOS/.pico-sdk/sdk/2.2.0/src/rp2_common/hardware_irq/irq.c.obj
                0x10002418                irq_add_shared_handler
 .text.irq_remove_handler
                0x1000260c      0x1d4 CMakeFiles/displayfuncionando.dir/C_/Users/LUIZ_CARLOS/.pico-sdk/sdk/2.2.0/src/rp2_common/hardware_irq/irq.c.obj
                0x1000260c                irq_remove_handler
 .text.irq_add_tail_to_free_list
                0x100027e0       0xb4 CMakeFiles/displayfuncionando.dir/C_/Users/LUIZ_CARLOS/.pico-sdk/sdk/2.2.0/src/rp2_common/hardware_irq/irq.c.obj
                0x100027e0                irq_add_tail_to_free_list
 .text.user_irq_claim_unused
                0x10002894       0x2c CMakeFiles/displayfuncionando.dir/C_/Users/LUIZ_CARLOS/.pico-sdk/sdk/2.2.0/src/rp2_common/hardware_irq/irq.c.obj
                0x10002894                user_irq_claim_unused
 .text.sem_init
                0x100028c0       0x20 CMakeFiles/displayfuncionando.dir/C_/Users/LUIZ_CARLOS/.pico-sdk/sdk/2.2.0/src/common/pico_sync/sem.c.obj
                0x100028c0                sem_init
 .text.lock_init
                0x100028e0       0x10 CMakeFiles/displayfuncionando.dir/C_/Users/LUIZ_CARLOS/.pico-sdk/sdk/2.2.0/src/common/pico_sync/lock_core.c.obj
                0x100028e0                lock_init
 .text.runtime_init_mutex
                0x100028f0       0x50 CMakeFiles/displayfuncionando.dir/C_/Users/LUIZ_CARLOS/.pico-sdk/sdk/2.2.0/src/common/pico_sync/mutex.c.obj
                0x100028f0                runtime_init_mutex
 .text.mutex_init
                0x10002940       0x1c CMakeFiles/displayfuncionando.dir/C_/Users/LUIZ_CARLOS/.pico-sdk/sdk/2.2.0/src/common/pico_sync/mutex.c.obj
                0x10002940                mutex_init
 .text.critical_section_init
                0x1000295c       0x1c CMakeFiles/displayfuncionando.dir/C_/Users/LUIZ_CARLOS/.pico-sdk/sdk/2.2.0/src/common/pico_sync/critical_section.c.obj
                0x1000295c                critical_section_init
 .text.critical_section_init_with_lock_num
                0x10002978       0x14 CMakeFiles/displayfuncionando.dir/C_/Users/LUIZ_CARLOS/.pico-sdk/sdk/2.2.0/src/common/pico_sync/critical_section.c.obj
                0x10002978                critical_section_init_with_lock_num
 .text.sleep_until_callback
                0x1000298c       0x30 CMakeFiles/displayfuncionando.dir/C_/Users/LUIZ_CARLOS/.pico-sdk/sdk/2.2.0/src/common/pico_time/time.c.obj
 .text.alarm_pool_irq_handler
                0x100029bc      0x300 CMakeFiles/displayfuncionando.dir/C_/Users/LUIZ_CARLOS/.pico-sdk/sdk/2.2.0/src/common/pico_time/time.c.obj
 .text.runtime_init_default_alarm_pool
                0x10002cbc       0xdc CMakeFiles/displayfuncionando.dir/C_/Users/LUIZ_CARLOS/.pico-sdk/sdk/2.2.0/src/common/pico_time/time.c.obj
                0x10002cbc                runtime_init_default_alarm_pool
 .text.alarm_pool_get_default
                0x10002d98        0x8 CMakeFiles/displayfuncionando.dir/C_/Users/LUIZ_CARLOS/.pico-sdk/sdk/2.2.0/src/common/pico_time/time.c.obj
                0x10002d98                alarm_pool_get_default
 .text.alarm_pool_add_alarm_at
                0x10002da0       0xd0 CMakeFiles/displayfuncionando.dir/C_/Users/LUIZ_CARLOS/.pico-sdk/sdk/2.2.0/src/common/pico_time/time.c.obj
                0x10002da0                alarm_pool_add_alarm_at
 .text.alarm_pool_add_alarm_at_force_in_context
                0x10002e70       0xb0 CMakeFiles/displayfuncionando.dir/C_/Users/LUIZ_CARLOS/.pico-sdk/sdk/2.2.0/src/common/pico_time/time.c.obj
                0x10002e70                alarm_pool_add_alarm_at_force_in_context
 .text.alarm_pool_cancel_alarm
                0x10002f20       0x74 CMakeFiles/displayfuncionando.dir/C_/Users/LUIZ_CARLOS/.pico-sdk/sdk/2.2.0/src/common/pico_time/time.c.obj
                0x10002f20                alarm_pool_cancel_alarm
 .text.alarm_pool_core_num
                0x10002f94        0x4 CMakeFiles/displayfuncionando.dir/C_/Users/LUIZ_CARLOS/.pico-sdk/sdk/2.2.0/src/common/pico_time/time.c.obj
                0x10002f94                alarm_pool_core_num
 .text.sleep_until
                0x10002f98       0xd0 CMakeFiles/displayfuncionando.dir/C_/Users/LUIZ_CARLOS/.pico-sdk/sdk/2.2.0/src/common/pico_time/time.c.obj
                0x10002f98                sleep_until
 .text.sleep_us
                0x10003068       0xec CMakeFiles/displayfuncionando.dir/C_/Users/LUIZ_CARLOS/.pico-sdk/sdk/2.2.0/src/common/pico_time/time.c.obj
                0x10003068                sleep_us
 .text.sleep_ms
                0x10003154       0xfc CMakeFiles/displayfuncionando.dir/C_/Users/LUIZ_CARLOS/.pico-sdk/sdk/2.2.0/src/common/pico_time/time.c.obj
                0x10003154                sleep_ms
 .text.best_effort_wfe_or_timeout
                0x10003250      0x10c CMakeFiles/displayfuncionando.dir/C_/Users/LUIZ_CARLOS/.pico-sdk/sdk/2.2.0/src/common/pico_time/time.c.obj
                0x10003250                best_effort_wfe_or_timeout
 .text.timer_hardware_alarm_claim
                0x1000335c       0x14 CMakeFiles/displayfuncionando.dir/C_/Users/LUIZ_CARLOS/.pico-sdk/sdk/2.2.0/src/rp2_common/hardware_timer/timer.c.obj
                0x1000335c                timer_hardware_alarm_claim
 .text.timer_time_us_64
                0x10003370       0x10 CMakeFiles/displayfuncionando.dir/C_/Users/LUIZ_CARLOS/.pico-sdk/sdk/2.2.0/src/rp2_common/hardware_timer/timer.c.obj
                0x10003370                timer_time_us_64
 .text.time_us_64
                0x10003380       0x14 CMakeFiles/displayfuncionando.dir/C_/Users/LUIZ_CARLOS/.pico-sdk/sdk/2.2.0/src/rp2_common/hardware_timer/timer.c.obj
                0x10003380                time_us_64
 .text.busy_wait_until
                0x10003394       0x20 CMakeFiles/displayfuncionando.dir/C_/Users/LUIZ_CARLOS/.pico-sdk/sdk/2.2.0/src/rp2_common/hardware_timer/timer.c.obj
                0x10003394                busy_wait_until
 .text.clock_configure_int_divider
                0x100033b4       0xf4 CMakeFiles/displayfuncionando.dir/C_/Users/LUIZ_CARLOS/.pico-sdk/sdk/2.2.0/src/rp2_common/hardware_clocks/clocks.c.obj
                0x100033b4                clock_configure_int_divider
 .text.clock_configure_undivided
                0x100034a8       0xe8 CMakeFiles/displayfuncionando.dir/C_/Users/LUIZ_CARLOS/.pico-sdk/sdk/2.2.0/src/rp2_common/hardware_clocks/clocks.c.obj
                0x100034a8                clock_configure_undivided
 .text.clock_get_hz
                0x10003590        0xc CMakeFiles/displayfuncionando.dir/C_/Users/LUIZ_CARLOS/.pico-sdk/sdk/2.2.0/src/rp2_common/hardware_clocks/clocks.c.obj
                0x10003590                clock_get_hz
 .text.pll_init
                0x1000359c       0xa4 CMakeFiles/displayfuncionando.dir/C_/Users/LUIZ_CARLOS/.pico-sdk/sdk/2.2.0/src/rp2_common/hardware_pll/pll.c.obj
                0x1000359c                pll_init
 .text.watchdog_reboot
                0x10003640       0x9c CMakeFiles/displayfuncionando.dir/C_/Users/LUIZ_CARLOS/.pico-sdk/sdk/2.2.0/src/rp2_common/hardware_watchdog/watchdog.c.obj
                0x10003640                watchdog_reboot
 .text.tick_start
                0x100036dc       0x10 CMakeFiles/displayfuncionando.dir/C_/Users/LUIZ_CARLOS/.pico-sdk/sdk/2.2.0/src/rp2_common/hardware_ticks/ticks.c.obj
                0x100036dc                tick_start
 .text.rom_func_lookup
                0x100036ec       0x10 CMakeFiles/displayfuncionando.dir/C_/Users/LUIZ_CARLOS/.pico-sdk/sdk/2.2.0/src/rp2_common/pico_bootrom/bootrom.c.obj
                0x100036ec                rom_func_lookup
 .text.rom_data_lookup
                0x100036fc       0x10 CMakeFiles/displayfuncionando.dir/C_/Users/LUIZ_CARLOS/.pico-sdk/sdk/2.2.0/src/rp2_common/pico_bootrom/bootrom.c.obj
                0x100036fc                rom_data_lookup
 .text.rom_funcs_lookup
                0x1000370c       0x44 CMakeFiles/displayfuncionando.dir/C_/Users/LUIZ_CARLOS/.pico-sdk/sdk/2.2.0/src/rp2_common/pico_bootrom/bootrom.c.obj
                0x1000370c                rom_funcs_lookup
 .text.rom_reset_usb_boot_extra
                0x10003750       0x24 CMakeFiles/displayfuncionando.dir/C_/Users/LUIZ_CARLOS/.pico-sdk/sdk/2.2.0/src/rp2_common/pico_bootrom/bootrom.c.obj
                0x10003750                rom_reset_usb_boot_extra
 .text.xosc_init
                0x10003774       0x28 CMakeFiles/displayfuncionando.dir/C_/Users/LUIZ_CARLOS/.pico-sdk/sdk/2.2.0/src/rp2_common/hardware_xosc/xosc.c.obj
                0x10003774                xosc_init
 .text.first_per_core_initializer
                0x1000379c        0x4 CMakeFiles/displayfuncionando.dir/C_/Users/LUIZ_CARLOS/.pico-sdk/sdk/2.2.0/src/rp2_common/pico_runtime/runtime.c.obj
 .text.hard_assertion_failure
                0x100037a0        0xc CMakeFiles/displayfuncionando.dir/C_/Users/LUIZ_CARLOS/.pico-sdk/sdk/2.2.0/src/rp2_common/pico_runtime/runtime.c.obj
                0x100037a0                hard_assertion_failure
 .text.runtime_run_initializers
                0x100037ac       0x28 CMakeFiles/displayfuncionando.dir/C_/Users/LUIZ_CARLOS/.pico-sdk/sdk/2.2.0/src/rp2_common/pico_runtime/runtime.c.obj
                0x100037ac                runtime_run_initializers
 .text.runtime_init_early_resets
                0x100037d4       0x2c CMakeFiles/displayfuncionando.dir/C_/Users/LUIZ_CARLOS/.pico-sdk/sdk/2.2.0/src/rp2_common/pico_runtime_init/runtime_init.c.obj
                0x100037d4                runtime_init_early_resets
 .text.runtime_init_usb_power_down
                0x10003800       0x1c CMakeFiles/displayfuncionando.dir/C_/Users/LUIZ_CARLOS/.pico-sdk/sdk/2.2.0/src/rp2_common/pico_runtime_init/runtime_init.c.obj
                0x10003800                runtime_init_usb_power_down
 .text.runtime_init_post_clock_resets
                0x1000381c       0x20 CMakeFiles/displayfuncionando.dir/C_/Users/LUIZ_CARLOS/.pico-sdk/sdk/2.2.0/src/rp2_common/pico_runtime_init/runtime_init.c.obj
                0x1000381c                runtime_init_post_clock_resets
 .text.runtime_init_rp2040_gpio_ie_disable
                0x1000383c       0x14 CMakeFiles/displayfuncionando.dir/C_/Users/LUIZ_CARLOS/.pico-sdk/sdk/2.2.0/src/rp2_common/pico_runtime_init/runtime_init.c.obj
                0x1000383c                runtime_init_rp2040_gpio_ie_disable
 .text.runtime_init_spin_locks_reset
                0x10003850        0x8 CMakeFiles/displayfuncionando.dir/C_/Users/LUIZ_CARLOS/.pico-sdk/sdk/2.2.0/src/rp2_common/pico_runtime_init/runtime_init.c.obj
                0x10003850                runtime_init_spin_locks_reset
 .text.runtime_init_install_ram_vector_table
                0x10003858       0xb4 CMakeFiles/displayfuncionando.dir/C_/Users/LUIZ_CARLOS/.pico-sdk/sdk/2.2.0/src/rp2_common/pico_runtime_init/runtime_init.c.obj
                0x10003858                runtime_init_install_ram_vector_table
 .text.runtime_init_clocks
                0x1000390c       0xd8 CMakeFiles/displayfuncionando.dir/C_/Users/LUIZ_CARLOS/.pico-sdk/sdk/2.2.0/src/rp2_common/pico_runtime_init/runtime_init_clocks.c.obj
                0x1000390c                runtime_init_clocks
 .text          0x100039e4       0x10 CMakeFiles/displayfuncionando.dir/C_/Users/LUIZ_CARLOS/.pico-sdk/sdk/2.2.0/src/rp2_common/pico_bit_ops/bit_ops_aeabi.S.obj
 .text.ctzsi    0x100039f4        0xc CMakeFiles/displayfuncionando.dir/C_/Users/LUIZ_CARLOS/.pico-sdk/sdk/2.2.0/src/rp2_common/pico_bit_ops/bit_ops_aeabi.S.obj
                0x100039f4                __wrap___ctzsi2
 .text.__wrap___aeabi_idiv
                0x10003a00       0x50 CMakeFiles/displayfuncionando.dir/C_/Users/LUIZ_CARLOS/.pico-sdk/sdk/2.2.0/src/rp2_common/pico_divider/divider_hardware.S.obj
                0x10003a00                __wrap___aeabi_idivmod
                0x10003a00                divmod_s32s32
                0x10003a00                div_s32s32
                0x10003a00                __wrap___aeabi_idiv
                0x10003a08                divmod_s32s32_unsafe
                0x10003a34                divmod_s32s32_savestate
 .text.__wrap___aeabi_uidiv
                0x10003a50       0x4c CMakeFiles/displayfuncionando.dir/C_/Users/LUIZ_CARLOS/.pico-sdk/sdk/2.2.0/src/rp2_common/pico_divider/divider_hardware.S.obj
                0x10003a50                __wrap___aeabi_uidiv
                0x10003a50                __wrap___aeabi_uidivmod
                0x10003a50                div_u32u32
                0x10003a50                divmod_u32u32
                0x10003a58                divmod_u32u32_unsafe
                0x10003a80                divmod_u32u32_savestate
 .text.__wrap___aeabi_ldiv
                0x10003a9c      0x424 CMakeFiles/displayfuncionando.dir/C_/Users/LUIZ_CARLOS/.pico-sdk/sdk/2.2.0/src/rp2_common/pico_divider/divider_hardware.S.obj
                0x10003a9c                div_s64s64
                0x10003a9c                divmod_s64s64
                0x10003a9c                __wrap___aeabi_ldivmod
                0x10003acc                divmod_u64u64
                0x10003acc                div_u64u64
                0x10003acc                __wrap___aeabi_uldivmod
                0x10003adc                divmod_u64u64_savestate
                0x10003afc                divmod_s64s64_unsafe
                0x10003b84                divmod_u64u64_unsafe
 .text.__wrap___aeabi_darithmetic
                0x10003ec0       0x60 CMakeFiles/displayfuncionando.dir/C_/Users/LUIZ_CARLOS/.pico-sdk/sdk/2.2.0/src/rp2_common/pico_double/double_aeabi_rp2040.S.obj
                0x10003ec0                __wrap___aeabi_drsub
                0x10003ec6                __wrap___aeabi_dsub
                0x10003ed0                __wrap___aeabi_dadd
                0x10003eda                __wrap___aeabi_ddiv
                0x10003f0e                __wrap___aeabi_dmul
 .text.__wrap___aeabi_cdcmple
                0x10003f20       0x6c CMakeFiles/displayfuncionando.dir/C_/Users/LUIZ_CARLOS/.pico-sdk/sdk/2.2.0/src/rp2_common/pico_double/double_aeabi_rp2040.S.obj
                0x10003f20                __wrap___aeabi_cdrcmple
                0x10003f30                __wrap___aeabi_cdcmpeq
                0x10003f30                __wrap___aeabi_cdcmple
 .text.__wrap___aeabi_dcmplt
                0x10003f8c        0xc CMakeFiles/displayfuncionando.dir/C_/Users/LUIZ_CARLOS/.pico-sdk/sdk/2.2.0/src/rp2_common/pico_double/double_aeabi_rp2040.S.obj
                0x10003f8c                __wrap___aeabi_dcmplt
 .text.__wrap___aeabi_dcmple
                0x10003f98       0x10 CMakeFiles/displayfuncionando.dir/C_/Users/LUIZ_CARLOS/.pico-sdk/sdk/2.2.0/src/rp2_common/pico_double/double_aeabi_rp2040.S.obj
                0x10003f98                __wrap___aeabi_dcmple
 .text.__wrap___aeabi_dcmpge
                0x10003fa8       0x10 CMakeFiles/displayfuncionando.dir/C_/Users/LUIZ_CARLOS/.pico-sdk/sdk/2.2.0/src/rp2_common/pico_double/double_aeabi_rp2040.S.obj
                0x10003fa8                __wrap___aeabi_dcmpge
 .text.__wrap___aeabi_dcmpgt
                0x10003fb8        0xa CMakeFiles/displayfuncionando.dir/C_/Users/LUIZ_CARLOS/.pico-sdk/sdk/2.2.0/src/rp2_common/pico_double/double_aeabi_rp2040.S.obj
                0x10003fb8                __wrap___aeabi_dcmpgt
 .text.__wrap___aeabi_dcmpun
                0x10003fc2       0x18 CMakeFiles/displayfuncionando.dir/C_/Users/LUIZ_CARLOS/.pico-sdk/sdk/2.2.0/src/rp2_common/pico_double/double_aeabi_rp2040.S.obj
                0x10003fc2                __wrap___aeabi_dcmpun
 *fill*         0x10003fda        0x2 
 .text.__wrap___aeabi_i2d
                0x10003fdc       0x38 CMakeFiles/displayfuncionando.dir/C_/Users/LUIZ_CARLOS/.pico-sdk/sdk/2.2.0/src/rp2_common/pico_double/double_aeabi_rp2040.S.obj
                0x10003fdc                uint2double
                0x10003fdc                __wrap___aeabi_ui2d
                0x10003fe4                int2double
                0x10003fe4                __wrap___aeabi_i2d
 .text.__wrap___aeabi_d2iz
                0x10004014       0x48 CMakeFiles/displayfuncionando.dir/C_/Users/LUIZ_CARLOS/.pico-sdk/sdk/2.2.0/src/rp2_common/pico_double/double_aeabi_rp2040.S.obj
                0x10004014                double2int_z
                0x10004014                __wrap___aeabi_d2iz
 .text.__wrap___aeabi_d2uiz
                0x1000405c       0x10 CMakeFiles/displayfuncionando.dir/C_/Users/LUIZ_CARLOS/.pico-sdk/sdk/2.2.0/src/rp2_common/pico_double/double_aeabi_rp2040.S.obj
                0x1000405c                double2uint
                0x1000405c                __wrap___aeabi_d2uiz
                0x1000405c                double2uint_z
 .text.missing_double_func_shim
                0x1000406c        0xc CMakeFiles/displayfuncionando.dir/C_/Users/LUIZ_CARLOS/.pico-sdk/sdk/2.2.0/src/rp2_common/pico_double/double_init_rom_rp2040.c.obj
 .text.__aeabi_double_init
                0x10004078       0xa0 CMakeFiles/displayfuncionando.dir/C_/Users/LUIZ_CARLOS/.pico-sdk/sdk/2.2.0/src/rp2_common/pico_double/double_init_rom_rp2040.c.obj
                0x10004078                __aeabi_double_init
 .text.double_table_shim_on_use_helper
                0x10004118       0x2c CMakeFiles/displayfuncionando.dir/C_/Users/LUIZ_CARLOS/.pico-sdk/sdk/2.2.0/src/rp2_common/pico_double/double_v1_rom_shim_rp2040.S.obj
                0x10004118                double_table_shim_on_use_helper
 .text.__aeabi_lmul
                0x10004144       0x32 CMakeFiles/displayfuncionando.dir/C_/Users/LUIZ_CARLOS/.pico-sdk/sdk/2.2.0/src/rp2_common/pico_int64_ops/pico_int64_ops_aeabi.S.obj
                0x10004144                __wrap___aeabi_lmul
 *fill*         0x10004176        0x2 
 .text.__wrap___aeabi_farithmetic
                0x10004178       0x48 CMakeFiles/displayfuncionando.dir/C_/Users/LUIZ_CARLOS/.pico-sdk/sdk/2.2.0/src/rp2_common/pico_float/float_aeabi_rp2040.S.obj
                0x10004178                __wrap___aeabi_frsub
                0x1000417e                __wrap___aeabi_fsub
                0x10004184                __wrap___aeabi_fadd
                0x1000418a                __wrap___aeabi_fdiv
                0x100041b2                __wrap___aeabi_fmul
 .text.__wrap___aeabi_cfcmple
                0x100041c0       0x50 CMakeFiles/displayfuncionando.dir/C_/Users/LUIZ_CARLOS/.pico-sdk/sdk/2.2.0/src/rp2_common/pico_float/float_aeabi_rp2040.S.obj
                0x100041c0                __wrap___aeabi_cfrcmple
                0x100041cc                __wrap___aeabi_cfcmple
                0x100041cc                __wrap___aeabi_cfcmpeq
 .text.__wrap___aeabi_fcmple
                0x10004210       0x10 CMakeFiles/displayfuncionando.dir/C_/Users/LUIZ_CARLOS/.pico-sdk/sdk/2.2.0/src/rp2_common/pico_float/float_aeabi_rp2040.S.obj
                0x10004210                __wrap___aeabi_fcmple
 .text.__wrap___aeabi_fcmpgt
                0x10004220        0xa CMakeFiles/displayfuncionando.dir/C_/Users/LUIZ_CARLOS/.pico-sdk/sdk/2.2.0/src/rp2_common/pico_float/float_aeabi_rp2040.S.obj
                0x10004220                __wrap___aeabi_fcmpgt
 *fill*         0x1000422a        0x2 
 .text.__wrap___aeabi_i2f
                0x1000422c       0x44 CMakeFiles/displayfuncionando.dir/C_/Users/LUIZ_CARLOS/.pico-sdk/sdk/2.2.0/src/rp2_common/pico_float/float_aeabi_rp2040.S.obj
                0x1000422c                __wrap___aeabi_i2f
                0x1000422c                int2float
 .text.__wrap___aeabi_f2iz
                0x10004270       0x4e CMakeFiles/displayfuncionando.dir/C_/Users/LUIZ_CARLOS/.pico-sdk/sdk/2.2.0/src/rp2_common/pico_float/float_aeabi_rp2040.S.obj
                0x10004270                float2int_z
                0x10004270                __wrap___aeabi_f2iz
 *fill*         0x100042be        0x2 
 .text.float2int
                0x100042c0        0xc CMakeFiles/displayfuncionando.dir/C_/Users/LUIZ_CARLOS/.pico-sdk/sdk/2.2.0/src/rp2_common/pico_float/float_aeabi_rp2040.S.obj
                0x100042c0                float2int
 .text.__wrap___aeabi_f2uiz
                0x100042cc        0xc CMakeFiles/displayfuncionando.dir/C_/Users/LUIZ_CARLOS/.pico-sdk/sdk/2.2.0/src/rp2_common/pico_float/float_aeabi_rp2040.S.obj
                0x100042cc                float2uint_z
                0x100042cc                __wrap___aeabi_f2uiz
                0x100042cc                float2uint
 .text.__wrap___aeabi_l2f
                0x100042d8       0x18 CMakeFiles/displayfuncionando.dir/C_/Users/LUIZ_CARLOS/.pico-sdk/sdk/2.2.0/src/rp2_common/pico_float/float_aeabi_rp2040.S.obj
                0x100042dc                __wrap___aeabi_l2f
                0x100042dc                int642float
 .text.missing_float_func_shim
                0x100042f0        0xc CMakeFiles/displayfuncionando.dir/C_/Users/LUIZ_CARLOS/.pico-sdk/sdk/2.2.0/src/rp2_common/pico_float/float_init_rom_rp2040.c.obj
 .text.__aeabi_float_init
                0x100042fc       0x5c CMakeFiles/displayfuncionando.dir/C_/Users/LUIZ_CARLOS/.pico-sdk/sdk/2.2.0/src/rp2_common/pico_float/float_init_rom_rp2040.c.obj
                0x100042fc                __aeabi_float_init
 .text.__wrap_malloc
                0x10004358       0x24 CMakeFiles/displayfuncionando.dir/C_/Users/LUIZ_CARLOS/.pico-sdk/sdk/2.2.0/src/rp2_common/pico_malloc/malloc.c.obj
                0x10004358                __wrap_malloc
 .text.__wrap_calloc
                0x1000437c       0x28 CMakeFiles/displayfuncionando.dir/C_/Users/LUIZ_CARLOS/.pico-sdk/sdk/2.2.0/src/rp2_common/pico_malloc/malloc.c.obj
                0x1000437c                __wrap_calloc
 .text.__wrap_free
                0x100043a4        0x8 CMakeFiles/displayfuncionando.dir/C_/Users/LUIZ_CARLOS/.pico-sdk/sdk/2.2.0/src/rp2_common/pico_malloc/malloc.c.obj
                0x100043a4                __wrap_free
 .text          0x100043ac       0x10 CMakeFiles/displayfuncionando.dir/C_/Users/LUIZ_CARLOS/.pico-sdk/sdk/2.2.0/src/rp2_common/pico_mem_ops/mem_ops_aeabi.S.obj
                0x100043ac                __aeabi_mem_init
 .text.memset   0x100043bc        0xc CMakeFiles/displayfuncionando.dir/C_/Users/LUIZ_CARLOS/.pico-sdk/sdk/2.2.0/src/rp2_common/pico_mem_ops/mem_ops_aeabi.S.obj
                0x100043bc                __wrap_memset
 .text.memcpy   0x100043c8        0xc CMakeFiles/displayfuncionando.dir/C_/Users/LUIZ_CARLOS/.pico-sdk/sdk/2.2.0/src/rp2_common/pico_mem_ops/mem_ops_aeabi.S.obj
                0x100043c8                __wrap_memcpy
                0x100043c8                __wrap___aeabi_memcpy
 .text._out_buffer
                0x100043d4        0x8 CMakeFiles/displayfuncionando.dir/C_/Users/LUIZ_CARLOS/.pico-sdk/sdk/2.2.0/src/rp2_common/pico_printf/printf.c.obj
 .text._out_null
                0x100043dc        0x4 CMakeFiles/displayfuncionando.dir/C_/Users/LUIZ_CARLOS/.pico-sdk/sdk/2.2.0/src/rp2_common/pico_printf/printf.c.obj
 .text._out_rev
                0x100043e0       0xac CMakeFiles/displayfuncionando.dir/C_/Users/LUIZ_CARLOS/.pico-sdk/sdk/2.2.0/src/rp2_common/pico_printf/printf.c.obj
 .text._ntoa_format
                0x1000448c      0x1cc CMakeFiles/displayfuncionando.dir/C_/Users/LUIZ_CARLOS/.pico-sdk/sdk/2.2.0/src/rp2_common/pico_printf/printf.c.obj
 .text._out_char
                0x10004658       0x10 CMakeFiles/displayfuncionando.dir/C_/Users/LUIZ_CARLOS/.pico-sdk/sdk/2.2.0/src/rp2_common/pico_printf/printf.c.obj
 .text._out_fct
                0x10004668       0x10 CMakeFiles/displayfuncionando.dir/C_/Users/LUIZ_CARLOS/.pico-sdk/sdk/2.2.0/src/rp2_common/pico_printf/printf.c.obj
 .text._ftoa    0x10004678      0x4a8 CMakeFiles/displayfuncionando.dir/C_/Users/LUIZ_CARLOS/.pico-sdk/sdk/2.2.0/src/rp2_common/pico_printf/printf.c.obj
 .text._etoa    0x10004b20      0x57c CMakeFiles/displayfuncionando.dir/C_/Users/LUIZ_CARLOS/.pico-sdk/sdk/2.2.0/src/rp2_common/pico_printf/printf.c.obj
 .text._vsnprintf
                0x1000509c      0xbe0 CMakeFiles/displayfuncionando.dir/C_/Users/LUIZ_CARLOS/.pico-sdk/sdk/2.2.0/src/rp2_common/pico_printf/printf.c.obj
 .text.__wrap_sprintf
                0x10005c7c       0x2c CMakeFiles/displayfuncionando.dir/C_/Users/LUIZ_CARLOS/.pico-sdk/sdk/2.2.0/src/rp2_common/pico_printf/printf.c.obj
                0x10005c7c                __wrap_sprintf
 .text.__wrap_snprintf
                0x10005ca8       0x28 CMakeFiles/displayfuncionando.dir/C_/Users/LUIZ_CARLOS/.pico-sdk/sdk/2.2.0/src/rp2_common/pico_printf/printf.c.obj
                0x10005ca8                __wrap_snprintf
 .text.vfctprintf
                0x10005cd0       0x24 CMakeFiles/displayfuncionando.dir/C_/Users/LUIZ_CARLOS/.pico-sdk/sdk/2.2.0/src/rp2_common/pico_printf/printf.c.obj
                0x10005cd0                vfctprintf
 .text.weak_raw_vprintf
                0x10005cf4       0x30 CMakeFiles/displayfuncionando.dir/C_/Users/LUIZ_CARLOS/.pico-sdk/sdk/2.2.0/src/rp2_common/pico_printf/printf.c.obj
                0x10005cf4                weak_raw_vprintf
 .text._exit    0x10005d24        0x4 CMakeFiles/displayfuncionando.dir/C_/Users/LUIZ_CARLOS/.pico-sdk/sdk/2.2.0/src/rp2_common/pico_clib_interface/newlib_interface.c.obj
                0x10005d24                _exit
 .text._sbrk    0x10005d28       0x34 CMakeFiles/displayfuncionando.dir/C_/Users/LUIZ_CARLOS/.pico-sdk/sdk/2.2.0/src/rp2_common/pico_clib_interface/newlib_interface.c.obj
                0x10005d28                _sbrk
 .text.exit     0x10005d5c        0x8 CMakeFiles/displayfuncionando.dir/C_/Users/LUIZ_CARLOS/.pico-sdk/sdk/2.2.0/src/rp2_common/pico_clib_interface/newlib_interface.c.obj
                0x10005d5c                exit
 .text.runtime_init
                0x10005d64       0x2c CMakeFiles/displayfuncionando.dir/C_/Users/LUIZ_CARLOS/.pico-sdk/sdk/2.2.0/src/rp2_common/pico_clib_interface/newlib_interface.c.obj
                0x10005d64                runtime_init
 .text.stdio_out_chars_no_crlf
                0x10005d90       0x10 CMakeFiles/displayfuncionando.dir/C_/Users/LUIZ_CARLOS/.pico-sdk/sdk/2.2.0/src/rp2_common/pico_stdio/stdio.c.obj
 .text.stdio_out_chars_crlf
                0x10005da0       0xb0 CMakeFiles/displayfuncionando.dir/C_/Users/LUIZ_CARLOS/.pico-sdk/sdk/2.2.0/src/rp2_common/pico_stdio/stdio.c.obj
 .text.stdio_buffered_printer
                0x10005e50       0x64 CMakeFiles/displayfuncionando.dir/C_/Users/LUIZ_CARLOS/.pico-sdk/sdk/2.2.0/src/rp2_common/pico_stdio/stdio.c.obj
 .text.stdio_put_string
                0x10005eb4       0xfc CMakeFiles/displayfuncionando.dir/C_/Users/LUIZ_CARLOS/.pico-sdk/sdk/2.2.0/src/rp2_common/pico_stdio/stdio.c.obj
                0x10005eb4                stdio_put_string
 .text.stdio_set_driver_enabled
                0x10005fb0       0x30 CMakeFiles/displayfuncionando.dir/C_/Users/LUIZ_CARLOS/.pico-sdk/sdk/2.2.0/src/rp2_common/pico_stdio/stdio.c.obj
                0x10005fb0                stdio_set_driver_enabled
 .text.stdio_init_all
                0x10005fe0        0x8 CMakeFiles/displayfuncionando.dir/C_/Users/LUIZ_CARLOS/.pico-sdk/sdk/2.2.0/src/rp2_common/pico_stdio/stdio.c.obj
                0x10005fe0                stdio_init_all
 .text.__wrap_putchar
                0x10005fe8       0x94 CMakeFiles/displayfuncionando.dir/C_/Users/LUIZ_CARLOS/.pico-sdk/sdk/2.2.0/src/rp2_common/pico_stdio/stdio.c.obj
                0x10005fe8                __wrap_putchar
                0x10005fe8                stdio_putchar
 .text.__wrap_puts
                0x1000607c       0x3c CMakeFiles/displayfuncionando.dir/C_/Users/LUIZ_CARLOS/.pico-sdk/sdk/2.2.0/src/rp2_common/pico_stdio/stdio.c.obj
                0x1000607c                stdio_puts
                0x1000607c                __wrap_puts
 .text.__wrap_vprintf
                0x100060b8       0xcc CMakeFiles/displayfuncionando.dir/C_/Users/LUIZ_CARLOS/.pico-sdk/sdk/2.2.0/src/rp2_common/pico_stdio/stdio.c.obj
                0x100060b8                stdio_vprintf
                0x100060b8                __wrap_vprintf
 .text.__wrap_printf
                0x10006184       0x18 CMakeFiles/displayfuncionando.dir/C_/Users/LUIZ_CARLOS/.pico-sdk/sdk/2.2.0/src/rp2_common/pico_stdio/stdio.c.obj
                0x10006184                __wrap_printf
                0x10006184                stdio_printf
 .text.resetd_init
                0x1000619c        0x4 CMakeFiles/displayfuncionando.dir/C_/Users/LUIZ_CARLOS/.pico-sdk/sdk/2.2.0/src/rp2_common/pico_stdio_usb/reset_interface.c.obj
 .text.resetd_reset
                0x100061a0        0xc CMakeFiles/displayfuncionando.dir/C_/Users/LUIZ_CARLOS/.pico-sdk/sdk/2.2.0/src/rp2_common/pico_stdio_usb/reset_interface.c.obj
 .text.resetd_open
                0x100061ac       0x28 CMakeFiles/displayfuncionando.dir/C_/Users/LUIZ_CARLOS/.pico-sdk/sdk/2.2.0/src/rp2_common/pico_stdio_usb/reset_interface.c.obj
 .text.resetd_xfer_cb
                0x100061d4        0x4 CMakeFiles/displayfuncionando.dir/C_/Users/LUIZ_CARLOS/.pico-sdk/sdk/2.2.0/src/rp2_common/pico_stdio_usb/reset_interface.c.obj
 .text.resetd_control_xfer_cb
                0x100061d8       0x54 CMakeFiles/displayfuncionando.dir/C_/Users/LUIZ_CARLOS/.pico-sdk/sdk/2.2.0/src/rp2_common/pico_stdio_usb/reset_interface.c.obj
 .text.tud_descriptor_bos_cb
                0x1000622c        0x8 CMakeFiles/displayfuncionando.dir/C_/Users/LUIZ_CARLOS/.pico-sdk/sdk/2.2.0/src/rp2_common/pico_stdio_usb/reset_interface.c.obj
                0x1000622c                tud_descriptor_bos_cb
 .text.tud_vendor_control_xfer_cb
                0x10006234       0x34 CMakeFiles/displayfuncionando.dir/C_/Users/LUIZ_CARLOS/.pico-sdk/sdk/2.2.0/src/rp2_common/pico_stdio_usb/reset_interface.c.obj
                0x10006234                tud_vendor_control_xfer_cb
 .text.usbd_app_driver_get_cb
                0x10006268        0xc CMakeFiles/displayfuncionando.dir/C_/Users/LUIZ_CARLOS/.pico-sdk/sdk/2.2.0/src/rp2_common/pico_stdio_usb/reset_interface.c.obj
                0x10006268                usbd_app_driver_get_cb
 .text.tud_cdc_line_coding_cb
                0x10006274       0x2c CMakeFiles/displayfuncionando.dir/C_/Users/LUIZ_CARLOS/.pico-sdk/sdk/2.2.0/src/rp2_common/pico_stdio_usb/reset_interface.c.obj
                0x10006274                tud_cdc_line_coding_cb
 .text.stdio_usb_set_chars_available_callback
                0x100062a0       0x14 CMakeFiles/displayfuncionando.dir/C_/Users/LUIZ_CARLOS/.pico-sdk/sdk/2.2.0/src/rp2_common/pico_stdio_usb/stdio_usb.c.obj
                0x100062a0                stdio_usb_set_chars_available_callback
 .text.usb_irq  0x100062b4       0x10 CMakeFiles/displayfuncionando.dir/C_/Users/LUIZ_CARLOS/.pico-sdk/sdk/2.2.0/src/rp2_common/pico_stdio_usb/stdio_usb.c.obj
 .text.timer_task
                0x100062c4       0x64 CMakeFiles/displayfuncionando.dir/C_/Users/LUIZ_CARLOS/.pico-sdk/sdk/2.2.0/src/rp2_common/pico_stdio_usb/stdio_usb.c.obj
 .text.stdio_usb_in_chars
                0x10006328       0x8c CMakeFiles/displayfuncionando.dir/C_/Users/LUIZ_CARLOS/.pico-sdk/sdk/2.2.0/src/rp2_common/pico_stdio_usb/stdio_usb.c.obj
                0x10006328                stdio_usb_in_chars
 .text.stdio_usb_out_flush
                0x100063b4       0x4c CMakeFiles/displayfuncionando.dir/C_/Users/LUIZ_CARLOS/.pico-sdk/sdk/2.2.0/src/rp2_common/pico_stdio_usb/stdio_usb.c.obj
 .text.stdio_usb_out_chars
                0x10006400      0x100 CMakeFiles/displayfuncionando.dir/C_/Users/LUIZ_CARLOS/.pico-sdk/sdk/2.2.0/src/rp2_common/pico_stdio_usb/stdio_usb.c.obj
 .text.low_priority_worker_irq
                0x10006500       0xc8 CMakeFiles/displayfuncionando.dir/C_/Users/LUIZ_CARLOS/.pico-sdk/sdk/2.2.0/src/rp2_common/pico_stdio_usb/stdio_usb.c.obj
 .text.stdio_usb_init
                0x100065c8       0xe8 CMakeFiles/displayfuncionando.dir/C_/Users/LUIZ_CARLOS/.pico-sdk/sdk/2.2.0/src/rp2_common/pico_stdio_usb/stdio_usb.c.obj
                0x100065c8                stdio_usb_init
 .text.tud_descriptor_device_cb
                0x100066b0        0x8 CMakeFiles/displayfuncionando.dir/C_/Users/LUIZ_CARLOS/.pico-sdk/sdk/2.2.0/src/rp2_common/pico_stdio_usb/stdio_usb_descriptors.c.obj
                0x100066b0                tud_descriptor_device_cb
 .text.tud_descriptor_configuration_cb
                0x100066b8        0x8 CMakeFiles/displayfuncionando.dir/C_/Users/LUIZ_CARLOS/.pico-sdk/sdk/2.2.0/src/rp2_common/pico_stdio_usb/stdio_usb_descriptors.c.obj
                0x100066b8                tud_descriptor_configuration_cb
 .text.tud_descriptor_string_cb
                0x100066c0       0x78 CMakeFiles/displayfuncionando.dir/C_/Users/LUIZ_CARLOS/.pico-sdk/sdk/2.2.0/src/rp2_common/pico_stdio_usb/stdio_usb_descriptors.c.obj
                0x100066c0                tud_descriptor_string_cb
 .text.startup._retrieve_unique_id_on_boot
                0x10006738       0x10 CMakeFiles/displayfuncionando.dir/C_/Users/LUIZ_CARLOS/.pico-sdk/sdk/2.2.0/src/rp2_common/pico_unique_id/unique_id.c.obj
 .text.pico_get_unique_board_id
                0x10006748       0x10 CMakeFiles/displayfuncionando.dir/C_/Users/LUIZ_CARLOS/.pico-sdk/sdk/2.2.0/src/rp2_common/pico_unique_id/unique_id.c.obj
                0x10006748                pico_get_unique_board_id
 .text.pico_get_unique_board_id_string
                0x10006758      0x1a8 CMakeFiles/displayfuncionando.dir/C_/Users/LUIZ_CARLOS/.pico-sdk/sdk/2.2.0/src/rp2_common/pico_unique_id/unique_id.c.obj
                0x10006758                pico_get_unique_board_id_string
 .text.flash_get_unique_id
                0x10006900       0x3c CMakeFiles/displayfuncionando.dir/C_/Users/LUIZ_CARLOS/.pico-sdk/sdk/2.2.0/src/rp2_common/hardware_flash/flash.c.obj
                0x10006900                flash_get_unique_id
 .text.dcd_init
                0x1000693c       0x90 CMakeFiles/displayfuncionando.dir/C_/Users/LUIZ_CARLOS/.pico-sdk/sdk/2.2.0/lib/tinyusb/src/portable/raspberrypi/rp2040/dcd_rp2040.c.obj
                0x1000693c                dcd_init
 .text.dcd_int_enable
                0x100069cc        0xc CMakeFiles/displayfuncionando.dir/C_/Users/LUIZ_CARLOS/.pico-sdk/sdk/2.2.0/lib/tinyusb/src/portable/raspberrypi/rp2040/dcd_rp2040.c.obj
                0x100069cc                dcd_int_enable
 .text.dcd_set_address
                0x100069d8       0x14 CMakeFiles/displayfuncionando.dir/C_/Users/LUIZ_CARLOS/.pico-sdk/sdk/2.2.0/lib/tinyusb/src/portable/raspberrypi/rp2040/dcd_rp2040.c.obj
                0x100069d8                dcd_set_address
 .text.dcd_sof_enable
                0x100069ec       0x1c CMakeFiles/displayfuncionando.dir/C_/Users/LUIZ_CARLOS/.pico-sdk/sdk/2.2.0/lib/tinyusb/src/portable/raspberrypi/rp2040/dcd_rp2040.c.obj
                0x100069ec                dcd_sof_enable
 .text.dcd_edpt0_status_complete
                0x10006a08       0x1c CMakeFiles/displayfuncionando.dir/C_/Users/LUIZ_CARLOS/.pico-sdk/sdk/2.2.0/lib/tinyusb/src/portable/raspberrypi/rp2040/dcd_rp2040.c.obj
                0x10006a08                dcd_edpt0_status_complete
 .text.dcd_edpt_open
                0x10006a24      0x114 CMakeFiles/displayfuncionando.dir/C_/Users/LUIZ_CARLOS/.pico-sdk/sdk/2.2.0/lib/tinyusb/src/portable/raspberrypi/rp2040/dcd_rp2040.c.obj
                0x10006a24                dcd_edpt_open
 .text.dcd_edpt_close_all
                0x10006b38        0x8 CMakeFiles/displayfuncionando.dir/C_/Users/LUIZ_CARLOS/.pico-sdk/sdk/2.2.0/lib/tinyusb/src/portable/raspberrypi/rp2040/dcd_rp2040.c.obj
                0x10006b38                dcd_edpt_close_all
 .text.dcd_edpt_xfer
                0x10006b40       0x24 CMakeFiles/displayfuncionando.dir/C_/Users/LUIZ_CARLOS/.pico-sdk/sdk/2.2.0/lib/tinyusb/src/portable/raspberrypi/rp2040/dcd_rp2040.c.obj
                0x10006b40                dcd_edpt_xfer
 .text.dcd_edpt_stall
                0x10006b64       0x3c CMakeFiles/displayfuncionando.dir/C_/Users/LUIZ_CARLOS/.pico-sdk/sdk/2.2.0/lib/tinyusb/src/portable/raspberrypi/rp2040/dcd_rp2040.c.obj
                0x10006b64                dcd_edpt_stall
 .text.dcd_edpt_clear_stall
                0x10006ba0       0x30 CMakeFiles/displayfuncionando.dir/C_/Users/LUIZ_CARLOS/.pico-sdk/sdk/2.2.0/lib/tinyusb/src/portable/raspberrypi/rp2040/dcd_rp2040.c.obj
                0x10006ba0                dcd_edpt_clear_stall
 .text.rp2040_usb_init
                0x10006bd0       0x40 CMakeFiles/displayfuncionando.dir/C_/Users/LUIZ_CARLOS/.pico-sdk/sdk/2.2.0/lib/tinyusb/src/portable/raspberrypi/rp2040/rp2040_usb.c.obj
                0x10006bd0                rp2040_usb_init
 .text.hw_endpoint_xfer_start
                0x10006c10       0x40 CMakeFiles/displayfuncionando.dir/C_/Users/LUIZ_CARLOS/.pico-sdk/sdk/2.2.0/lib/tinyusb/src/portable/raspberrypi/rp2040/rp2040_usb.c.obj
                0x10006c10                hw_endpoint_xfer_start
 .text.tud_event_hook_cb
                0x10006c50        0x4 CMakeFiles/displayfuncionando.dir/C_/Users/LUIZ_CARLOS/.pico-sdk/sdk/2.2.0/lib/tinyusb/src/device/usbd.c.obj
                0x10006c50                tud_event_hook_cb
 .text.tud_sof_cb
                0x10006c54        0x4 CMakeFiles/displayfuncionando.dir/C_/Users/LUIZ_CARLOS/.pico-sdk/sdk/2.2.0/lib/tinyusb/src/device/usbd.c.obj
                0x10006c54                tud_sof_cb
 .text.tud_descriptor_device_qualifier_cb
                0x10006c58        0x4 CMakeFiles/displayfuncionando.dir/C_/Users/LUIZ_CARLOS/.pico-sdk/sdk/2.2.0/lib/tinyusb/src/device/usbd.c.obj
                0x10006c58                tud_descriptor_device_qualifier_cb
 .text.tud_descriptor_other_speed_configuration_cb
                0x10006c5c        0x4 CMakeFiles/displayfuncionando.dir/C_/Users/LUIZ_CARLOS/.pico-sdk/sdk/2.2.0/lib/tinyusb/src/device/usbd.c.obj
                0x10006c5c                tud_descriptor_other_speed_configuration_cb
 .text.tud_mount_cb
                0x10006c60        0x4 CMakeFiles/displayfuncionando.dir/C_/Users/LUIZ_CARLOS/.pico-sdk/sdk/2.2.0/lib/tinyusb/src/device/usbd.c.obj
                0x10006c60                tud_mount_cb
 .text.tud_umount_cb
                0x10006c64        0x4 CMakeFiles/displayfuncionando.dir/C_/Users/LUIZ_CARLOS/.pico-sdk/sdk/2.2.0/lib/tinyusb/src/device/usbd.c.obj
                0x10006c64                tud_umount_cb
 .text.tud_suspend_cb
                0x10006c68        0x4 CMakeFiles/displayfuncionando.dir/C_/Users/LUIZ_CARLOS/.pico-sdk/sdk/2.2.0/lib/tinyusb/src/device/usbd.c.obj
                0x10006c68                tud_suspend_cb
 .text.tud_resume_cb
                0x10006c6c        0x4 CMakeFiles/displayfuncionando.dir/C_/Users/LUIZ_CARLOS/.pico-sdk/sdk/2.2.0/lib/tinyusb/src/device/usbd.c.obj
                0x10006c6c                tud_resume_cb
 .text.tud_mounted
                0x10006c70       0x10 CMakeFiles/displayfuncionando.dir/C_/Users/LUIZ_CARLOS/.pico-sdk/sdk/2.2.0/lib/tinyusb/src/device/usbd.c.obj
                0x10006c70                tud_mounted
 .text.tud_suspended
                0x10006c80       0x10 CMakeFiles/displayfuncionando.dir/C_/Users/LUIZ_CARLOS/.pico-sdk/sdk/2.2.0/lib/tinyusb/src/device/usbd.c.obj
                0x10006c80                tud_suspended
 .text.tud_rhport_init
                0x10006c90       0xf4 CMakeFiles/displayfuncionando.dir/C_/Users/LUIZ_CARLOS/.pico-sdk/sdk/2.2.0/lib/tinyusb/src/device/usbd.c.obj
                0x10006c90                tud_rhport_init
 .text.tud_task_ext
                0x10006d84      0x800 CMakeFiles/displayfuncionando.dir/C_/Users/LUIZ_CARLOS/.pico-sdk/sdk/2.2.0/lib/tinyusb/src/device/usbd.c.obj
                0x10006d84                tud_task_ext
 .text.usbd_open_edpt_pair
                0x10007584       0x9c CMakeFiles/displayfuncionando.dir/C_/Users/LUIZ_CARLOS/.pico-sdk/sdk/2.2.0/lib/tinyusb/src/device/usbd.c.obj
                0x10007584                usbd_open_edpt_pair
 .text.usbd_edpt_open
                0x10007620       0x34 CMakeFiles/displayfuncionando.dir/C_/Users/LUIZ_CARLOS/.pico-sdk/sdk/2.2.0/lib/tinyusb/src/device/usbd.c.obj
                0x10007620                usbd_edpt_open
 .text.usbd_edpt_claim
                0x10007654       0x28 CMakeFiles/displayfuncionando.dir/C_/Users/LUIZ_CARLOS/.pico-sdk/sdk/2.2.0/lib/tinyusb/src/device/usbd.c.obj
                0x10007654                usbd_edpt_claim
 .text.usbd_edpt_release
                0x1000767c       0x28 CMakeFiles/displayfuncionando.dir/C_/Users/LUIZ_CARLOS/.pico-sdk/sdk/2.2.0/lib/tinyusb/src/device/usbd.c.obj
                0x1000767c                usbd_edpt_release
 .text.usbd_edpt_xfer
                0x100076a4       0x4c CMakeFiles/displayfuncionando.dir/C_/Users/LUIZ_CARLOS/.pico-sdk/sdk/2.2.0/lib/tinyusb/src/device/usbd.c.obj
                0x100076a4                usbd_edpt_xfer
 .text.tud_control_status
                0x100076f0       0x2c CMakeFiles/displayfuncionando.dir/C_/Users/LUIZ_CARLOS/.pico-sdk/sdk/2.2.0/lib/tinyusb/src/device/usbd_control.c.obj
                0x100076f0                tud_control_status
 .text.tud_control_xfer
                0x1000771c       0xa8 CMakeFiles/displayfuncionando.dir/C_/Users/LUIZ_CARLOS/.pico-sdk/sdk/2.2.0/lib/tinyusb/src/device/usbd_control.c.obj
                0x1000771c                tud_control_xfer
 .text.usbd_control_reset
                0x100077c4       0x14 CMakeFiles/displayfuncionando.dir/C_/Users/LUIZ_CARLOS/.pico-sdk/sdk/2.2.0/lib/tinyusb/src/device/usbd_control.c.obj
                0x100077c4                usbd_control_reset
 .text.usbd_control_set_complete_callback
                0x100077d8        0xc CMakeFiles/displayfuncionando.dir/C_/Users/LUIZ_CARLOS/.pico-sdk/sdk/2.2.0/lib/tinyusb/src/device/usbd_control.c.obj
                0x100077d8                usbd_control_set_complete_callback
 .text.usbd_control_set_request
                0x100077e4       0x1c CMakeFiles/displayfuncionando.dir/C_/Users/LUIZ_CARLOS/.pico-sdk/sdk/2.2.0/lib/tinyusb/src/device/usbd_control.c.obj
                0x100077e4                usbd_control_set_request
 .text.usbd_control_xfer_cb
                0x10007800       0xec CMakeFiles/displayfuncionando.dir/C_/Users/LUIZ_CARLOS/.pico-sdk/sdk/2.2.0/lib/tinyusb/src/device/usbd_control.c.obj
                0x10007800                usbd_control_xfer_cb
 .text._prep_out_transaction.isra.0
                0x100078ec       0x6c CMakeFiles/displayfuncionando.dir/C_/Users/LUIZ_CARLOS/.pico-sdk/sdk/2.2.0/lib/tinyusb/src/class/cdc/cdc_device.c.obj
 .text.tud_cdc_n_connected
                0x10007958       0x2c CMakeFiles/displayfuncionando.dir/C_/Users/LUIZ_CARLOS/.pico-sdk/sdk/2.2.0/lib/tinyusb/src/class/cdc/cdc_device.c.obj
                0x10007958                tud_cdc_n_connected
 .text.tud_cdc_n_available
                0x10007984       0x14 CMakeFiles/displayfuncionando.dir/C_/Users/LUIZ_CARLOS/.pico-sdk/sdk/2.2.0/lib/tinyusb/src/class/cdc/cdc_device.c.obj
                0x10007984                tud_cdc_n_available
 .text.tud_cdc_n_read
                0x10007998       0x88 CMakeFiles/displayfuncionando.dir/C_/Users/LUIZ_CARLOS/.pico-sdk/sdk/2.2.0/lib/tinyusb/src/class/cdc/cdc_device.c.obj
                0x10007998                tud_cdc_n_read
 .text.tud_cdc_n_write_flush
                0x10007a20       0x74 CMakeFiles/displayfuncionando.dir/C_/Users/LUIZ_CARLOS/.pico-sdk/sdk/2.2.0/lib/tinyusb/src/class/cdc/cdc_device.c.obj
                0x10007a20                tud_cdc_n_write_flush
 .text.tud_cdc_n_write
                0x10007a94       0x40 CMakeFiles/displayfuncionando.dir/C_/Users/LUIZ_CARLOS/.pico-sdk/sdk/2.2.0/lib/tinyusb/src/class/cdc/cdc_device.c.obj
                0x10007a94                tud_cdc_n_write
 .text.tud_cdc_n_write_available
                0x10007ad4       0x14 CMakeFiles/displayfuncionando.dir/C_/Users/LUIZ_CARLOS/.pico-sdk/sdk/2.2.0/lib/tinyusb/src/class/cdc/cdc_device.c.obj
                0x10007ad4                tud_cdc_n_write_available
 .text.cdcd_init
                0x10007ae8       0x70 CMakeFiles/displayfuncionando.dir/C_/Users/LUIZ_CARLOS/.pico-sdk/sdk/2.2.0/lib/tinyusb/src/class/cdc/cdc_device.c.obj
                0x10007ae8                cdcd_init
 .text.cdcd_deinit
                0x10007b58       0x30 CMakeFiles/displayfuncionando.dir/C_/Users/LUIZ_CARLOS/.pico-sdk/sdk/2.2.0/lib/tinyusb/src/class/cdc/cdc_device.c.obj
                0x10007b58                cdcd_deinit
 .text.cdcd_reset
                0x10007b88       0x4c CMakeFiles/displayfuncionando.dir/C_/Users/LUIZ_CARLOS/.pico-sdk/sdk/2.2.0/lib/tinyusb/src/class/cdc/cdc_device.c.obj
                0x10007b88                cdcd_reset
 .text.cdcd_open
                0x10007bd4       0xa4 CMakeFiles/displayfuncionando.dir/C_/Users/LUIZ_CARLOS/.pico-sdk/sdk/2.2.0/lib/tinyusb/src/class/cdc/cdc_device.c.obj
                0x10007bd4                cdcd_open
 .text.cdcd_control_xfer_cb
                0x10007c78       0xe8 CMakeFiles/displayfuncionando.dir/C_/Users/LUIZ_CARLOS/.pico-sdk/sdk/2.2.0/lib/tinyusb/src/class/cdc/cdc_device.c.obj
                0x10007c78                cdcd_control_xfer_cb
 .text.cdcd_xfer_cb
                0x10007d60      0x100 CMakeFiles/displayfuncionando.dir/C_/Users/LUIZ_CARLOS/.pico-sdk/sdk/2.2.0/lib/tinyusb/src/class/cdc/cdc_device.c.obj
                0x10007d60                cdcd_xfer_cb
 .text.vendord_init
                0x10007e60       0x5c CMakeFiles/displayfuncionando.dir/C_/Users/LUIZ_CARLOS/.pico-sdk/sdk/2.2.0/lib/tinyusb/src/class/vendor/vendor_device.c.obj
                0x10007e60                vendord_init
 .text.vendord_deinit
                0x10007ebc       0x1c CMakeFiles/displayfuncionando.dir/C_/Users/LUIZ_CARLOS/.pico-sdk/sdk/2.2.0/lib/tinyusb/src/class/vendor/vendor_device.c.obj
                0x10007ebc                vendord_deinit
 .text.vendord_reset
                0x10007ed8       0x28 CMakeFiles/displayfuncionando.dir/C_/Users/LUIZ_CARLOS/.pico-sdk/sdk/2.2.0/lib/tinyusb/src/class/vendor/vendor_device.c.obj
                0x10007ed8                vendord_reset
 .text.vendord_open
                0x10007f00      0x120 CMakeFiles/displayfuncionando.dir/C_/Users/LUIZ_CARLOS/.pico-sdk/sdk/2.2.0/lib/tinyusb/src/class/vendor/vendor_device.c.obj
                0x10007f00                vendord_open
 .text.vendord_xfer_cb
                0x10008020       0x9c CMakeFiles/displayfuncionando.dir/C_/Users/LUIZ_CARLOS/.pico-sdk/sdk/2.2.0/lib/tinyusb/src/class/vendor/vendor_device.c.obj
                0x10008020                vendord_xfer_cb
 .text.tusb_rhport_init
                0x100080bc       0x4c CMakeFiles/displayfuncionando.dir/C_/Users/LUIZ_CARLOS/.pico-sdk/sdk/2.2.0/lib/tinyusb/src/tusb.c.obj
                0x100080bc                tusb_rhport_init
 .text.tu_edpt_claim
                0x10008108       0x50 CMakeFiles/displayfuncionando.dir/C_/Users/LUIZ_CARLOS/.pico-sdk/sdk/2.2.0/lib/tinyusb/src/tusb.c.obj
                0x10008108                tu_edpt_claim
 .text.tu_edpt_release
                0x10008158       0x38 CMakeFiles/displayfuncionando.dir/C_/Users/LUIZ_CARLOS/.pico-sdk/sdk/2.2.0/lib/tinyusb/src/tusb.c.obj
                0x10008158                tu_edpt_release
 .text.tu_edpt_validate
                0x10008190       0x7c CMakeFiles/displayfuncionando.dir/C_/Users/LUIZ_CARLOS/.pico-sdk/sdk/2.2.0/lib/tinyusb/src/tusb.c.obj
                0x10008190                tu_edpt_validate
 .text.tu_edpt_bind_driver
                0x1000820c       0x34 CMakeFiles/displayfuncionando.dir/C_/Users/LUIZ_CARLOS/.pico-sdk/sdk/2.2.0/lib/tinyusb/src/tusb.c.obj
                0x1000820c                tu_edpt_bind_driver
 .text.tu_edpt_stream_init
                0x10008240       0x6c CMakeFiles/displayfuncionando.dir/C_/Users/LUIZ_CARLOS/.pico-sdk/sdk/2.2.0/lib/tinyusb/src/tusb.c.obj
                0x10008240                tu_edpt_stream_init
 .text.tu_edpt_stream_deinit
                0x100082ac        0x4 CMakeFiles/displayfuncionando.dir/C_/Users/LUIZ_CARLOS/.pico-sdk/sdk/2.2.0/lib/tinyusb/src/tusb.c.obj
                0x100082ac                tu_edpt_stream_deinit
 .text.tu_edpt_stream_write_zlp_if_needed
                0x100082b0       0x68 CMakeFiles/displayfuncionando.dir/C_/Users/LUIZ_CARLOS/.pico-sdk/sdk/2.2.0/lib/tinyusb/src/tusb.c.obj
                0x100082b0                tu_edpt_stream_write_zlp_if_needed
 .text.tu_edpt_stream_write_xfer
                0x10008318       0x68 CMakeFiles/displayfuncionando.dir/C_/Users/LUIZ_CARLOS/.pico-sdk/sdk/2.2.0/lib/tinyusb/src/tusb.c.obj
                0x10008318                tu_edpt_stream_write_xfer
 .text.tu_edpt_stream_read_xfer
                0x10008380       0xd8 CMakeFiles/displayfuncionando.dir/C_/Users/LUIZ_CARLOS/.pico-sdk/sdk/2.2.0/lib/tinyusb/src/tusb.c.obj
                0x10008380                tu_edpt_stream_read_xfer
 .text.tu_fifo_config
                0x10008458       0x6c CMakeFiles/displayfuncionando.dir/C_/Users/LUIZ_CARLOS/.pico-sdk/sdk/2.2.0/lib/tinyusb/src/common/tusb_fifo.c.obj
                0x10008458                tu_fifo_config
 .text.tu_fifo_count
                0x100084c4       0x2c CMakeFiles/displayfuncionando.dir/C_/Users/LUIZ_CARLOS/.pico-sdk/sdk/2.2.0/lib/tinyusb/src/common/tusb_fifo.c.obj
                0x100084c4                tu_fifo_count
 .text.tu_fifo_empty
                0x100084f0       0x10 CMakeFiles/displayfuncionando.dir/C_/Users/LUIZ_CARLOS/.pico-sdk/sdk/2.2.0/lib/tinyusb/src/common/tusb_fifo.c.obj
                0x100084f0                tu_fifo_empty
 .text.tu_fifo_remaining
                0x10008500       0x2c CMakeFiles/displayfuncionando.dir/C_/Users/LUIZ_CARLOS/.pico-sdk/sdk/2.2.0/lib/tinyusb/src/common/tusb_fifo.c.obj
                0x10008500                tu_fifo_remaining
 .text.tu_fifo_read
                0x1000852c       0x9c CMakeFiles/displayfuncionando.dir/C_/Users/LUIZ_CARLOS/.pico-sdk/sdk/2.2.0/lib/tinyusb/src/common/tusb_fifo.c.obj
                0x1000852c                tu_fifo_read
 .text.tu_fifo_read_n
                0x100085c8       0xe8 CMakeFiles/displayfuncionando.dir/C_/Users/LUIZ_CARLOS/.pico-sdk/sdk/2.2.0/lib/tinyusb/src/common/tusb_fifo.c.obj
                0x100085c8                tu_fifo_read_n
 .text.tu_fifo_write
                0x100086b0       0xa4 CMakeFiles/displayfuncionando.dir/C_/Users/LUIZ_CARLOS/.pico-sdk/sdk/2.2.0/lib/tinyusb/src/common/tusb_fifo.c.obj
                0x100086b0                tu_fifo_write
 .text.tu_fifo_write_n
                0x10008754      0x178 CMakeFiles/displayfuncionando.dir/C_/Users/LUIZ_CARLOS/.pico-sdk/sdk/2.2.0/lib/tinyusb/src/common/tusb_fifo.c.obj
                0x10008754                tu_fifo_write_n
 .text.tu_fifo_clear
                0x100088cc       0x40 CMakeFiles/displayfuncionando.dir/C_/Users/LUIZ_CARLOS/.pico-sdk/sdk/2.2.0/lib/tinyusb/src/common/tusb_fifo.c.obj
                0x100088cc                tu_fifo_clear
 .text.tu_fifo_set_overwritable
                0x1000890c       0x48 CMakeFiles/displayfuncionando.dir/C_/Users/LUIZ_CARLOS/.pico-sdk/sdk/2.2.0/lib/tinyusb/src/common/tusb_fifo.c.obj
                0x1000890c                tu_fifo_set_overwritable
 .text.lwip_timeout_reached
                0x10008954        0x8 CMakeFiles/displayfuncionando.dir/C_/Users/LUIZ_CARLOS/.pico-sdk/sdk/2.2.0/src/rp2_common/pico_lwip/lwip_nosys.c.obj
 .text.update_next_timeout
                0x1000895c       0x5c CMakeFiles/displayfuncionando.dir/C_/Users/LUIZ_CARLOS/.pico-sdk/sdk/2.2.0/src/rp2_common/pico_lwip/lwip_nosys.c.obj
 .text.lwip_nosys_init
                0x100089b8       0x30 CMakeFiles/displayfuncionando.dir/C_/Users/LUIZ_CARLOS/.pico-sdk/sdk/2.2.0/src/rp2_common/pico_lwip/lwip_nosys.c.obj
                0x100089b8                lwip_nosys_init
 .text.lwip_nosys_deinit
                0x100089e8       0x20 CMakeFiles/displayfuncionando.dir/C_/Users/LUIZ_CARLOS/.pico-sdk/sdk/2.2.0/src/rp2_common/pico_lwip/lwip_nosys.c.obj
                0x100089e8                lwip_nosys_deinit
 .text.sys_arch_protect
                0x10008a08        0x4 CMakeFiles/displayfuncionando.dir/C_/Users/LUIZ_CARLOS/.pico-sdk/sdk/2.2.0/src/rp2_common/pico_lwip/lwip_nosys.c.obj
                0x10008a08                sys_arch_protect
 .text.sys_arch_unprotect
                0x10008a0c        0x4 CMakeFiles/displayfuncionando.dir/C_/Users/LUIZ_CARLOS/.pico-sdk/sdk/2.2.0/src/rp2_common/pico_lwip/lwip_nosys.c.obj
                0x10008a0c                sys_arch_unprotect
 .text.sys_now  0x10008a10       0x20 CMakeFiles/displayfuncionando.dir/C_/Users/LUIZ_CARLOS/.pico-sdk/sdk/2.2.0/src/rp2_common/pico_lwip/lwip_nosys.c.obj
                0x10008a10                sys_now
 .text.async_context_base_add_at_time_worker
                0x10008a30       0x28 CMakeFiles/displayfuncionando.dir/C_/Users/LUIZ_CARLOS/.pico-sdk/sdk/2.2.0/src/rp2_common/pico_async_context/async_context_base.c.obj
                0x10008a30                async_context_base_add_at_time_worker
 .text.async_context_base_remove_at_time_worker
                0x10008a58       0x24 CMakeFiles/displayfuncionando.dir/C_/Users/LUIZ_CARLOS/.pico-sdk/sdk/2.2.0/src/rp2_common/pico_async_context/async_context_base.c.obj
                0x10008a58                async_context_base_remove_at_time_worker
 .text.async_context_base_add_when_pending_worker
                0x10008a7c       0x24 CMakeFiles/displayfuncionando.dir/C_/Users/LUIZ_CARLOS/.pico-sdk/sdk/2.2.0/src/rp2_common/pico_async_context/async_context_base.c.obj
                0x10008a7c                async_context_base_add_when_pending_worker
 .text.async_context_base_remove_when_pending_worker
                0x10008aa0       0x24 CMakeFiles/displayfuncionando.dir/C_/Users/LUIZ_CARLOS/.pico-sdk/sdk/2.2.0/src/rp2_common/pico_async_context/async_context_base.c.obj
                0x10008aa0                async_context_base_remove_when_pending_worker
 .text.async_context_base_execute_once
                0x10008ac4      0x108 CMakeFiles/displayfuncionando.dir/C_/Users/LUIZ_CARLOS/.pico-sdk/sdk/2.2.0/src/rp2_common/pico_async_context/async_context_base.c.obj
                0x10008ac4                async_context_base_execute_once
 .text.splitmix64
                0x10008bcc       0x58 CMakeFiles/displayfuncionando.dir/C_/Users/LUIZ_CARLOS/.pico-sdk/sdk/2.2.0/src/rp2_common/pico_rand/rand.c.obj
 .text.xoroshiro128ss
                0x10008c24       0x90 CMakeFiles/displayfuncionando.dir/C_/Users/LUIZ_CARLOS/.pico-sdk/sdk/2.2.0/src/rp2_common/pico_rand/rand.c.obj
 .text.get_rand_64
                0x10008cb4      0x47c CMakeFiles/displayfuncionando.dir/C_/Users/LUIZ_CARLOS/.pico-sdk/sdk/2.2.0/src/rp2_common/pico_rand/rand.c.obj
                0x10008cb4                get_rand_64
 .text.get_rand_32
                0x10009130        0x8 CMakeFiles/displayfuncionando.dir/C_/Users/LUIZ_CARLOS/.pico-sdk/sdk/2.2.0/src/rp2_common/pico_rand/rand.c.obj
                0x10009130                get_rand_32
 .text.lwip_init
                0x10009138       0x24 CMakeFiles/displayfuncionando.dir/C_/Users/LUIZ_CARLOS/.pico-sdk/sdk/2.2.0/lib/lwip/src/core/init.c.obj
                0x10009138                lwip_init
 .text.lwip_htons
                0x1000915c        0x8 CMakeFiles/displayfuncionando.dir/C_/Users/LUIZ_CARLOS/.pico-sdk/sdk/2.2.0/lib/lwip/src/core/def.c.obj
                0x1000915c                lwip_htons
 .text.lwip_htonl
                0x10009164        0x4 CMakeFiles/displayfuncionando.dir/C_/Users/LUIZ_CARLOS/.pico-sdk/sdk/2.2.0/lib/lwip/src/core/def.c.obj
                0x10009164                lwip_htonl
 .text.dns_call_found
                0x10009168      0x184 CMakeFiles/displayfuncionando.dir/C_/Users/LUIZ_CARLOS/.pico-sdk/sdk/2.2.0/lib/lwip/src/core/dns.c.obj
 .text.dns_send.isra.0
                0x100092ec      0x174 CMakeFiles/displayfuncionando.dir/C_/Users/LUIZ_CARLOS/.pico-sdk/sdk/2.2.0/lib/lwip/src/core/dns.c.obj
 .text.dns_init
                0x10009460        0x4 CMakeFiles/displayfuncionando.dir/C_/Users/LUIZ_CARLOS/.pico-sdk/sdk/2.2.0/lib/lwip/src/core/dns.c.obj
                0x10009460                dns_init
 .text.dns_setserver
                0x10009464       0x24 CMakeFiles/displayfuncionando.dir/C_/Users/LUIZ_CARLOS/.pico-sdk/sdk/2.2.0/lib/lwip/src/core/dns.c.obj
                0x10009464                dns_setserver
 .text.dns_tmr  0x10009488      0x130 CMakeFiles/displayfuncionando.dir/C_/Users/LUIZ_CARLOS/.pico-sdk/sdk/2.2.0/lib/lwip/src/core/dns.c.obj
                0x10009488                dns_tmr
 .text.lwip_standard_chksum
                0x100095b8       0xf4 CMakeFiles/displayfuncionando.dir/C_/Users/LUIZ_CARLOS/.pico-sdk/sdk/2.2.0/lib/lwip/src/core/inet_chksum.c.obj
                0x100095b8                lwip_standard_chksum
 .text.inet_chksum_pseudo
                0x100096ac       0xbc CMakeFiles/displayfuncionando.dir/C_/Users/LUIZ_CARLOS/.pico-sdk/sdk/2.2.0/lib/lwip/src/core/inet_chksum.c.obj
                0x100096ac                inet_chksum_pseudo
 .text.ip_chksum_pseudo
                0x10009768       0x10 CMakeFiles/displayfuncionando.dir/C_/Users/LUIZ_CARLOS/.pico-sdk/sdk/2.2.0/lib/lwip/src/core/inet_chksum.c.obj
                0x10009768                ip_chksum_pseudo
 .text.inet_chksum
                0x10009778        0xc CMakeFiles/displayfuncionando.dir/C_/Users/LUIZ_CARLOS/.pico-sdk/sdk/2.2.0/lib/lwip/src/core/inet_chksum.c.obj
                0x10009778                inet_chksum
 .text.inet_chksum_pbuf
                0x10009784       0x78 CMakeFiles/displayfuncionando.dir/C_/Users/LUIZ_CARLOS/.pico-sdk/sdk/2.2.0/lib/lwip/src/core/inet_chksum.c.obj
                0x10009784                inet_chksum_pbuf
 .text.mem_init
                0x100097fc        0x4 CMakeFiles/displayfuncionando.dir/C_/Users/LUIZ_CARLOS/.pico-sdk/sdk/2.2.0/lib/lwip/src/core/mem.c.obj
                0x100097fc                mem_init
 .text.mem_trim
                0x10009800        0x4 CMakeFiles/displayfuncionando.dir/C_/Users/LUIZ_CARLOS/.pico-sdk/sdk/2.2.0/lib/lwip/src/core/mem.c.obj
                0x10009800                mem_trim
 .text.mem_malloc
                0x10009804       0x2c CMakeFiles/displayfuncionando.dir/C_/Users/LUIZ_CARLOS/.pico-sdk/sdk/2.2.0/lib/lwip/src/core/mem.c.obj
                0x10009804                mem_malloc
 .text.mem_free
                0x10009830       0x2c CMakeFiles/displayfuncionando.dir/C_/Users/LUIZ_CARLOS/.pico-sdk/sdk/2.2.0/lib/lwip/src/core/mem.c.obj
                0x10009830                mem_free
 .text.memp_init
                0x1000985c       0x6c CMakeFiles/displayfuncionando.dir/C_/Users/LUIZ_CARLOS/.pico-sdk/sdk/2.2.0/lib/lwip/src/core/memp.c.obj
                0x1000985c                memp_init
 .text.memp_malloc
                0x100098c8       0x40 CMakeFiles/displayfuncionando.dir/C_/Users/LUIZ_CARLOS/.pico-sdk/sdk/2.2.0/lib/lwip/src/core/memp.c.obj
                0x100098c8                memp_malloc
 .text.memp_free
                0x10009908       0x38 CMakeFiles/displayfuncionando.dir/C_/Users/LUIZ_CARLOS/.pico-sdk/sdk/2.2.0/lib/lwip/src/core/memp.c.obj
                0x10009908                memp_free
 .text.netif_null_output_ip4
                0x10009940        0x8 CMakeFiles/displayfuncionando.dir/C_/Users/LUIZ_CARLOS/.pico-sdk/sdk/2.2.0/lib/lwip/src/core/netif.c.obj
 .text.netif_do_set_ipaddr.isra.0
                0x10009948       0x70 CMakeFiles/displayfuncionando.dir/C_/Users/LUIZ_CARLOS/.pico-sdk/sdk/2.2.0/lib/lwip/src/core/netif.c.obj
 .text.netif_init
                0x100099b8        0x4 CMakeFiles/displayfuncionando.dir/C_/Users/LUIZ_CARLOS/.pico-sdk/sdk/2.2.0/lib/lwip/src/core/netif.c.obj
                0x100099b8                netif_init
 .text.netif_add
                0x100099bc      0x174 CMakeFiles/displayfuncionando.dir/C_/Users/LUIZ_CARLOS/.pico-sdk/sdk/2.2.0/lib/lwip/src/core/netif.c.obj
                0x100099bc                netif_add
 .text.netif_set_addr
                0x10009b30       0xb8 CMakeFiles/displayfuncionando.dir/C_/Users/LUIZ_CARLOS/.pico-sdk/sdk/2.2.0/lib/lwip/src/core/netif.c.obj
                0x10009b30                netif_set_addr
 .text.netif_remove
                0x10009be8       0x94 CMakeFiles/displayfuncionando.dir/C_/Users/LUIZ_CARLOS/.pico-sdk/sdk/2.2.0/lib/lwip/src/core/netif.c.obj
                0x10009be8                netif_remove
 .text.netif_set_default
                0x10009c7c        0xc CMakeFiles/displayfuncionando.dir/C_/Users/LUIZ_CARLOS/.pico-sdk/sdk/2.2.0/lib/lwip/src/core/netif.c.obj
                0x10009c7c                netif_set_default
 .text.netif_set_up
                0x10009c88       0x40 CMakeFiles/displayfuncionando.dir/C_/Users/LUIZ_CARLOS/.pico-sdk/sdk/2.2.0/lib/lwip/src/core/netif.c.obj
                0x10009c88                netif_set_up
 .text.netif_set_link_up
                0x10009cc8       0x44 CMakeFiles/displayfuncionando.dir/C_/Users/LUIZ_CARLOS/.pico-sdk/sdk/2.2.0/lib/lwip/src/core/netif.c.obj
                0x10009cc8                netif_set_link_up
 .text.netif_set_link_down
                0x10009d0c       0x20 CMakeFiles/displayfuncionando.dir/C_/Users/LUIZ_CARLOS/.pico-sdk/sdk/2.2.0/lib/lwip/src/core/netif.c.obj
                0x10009d0c                netif_set_link_down
 .text.netif_get_by_index
                0x10009d2c       0x2c CMakeFiles/displayfuncionando.dir/C_/Users/LUIZ_CARLOS/.pico-sdk/sdk/2.2.0/lib/lwip/src/core/netif.c.obj
                0x10009d2c                netif_get_by_index
 .text.pbuf_free.part.0
                0x10009d58       0x7c CMakeFiles/displayfuncionando.dir/C_/Users/LUIZ_CARLOS/.pico-sdk/sdk/2.2.0/lib/lwip/src/core/pbuf.c.obj
 .text.pbuf_free_ooseq
                0x10009dd4       0x34 CMakeFiles/displayfuncionando.dir/C_/Users/LUIZ_CARLOS/.pico-sdk/sdk/2.2.0/lib/lwip/src/core/pbuf.c.obj
                0x10009dd4                pbuf_free_ooseq
 .text.pbuf_alloc
                0x10009e08      0x12c CMakeFiles/displayfuncionando.dir/C_/Users/LUIZ_CARLOS/.pico-sdk/sdk/2.2.0/lib/lwip/src/core/pbuf.c.obj
                0x10009e08                pbuf_alloc
 .text.pbuf_realloc
                0x10009f34       0x84 CMakeFiles/displayfuncionando.dir/C_/Users/LUIZ_CARLOS/.pico-sdk/sdk/2.2.0/lib/lwip/src/core/pbuf.c.obj
                0x10009f34                pbuf_realloc
 .text.pbuf_add_header
                0x10009fb8       0x54 CMakeFiles/displayfuncionando.dir/C_/Users/LUIZ_CARLOS/.pico-sdk/sdk/2.2.0/lib/lwip/src/core/pbuf.c.obj
                0x10009fb8                pbuf_add_header
 .text.pbuf_remove_header
                0x1000a00c       0x3c CMakeFiles/displayfuncionando.dir/C_/Users/LUIZ_CARLOS/.pico-sdk/sdk/2.2.0/lib/lwip/src/core/pbuf.c.obj
                0x1000a00c                pbuf_remove_header
 .text.pbuf_header_force
                0x1000a048       0x68 CMakeFiles/displayfuncionando.dir/C_/Users/LUIZ_CARLOS/.pico-sdk/sdk/2.2.0/lib/lwip/src/core/pbuf.c.obj
                0x1000a048                pbuf_header_force
 .text.pbuf_free
                0x1000a0b0       0x18 CMakeFiles/displayfuncionando.dir/C_/Users/LUIZ_CARLOS/.pico-sdk/sdk/2.2.0/lib/lwip/src/core/pbuf.c.obj
                0x1000a0b0                pbuf_free
 .text.pbuf_clen
                0x1000a0c8       0x14 CMakeFiles/displayfuncionando.dir/C_/Users/LUIZ_CARLOS/.pico-sdk/sdk/2.2.0/lib/lwip/src/core/pbuf.c.obj
                0x1000a0c8                pbuf_clen
 .text.pbuf_ref
                0x1000a0dc       0x28 CMakeFiles/displayfuncionando.dir/C_/Users/LUIZ_CARLOS/.pico-sdk/sdk/2.2.0/lib/lwip/src/core/pbuf.c.obj
                0x1000a0dc                pbuf_ref
 .text.pbuf_cat
                0x1000a104       0x54 CMakeFiles/displayfuncionando.dir/C_/Users/LUIZ_CARLOS/.pico-sdk/sdk/2.2.0/lib/lwip/src/core/pbuf.c.obj
                0x1000a104                pbuf_cat
 .text.pbuf_chain
                0x1000a158       0x70 CMakeFiles/displayfuncionando.dir/C_/Users/LUIZ_CARLOS/.pico-sdk/sdk/2.2.0/lib/lwip/src/core/pbuf.c.obj
                0x1000a158                pbuf_chain
 .text.pbuf_copy_partial_pbuf
                0x1000a1c8      0x158 CMakeFiles/displayfuncionando.dir/C_/Users/LUIZ_CARLOS/.pico-sdk/sdk/2.2.0/lib/lwip/src/core/pbuf.c.obj
                0x1000a1c8                pbuf_copy_partial_pbuf
 .text.pbuf_copy
                0x1000a320       0x18 CMakeFiles/displayfuncionando.dir/C_/Users/LUIZ_CARLOS/.pico-sdk/sdk/2.2.0/lib/lwip/src/core/pbuf.c.obj
                0x1000a320                pbuf_copy
 .text.pbuf_copy_partial
                0x1000a338       0x70 CMakeFiles/displayfuncionando.dir/C_/Users/LUIZ_CARLOS/.pico-sdk/sdk/2.2.0/lib/lwip/src/core/pbuf.c.obj
                0x1000a338                pbuf_copy_partial
 .text.pbuf_take
                0x1000a3a8       0x78 CMakeFiles/displayfuncionando.dir/C_/Users/LUIZ_CARLOS/.pico-sdk/sdk/2.2.0/lib/lwip/src/core/pbuf.c.obj
                0x1000a3a8                pbuf_take
 .text.pbuf_take_at
                0x1000a420       0xc0 CMakeFiles/displayfuncionando.dir/C_/Users/LUIZ_CARLOS/.pico-sdk/sdk/2.2.0/lib/lwip/src/core/pbuf.c.obj
                0x1000a420                pbuf_take_at
 .text.pbuf_clone
                0x1000a4e0       0x30 CMakeFiles/displayfuncionando.dir/C_/Users/LUIZ_CARLOS/.pico-sdk/sdk/2.2.0/lib/lwip/src/core/pbuf.c.obj
                0x1000a4e0                pbuf_clone
 .text.pbuf_put_at
                0x1000a510       0x1c CMakeFiles/displayfuncionando.dir/C_/Users/LUIZ_CARLOS/.pico-sdk/sdk/2.2.0/lib/lwip/src/core/pbuf.c.obj
                0x1000a510                pbuf_put_at
 .text.raw_input
                0x1000a52c      0x164 CMakeFiles/displayfuncionando.dir/C_/Users/LUIZ_CARLOS/.pico-sdk/sdk/2.2.0/lib/lwip/src/core/raw.c.obj
                0x1000a52c                raw_input
 .text.raw_netif_ip_addr_changed
                0x1000a690       0x40 CMakeFiles/displayfuncionando.dir/C_/Users/LUIZ_CARLOS/.pico-sdk/sdk/2.2.0/lib/lwip/src/core/raw.c.obj
                0x1000a690                raw_netif_ip_addr_changed
 .text.stats_init
                0x1000a6d0        0x4 CMakeFiles/displayfuncionando.dir/C_/Users/LUIZ_CARLOS/.pico-sdk/sdk/2.2.0/lib/lwip/src/core/stats.c.obj
                0x1000a6d0                stats_init
 .text.tcp_close_shutdown_fin
                0x1000a6d4       0x54 CMakeFiles/displayfuncionando.dir/C_/Users/LUIZ_CARLOS/.pico-sdk/sdk/2.2.0/lib/lwip/src/core/tcp.c.obj
 .text.tcp_pcb_purge.part.0
                0x1000a728       0xc4 CMakeFiles/displayfuncionando.dir/C_/Users/LUIZ_CARLOS/.pico-sdk/sdk/2.2.0/lib/lwip/src/core/tcp.c.obj
 .text.tcp_init
                0x1000a7ec       0x20 CMakeFiles/displayfuncionando.dir/C_/Users/LUIZ_CARLOS/.pico-sdk/sdk/2.2.0/lib/lwip/src/core/tcp.c.obj
                0x1000a7ec                tcp_init
 .text.tcp_free
                0x1000a80c       0x1c CMakeFiles/displayfuncionando.dir/C_/Users/LUIZ_CARLOS/.pico-sdk/sdk/2.2.0/lib/lwip/src/core/tcp.c.obj
                0x1000a80c                tcp_free
 .text.tcp_bind
                0x1000a828       0xf4 CMakeFiles/displayfuncionando.dir/C_/Users/LUIZ_CARLOS/.pico-sdk/sdk/2.2.0/lib/lwip/src/core/tcp.c.obj
                0x1000a828                tcp_bind
 .text.tcp_listen_with_backlog
                0x1000a91c       0x98 CMakeFiles/displayfuncionando.dir/C_/Users/LUIZ_CARLOS/.pico-sdk/sdk/2.2.0/lib/lwip/src/core/tcp.c.obj
                0x1000a91c                tcp_listen_with_backlog
 .text.tcp_update_rcv_ann_wnd
                0x1000a9b4       0x58 CMakeFiles/displayfuncionando.dir/C_/Users/LUIZ_CARLOS/.pico-sdk/sdk/2.2.0/lib/lwip/src/core/tcp.c.obj
                0x1000a9b4                tcp_update_rcv_ann_wnd
 .text.tcp_recved
                0x1000aa0c       0x98 CMakeFiles/displayfuncionando.dir/C_/Users/LUIZ_CARLOS/.pico-sdk/sdk/2.2.0/lib/lwip/src/core/tcp.c.obj
                0x1000aa0c                tcp_recved
 .text.tcp_slowtmr
                0x1000aaa4      0x514 CMakeFiles/displayfuncionando.dir/C_/Users/LUIZ_CARLOS/.pico-sdk/sdk/2.2.0/lib/lwip/src/core/tcp.c.obj
                0x1000aaa4                tcp_slowtmr
 .text.tcp_segs_free
                0x1000afb8       0x38 CMakeFiles/displayfuncionando.dir/C_/Users/LUIZ_CARLOS/.pico-sdk/sdk/2.2.0/lib/lwip/src/core/tcp.c.obj
                0x1000afb8                tcp_segs_free
 .text.tcp_seg_free
                0x1000aff0       0x1c CMakeFiles/displayfuncionando.dir/C_/Users/LUIZ_CARLOS/.pico-sdk/sdk/2.2.0/lib/lwip/src/core/tcp.c.obj
                0x1000aff0                tcp_seg_free
 .text.tcp_seg_copy
                0x1000b00c       0x2c CMakeFiles/displayfuncionando.dir/C_/Users/LUIZ_CARLOS/.pico-sdk/sdk/2.2.0/lib/lwip/src/core/tcp.c.obj
                0x1000b00c                tcp_seg_copy
 .text.tcp_recv
                0x1000b038       0x1c CMakeFiles/displayfuncionando.dir/C_/Users/LUIZ_CARLOS/.pico-sdk/sdk/2.2.0/lib/lwip/src/core/tcp.c.obj
                0x1000b038                tcp_recv
 .text.tcp_accept
                0x1000b054       0x10 CMakeFiles/displayfuncionando.dir/C_/Users/LUIZ_CARLOS/.pico-sdk/sdk/2.2.0/lib/lwip/src/core/tcp.c.obj
                0x1000b054                tcp_accept
 .text.tcp_pcb_purge
                0x1000b064       0x18 CMakeFiles/displayfuncionando.dir/C_/Users/LUIZ_CARLOS/.pico-sdk/sdk/2.2.0/lib/lwip/src/core/tcp.c.obj
                0x1000b064                tcp_pcb_purge
 .text.tcp_pcb_remove
                0x1000b07c       0xc8 CMakeFiles/displayfuncionando.dir/C_/Users/LUIZ_CARLOS/.pico-sdk/sdk/2.2.0/lib/lwip/src/core/tcp.c.obj
                0x1000b07c                tcp_pcb_remove
 .text.tcp_abandon
                0x1000b144      0x1a0 CMakeFiles/displayfuncionando.dir/C_/Users/LUIZ_CARLOS/.pico-sdk/sdk/2.2.0/lib/lwip/src/core/tcp.c.obj
                0x1000b144                tcp_abandon
 .text.tcp_abort
                0x1000b2e4        0xc CMakeFiles/displayfuncionando.dir/C_/Users/LUIZ_CARLOS/.pico-sdk/sdk/2.2.0/lib/lwip/src/core/tcp.c.obj
                0x1000b2e4                tcp_abort
 .text.tcp_accept_null
                0x1000b2f0       0x20 CMakeFiles/displayfuncionando.dir/C_/Users/LUIZ_CARLOS/.pico-sdk/sdk/2.2.0/lib/lwip/src/core/tcp.c.obj
 .text.tcp_alloc
                0x1000b310      0x1d4 CMakeFiles/displayfuncionando.dir/C_/Users/LUIZ_CARLOS/.pico-sdk/sdk/2.2.0/lib/lwip/src/core/tcp.c.obj
                0x1000b310                tcp_alloc
 .text.tcp_new_ip_type
                0x1000b4e4        0xc CMakeFiles/displayfuncionando.dir/C_/Users/LUIZ_CARLOS/.pico-sdk/sdk/2.2.0/lib/lwip/src/core/tcp.c.obj
                0x1000b4e4                tcp_new_ip_type
 .text.tcp_close_shutdown
                0x1000b4f0      0x188 CMakeFiles/displayfuncionando.dir/C_/Users/LUIZ_CARLOS/.pico-sdk/sdk/2.2.0/lib/lwip/src/core/tcp.c.obj
 .text.tcp_recv_null
                0x1000b678       0xcc CMakeFiles/displayfuncionando.dir/C_/Users/LUIZ_CARLOS/.pico-sdk/sdk/2.2.0/lib/lwip/src/core/tcp.c.obj
                0x1000b678                tcp_recv_null
 .text.tcp_process_refused_data
                0x1000b744       0x78 CMakeFiles/displayfuncionando.dir/C_/Users/LUIZ_CARLOS/.pico-sdk/sdk/2.2.0/lib/lwip/src/core/tcp.c.obj
                0x1000b744                tcp_process_refused_data
 .text.tcp_fasttmr
                0x1000b7bc       0x98 CMakeFiles/displayfuncionando.dir/C_/Users/LUIZ_CARLOS/.pico-sdk/sdk/2.2.0/lib/lwip/src/core/tcp.c.obj
                0x1000b7bc                tcp_fasttmr
 .text.tcp_tmr  0x1000b854       0x20 CMakeFiles/displayfuncionando.dir/C_/Users/LUIZ_CARLOS/.pico-sdk/sdk/2.2.0/lib/lwip/src/core/tcp.c.obj
                0x1000b854                tcp_tmr
 .text.tcp_close
                0x1000b874      0x170 CMakeFiles/displayfuncionando.dir/C_/Users/LUIZ_CARLOS/.pico-sdk/sdk/2.2.0/lib/lwip/src/core/tcp.c.obj
                0x1000b874                tcp_close
 .text.tcp_next_iss
                0x1000b9e4       0x28 CMakeFiles/displayfuncionando.dir/C_/Users/LUIZ_CARLOS/.pico-sdk/sdk/2.2.0/lib/lwip/src/core/tcp.c.obj
                0x1000b9e4                tcp_next_iss
 .text.tcp_eff_send_mss_netif
                0x1000ba0c       0x34 CMakeFiles/displayfuncionando.dir/C_/Users/LUIZ_CARLOS/.pico-sdk/sdk/2.2.0/lib/lwip/src/core/tcp.c.obj
                0x1000ba0c                tcp_eff_send_mss_netif
 .text.tcp_netif_ip_addr_changed
                0x1000ba40       0x94 CMakeFiles/displayfuncionando.dir/C_/Users/LUIZ_CARLOS/.pico-sdk/sdk/2.2.0/lib/lwip/src/core/tcp.c.obj
                0x1000ba40                tcp_netif_ip_addr_changed
 .text.tcp_free_ooseq
                0x1000bad4       0x40 CMakeFiles/displayfuncionando.dir/C_/Users/LUIZ_CARLOS/.pico-sdk/sdk/2.2.0/lib/lwip/src/core/tcp.c.obj
                0x1000bad4                tcp_free_ooseq
 .text.tcp_parseopt
                0x1000bb14      0x1b0 CMakeFiles/displayfuncionando.dir/C_/Users/LUIZ_CARLOS/.pico-sdk/sdk/2.2.0/lib/lwip/src/core/tcp_in.c.obj
 .text.tcp_oos_insert_segment
                0x1000bcc4       0xcc CMakeFiles/displayfuncionando.dir/C_/Users/LUIZ_CARLOS/.pico-sdk/sdk/2.2.0/lib/lwip/src/core/tcp_in.c.obj
 .text.tcp_free_acked_segments.isra.0
                0x1000bd90       0xdc CMakeFiles/displayfuncionando.dir/C_/Users/LUIZ_CARLOS/.pico-sdk/sdk/2.2.0/lib/lwip/src/core/tcp_in.c.obj
 .text.tcp_receive
                0x1000be6c      0xa34 CMakeFiles/displayfuncionando.dir/C_/Users/LUIZ_CARLOS/.pico-sdk/sdk/2.2.0/lib/lwip/src/core/tcp_in.c.obj
 .text.tcp_input
                0x1000c8a0      0xe3c CMakeFiles/displayfuncionando.dir/C_/Users/LUIZ_CARLOS/.pico-sdk/sdk/2.2.0/lib/lwip/src/core/tcp_in.c.obj
                0x1000c8a0                tcp_input
 .text.tcp_trigger_input_pcb_close
                0x1000d6dc       0x10 CMakeFiles/displayfuncionando.dir/C_/Users/LUIZ_CARLOS/.pico-sdk/sdk/2.2.0/lib/lwip/src/core/tcp_in.c.obj
                0x1000d6dc                tcp_trigger_input_pcb_close
 .text.tcp_create_segment
                0x1000d6ec       0xe8 CMakeFiles/displayfuncionando.dir/C_/Users/LUIZ_CARLOS/.pico-sdk/sdk/2.2.0/lib/lwip/src/core/tcp_out.c.obj
 .text.tcp_output_control_segment
                0x1000d7d4       0xb4 CMakeFiles/displayfuncionando.dir/C_/Users/LUIZ_CARLOS/.pico-sdk/sdk/2.2.0/lib/lwip/src/core/tcp_out.c.obj
 .text.tcp_write
                0x1000d888      0x470 CMakeFiles/displayfuncionando.dir/C_/Users/LUIZ_CARLOS/.pico-sdk/sdk/2.2.0/lib/lwip/src/core/tcp_out.c.obj
                0x1000d888                tcp_write
 .text.tcp_split_unsent_seg
                0x1000dcf8      0x1b4 CMakeFiles/displayfuncionando.dir/C_/Users/LUIZ_CARLOS/.pico-sdk/sdk/2.2.0/lib/lwip/src/core/tcp_out.c.obj
                0x1000dcf8                tcp_split_unsent_seg
 .text.tcp_send_fin
                0x1000deac      0x118 CMakeFiles/displayfuncionando.dir/C_/Users/LUIZ_CARLOS/.pico-sdk/sdk/2.2.0/lib/lwip/src/core/tcp_out.c.obj
                0x1000deac                tcp_send_fin
 .text.tcp_enqueue_flags
                0x1000dfc4      0x12c CMakeFiles/displayfuncionando.dir/C_/Users/LUIZ_CARLOS/.pico-sdk/sdk/2.2.0/lib/lwip/src/core/tcp_out.c.obj
                0x1000dfc4                tcp_enqueue_flags
 .text.tcp_rexmit_rto_prepare
                0x1000e0f0       0x9c CMakeFiles/displayfuncionando.dir/C_/Users/LUIZ_CARLOS/.pico-sdk/sdk/2.2.0/lib/lwip/src/core/tcp_out.c.obj
                0x1000e0f0                tcp_rexmit_rto_prepare
 .text.tcp_rexmit
                0x1000e18c       0x9c CMakeFiles/displayfuncionando.dir/C_/Users/LUIZ_CARLOS/.pico-sdk/sdk/2.2.0/lib/lwip/src/core/tcp_out.c.obj
                0x1000e18c                tcp_rexmit
 .text.tcp_rexmit_fast
                0x1000e228       0x64 CMakeFiles/displayfuncionando.dir/C_/Users/LUIZ_CARLOS/.pico-sdk/sdk/2.2.0/lib/lwip/src/core/tcp_out.c.obj
                0x1000e228                tcp_rexmit_fast
 .text.tcp_rst  0x1000e28c       0xe8 CMakeFiles/displayfuncionando.dir/C_/Users/LUIZ_CARLOS/.pico-sdk/sdk/2.2.0/lib/lwip/src/core/tcp_out.c.obj
                0x1000e28c                tcp_rst
 .text.tcp_rst_netif
                0x1000e374      0x130 CMakeFiles/displayfuncionando.dir/C_/Users/LUIZ_CARLOS/.pico-sdk/sdk/2.2.0/lib/lwip/src/core/tcp_out.c.obj
                0x1000e374                tcp_rst_netif
 .text.tcp_send_empty_ack
                0x1000e4a4       0xf0 CMakeFiles/displayfuncionando.dir/C_/Users/LUIZ_CARLOS/.pico-sdk/sdk/2.2.0/lib/lwip/src/core/tcp_out.c.obj
                0x1000e4a4                tcp_send_empty_ack
 .text.tcp_output
                0x1000e594      0x44c CMakeFiles/displayfuncionando.dir/C_/Users/LUIZ_CARLOS/.pico-sdk/sdk/2.2.0/lib/lwip/src/core/tcp_out.c.obj
                0x1000e594                tcp_output
 .text.tcp_rexmit_rto_commit
                0x1000e9e0       0x24 CMakeFiles/displayfuncionando.dir/C_/Users/LUIZ_CARLOS/.pico-sdk/sdk/2.2.0/lib/lwip/src/core/tcp_out.c.obj
                0x1000e9e0                tcp_rexmit_rto_commit
 .text.tcp_rexmit_rto
                0x1000ea04       0xa4 CMakeFiles/displayfuncionando.dir/C_/Users/LUIZ_CARLOS/.pico-sdk/sdk/2.2.0/lib/lwip/src/core/tcp_out.c.obj
                0x1000ea04                tcp_rexmit_rto
 .text.tcp_keepalive
                0x1000eaa8       0xdc CMakeFiles/displayfuncionando.dir/C_/Users/LUIZ_CARLOS/.pico-sdk/sdk/2.2.0/lib/lwip/src/core/tcp_out.c.obj
                0x1000eaa8                tcp_keepalive
 .text.tcp_zero_window_probe
                0x1000eb84      0x1a8 CMakeFiles/displayfuncionando.dir/C_/Users/LUIZ_CARLOS/.pico-sdk/sdk/2.2.0/lib/lwip/src/core/tcp_out.c.obj
                0x1000eb84                tcp_zero_window_probe
 .text.tcpip_tcp_timer
                0x1000ed2c       0x78 CMakeFiles/displayfuncionando.dir/C_/Users/LUIZ_CARLOS/.pico-sdk/sdk/2.2.0/lib/lwip/src/core/timeouts.c.obj
 .text.lwip_cyclic_timer
                0x1000eda4       0x98 CMakeFiles/displayfuncionando.dir/C_/Users/LUIZ_CARLOS/.pico-sdk/sdk/2.2.0/lib/lwip/src/core/timeouts.c.obj
 .text.tcp_timer_needed
                0x1000ee3c       0x7c CMakeFiles/displayfuncionando.dir/C_/Users/LUIZ_CARLOS/.pico-sdk/sdk/2.2.0/lib/lwip/src/core/timeouts.c.obj
                0x1000ee3c                tcp_timer_needed
 .text.sys_timeouts_init
                0x1000eeb8       0x8c CMakeFiles/displayfuncionando.dir/C_/Users/LUIZ_CARLOS/.pico-sdk/sdk/2.2.0/lib/lwip/src/core/timeouts.c.obj
                0x1000eeb8                sys_timeouts_init
 .text.sys_check_timeouts
                0x1000ef44       0x68 CMakeFiles/displayfuncionando.dir/C_/Users/LUIZ_CARLOS/.pico-sdk/sdk/2.2.0/lib/lwip/src/core/timeouts.c.obj
                0x1000ef44                sys_check_timeouts
 .text.sys_timeouts_sleeptime
                0x1000efac       0x28 CMakeFiles/displayfuncionando.dir/C_/Users/LUIZ_CARLOS/.pico-sdk/sdk/2.2.0/lib/lwip/src/core/timeouts.c.obj
                0x1000efac                sys_timeouts_sleeptime
 .text.udp_init
                0x1000efd4       0x20 CMakeFiles/displayfuncionando.dir/C_/Users/LUIZ_CARLOS/.pico-sdk/sdk/2.2.0/lib/lwip/src/core/udp.c.obj
                0x1000efd4                udp_init
 .text.udp_input
                0x1000eff4      0x350 CMakeFiles/displayfuncionando.dir/C_/Users/LUIZ_CARLOS/.pico-sdk/sdk/2.2.0/lib/lwip/src/core/udp.c.obj
                0x1000eff4                udp_input
 .text.udp_bind
                0x1000f344      0x10c CMakeFiles/displayfuncionando.dir/C_/Users/LUIZ_CARLOS/.pico-sdk/sdk/2.2.0/lib/lwip/src/core/udp.c.obj
                0x1000f344                udp_bind
 .text.udp_sendto_if_src
                0x1000f450      0x130 CMakeFiles/displayfuncionando.dir/C_/Users/LUIZ_CARLOS/.pico-sdk/sdk/2.2.0/lib/lwip/src/core/udp.c.obj
                0x1000f450                udp_sendto_if_src
 .text.udp_sendto_if