Archive member included to satisfy reference by file (symbol)

C:/Users/LUIZCA~1/PICO-S~1/TOOLCH~1/14_2_R~1/bin/../lib/gcc/arm-none-eabi/14.2.1/thumb/v6-m/nofp\libgcc.a(_dvmd_tls.o)
                              CMakeFiles/displayfuncionando.dir/C_/Users/LUIZ_CARLOS/.pico-sdk/sdk/2.2.0/src/rp2_common/pico_divider/divider_hardware.S.obj (__aeabi_idiv0)
C:/Users/LUIZCA~1/PICO-S~1/TOOLCH~1/14_2_R~1/bin/../lib/gcc/arm-none-eabi/14.2.1/thumb/v6-m/nofp\libg.a(libc_a-atoi.o)
                              CMakeFiles/displayfuncionando.dir/C_/Users/LUIZ_CARLOS/.pico-sdk/sdk/2.2.0/lib/lwip/src/core/netif.c.obj (atoi)
C:/Users/LUIZCA~1/PICO-S~1/TOOLCH~1/14_2_R~1/bin/../lib/gcc/arm-none-eabi/14.2.1/thumb/v6-m/nofp\libg.a(libc_a-calloc.o)
                              CMakeFiles/displayfuncionando.dir/C_/Users/LUIZ_CARLOS/.pico-sdk/sdk/2.2.0/src/rp2_common/pico_malloc/malloc.c.obj (calloc)
C:/Users/LUIZCA~1/PICO-S~1/TOOLCH~1/14_2_R~1/bin/../lib/gcc/arm-none-eabi/14.2.1/thumb/v6-m/nofp\libg.a(libc_a-callocr.o)
                              C:/Users/LUIZCA~1/PICO-S~1/TOOLCH~1/14_2_R~1/bin/../lib/gcc/arm-none-eabi/14.2.1/thumb/v6-m/nofp\libg.a(libc_a-calloc.o) (_calloc_r)
C:/Users/LUIZCA~1/PICO-S~1/TOOLCH~1/14_2_R~1/bin/../lib/gcc/arm-none-eabi/14.2.1/thumb/v6-m/nofp\libg.a(libc_a-malloc.o)
                              CMakeFiles/displayfuncionando.dir/C_/Users/LUIZ_CARLOS/.pico-sdk/sdk/2.2.0/src/rp2_common/pico_malloc/malloc.c.obj (malloc)
C:/Users/LUIZCA~1/PICO-S~1/TOOLCH~1/14_2_R~1/bin/../lib/gcc/arm-none-eabi/14.2.1/thumb/v6-m/nofp\libg.a(libc_a-mallocr.o)
                              C:/Users/LUIZCA~1/PICO-S~1/TOOLCH~1/14_2_R~1/bin/../lib/gcc/arm-none-eabi/14.2.1/thumb/v6-m/nofp\libg.a(libc_a-callocr.o) (_malloc_r)
C:/Users/LUIZCA~1/PICO-S~1/TOOLCH~1/14_2_R~1/bin/../lib/gcc/arm-none-eabi/14.2.1/thumb/v6-m/nofp\libg.a(libc_a-mlock.o)
                              C:/Users/LUIZCA~1/PICO-S~1/TOOLCH~1/14_2_R~1/bin/../lib/gcc/arm-none-eabi/14.2.1/thumb/v6-m/nofp\libg.a(libc_a-mallocr.o) (__malloc_lock)
C:/Users/LUIZCA~1/PICO-S~1/TOOLCH~1/14_2_R~1/bin/../lib/gcc/arm-none-eabi/14.2.1/thumb/v6-m/nofp\libg.a(libc_a-realloc.o)
                              CMakeFiles/displayfuncionando.dir/C_/Users/LUIZ_CARLOS/.pico-sdk/sdk/2.2.0/src/rp2_common/pico_malloc/malloc.c.obj (realloc)
C:/Users/LUIZCA~1/PICO-S~1/TOOLCH~1/14_2_R~1/bin/../lib/gcc/arm-none-eabi/14.2.1/thumb/v6-m/nofp\libg.a(libc_a-reallocr.o)
                              C:/Users/LUIZCA~1/PICO-S~1/TOOLCH~1/14_2_R~1/bin/../lib/gcc/arm-none-eabi/14.2.1/thumb/v6-m/nofp\libg.a(libc_a-realloc.o) (_realloc_r)
C:/Users/LUIZCA~1/PICO-S~1/TOOLCH~1/14_2_R~1/bin/../lib/gcc/arm-none-eabi/14.2.1/thumb/v6-m/nofp\libg.a(libc_a-strtol.o)
                              C:/Users/LUIZCA~1/PICO-S~1/TOOLCH~1/14_2_R~1/bin/../lib/gcc/arm-none-eabi/14.2.1/thumb/v6-m/nofp\libg.a(libc_a-atoi.o) (_strtol_r)
C:/Users/LUIZCA~1/PICO-S~1/TOOLCH~1/14_2_R~1/bin/../lib/gcc/arm-none-eabi/14.2.1/thumb/v6-m/nofp\libg.a(libc_a-ctype_.o)
                              CMakeFiles/displayfuncionando.dir/inc/ssd1306_i2c.c.obj (_ctype_)
C:/Users/LUIZCA~1/PICO-S~1/TOOLCH~1/14_2_R~1/bin/../lib/gcc/arm-none-eabi/14.2.1/thumb/v6-m/nofp\libg.a(libc_a-memcmp.o)
                              CMakeFiles/displayfuncionando.dir/dhcpserver/dhcpserver.c.obj (memcmp)
C:/Users/LUIZCA~1/PICO-S~1/TOOLCH~1/14_2_R~1/bin/../lib/gcc/arm-none-eabi/14.2.1/thumb/v6-m/nofp\libg.a(libc_a-memmove.o)
                              CMakeFiles/displayfuncionando.dir/C_/Users/LUIZ_CARLOS/.pico-sdk/sdk/2.2.0/lib/lwip/src/core/def.c.obj (memmove)
C:/Users/LUIZCA~1/PICO-S~1/TOOLCH~1/14_2_R~1/bin/../lib/gcc/arm-none-eabi/14.2.1/thumb/v6-m/nofp\libg.a(libc_a-strncmp.o)
                              CMakeFiles/displayfuncionando.dir/C_/Users/LUIZ_CARLOS/.pico-sdk/sdk/2.2.0/lib/lwip/src/core/def.c.obj (strncmp)
C:/Users/LUIZCA~1/PICO-S~1/TOOLCH~1/14_2_R~1/bin/../lib/gcc/arm-none-eabi/14.2.1/thumb/v6-m/nofp\libg.a(libc_a-strstr.o)
                              CMakeFiles/displayfuncionando.dir/src/http_server.c.obj (strstr)
C:/Users/LUIZCA~1/PICO-S~1/TOOLCH~1/14_2_R~1/bin/../lib/gcc/arm-none-eabi/14.2.1/thumb/v6-m/nofp\libg.a(libc_a-lcltime_r.o)
                              CMakeFiles/displayfuncionando.dir/C_/Users/LUIZ_CARLOS/.pico-sdk/sdk/2.2.0/src/common/pico_util/datetime.c.obj (localtime_r)
C:/Users/LUIZCA~1/PICO-S~1/TOOLCH~1/14_2_R~1/bin/../lib/gcc/arm-none-eabi/14.2.1/thumb/v6-m/nofp\libg.a(libc_a-mktime.o)
                              CMakeFiles/displayfuncionando.dir/C_/Users/LUIZ_CARLOS/.pico-sdk/sdk/2.2.0/src/common/pico_util/datetime.c.obj (mktime)
C:/Users/LUIZCA~1/PICO-S~1/TOOLCH~1/14_2_R~1/bin/../lib/gcc/arm-none-eabi/14.2.1/thumb/v6-m/nofp\libg.a(libc_a-month_lengths.o)
                              C:/Users/LUIZCA~1/PICO-S~1/TOOLCH~1/14_2_R~1/bin/../lib/gcc/arm-none-eabi/14.2.1/thumb/v6-m/nofp\libg.a(libc_a-lcltime_r.o) (__month_lengths)
[...]
Memory Configuration

Name             Origin             Length             Attributes
FLASH            0x10000000         0x00200000         xr
RAM              0x20000000         0x00040000         xrw
SCRATCH_X        0x20040000         0x00001000         xrw
SCRATCH_Y        0x20041000         0x00001000         xrw
*default*        0x00000000         0xffffffff

Linker script and memory map

LOAD C:/Users/LUIZCA~1/PICO-S~1/TOOLCH~1/14_2_R~1/bin/../lib/gcc/arm-none-eabi/14.2.1/thumb/v6-m/nofp/crti.o
LOAD C:/Users/LUIZCA~1/PICO-S~1/TOOLCH~1/14_2_R~1/bin/../lib/gcc/arm-none-eabi/14.2.1/thumb/v6-m/nofp/crtbegin.o
LOAD C:/Users/LUIZCA~1/PICO-S~1/TOOLCH~1/14_2_R~1/bin/../lib/gcc/arm-none-eabi/14.2.1/thumb/v6-m/nofp/crt0.o

.flash_begin    0x10000000        0x0
                0x10000000                        __flash_binary_start = .

.boot2          0x10000000      0x100
                0x10000000                        __boot2_start__ = .
 *(.boot2)
 .boot2         0x10000000      0x100 pico-sdk/src/rp2040/boot_stage2/CMakeFiles/bs2_default_library.dir/./bs2_default_padded_checksummed.S.obj
                0x10000100                        __boot2_end__ = .
                0x00000001                        ASSERT (((__boot2_end__ - __boot2_start__) == 0x100), ERROR: Pico second stage bootloader must be 256 bytes in size)

.text           0x10000100    0x188e4
                0x10000100                        __logical_binary_start = .
 *(.vectors)
 .vectors       0x10000100       0xd4 CMakeFiles/displayfuncionando.dir/C_/Users/LUIZ_CARLOS/.pico-sdk/sdk/2.2.0/src/rp2_common/pico_crt0/crt0.S.obj
                0x10000100                __VECTOR_TABLE
                0x10000100                __vectors
                0x100001c0                isr_irq13
                0x100001c0                isr_irq27
                0x100001c0                isr_irq31
                0x100001c0                isr_irq12
                0x100001c0                isr_irq5
                0x100001c0                isr_irq11
                0x100001c0                isr_irq3
                0x100001c0                isr_irq23
                0x100001c0                __unhandled_user_irq
                0x100001c0                isr_irq26
                0x100001c0                isr_irq28
                0x100001c0                isr_irq19
                0x100001c0                isr_irq0
                0x100001c0                isr_irq6
                0x100001c0                isr_irq29
                0x100001c0                isr_irq16
                0x100001c0                isr_irq22
                0x100001c0                isr_irq18
                0x100001c0                isr_irq17
                0x100001c0                isr_irq14
                0x100001c0                __vectors_end
                0x100001c0                __default_isrs_start
                0x100001c0                isr_irq2
                0x100001c0                isr_irq10
                0x100001c0                isr_irq8
                0x100001c0                isr_irq24
                0x100001c0                isr_irq1
                0x100001c0                isr_irq7
                0x100001c0                isr_irq21
                0x100001c0                isr_irq20
                0x100001c0                isr_irq15
                0x100001c0                isr_irq25
                0x100001c0                isr_irq4
                0x100001c0                isr_irq30
                0x100001c0                isr_irq9
                0x100001c6                unhandled_user_irq_num_in_r0
                0x100001c8                isr_invalid
                0x100001ca                isr_nmi
                0x100001cc                isr_hardfault
                0x100001ce                isr_svcall
                0x100001d0                isr_pendsv
                0x100001d2                isr_systick
                0x100001d4                __default_isrs_end
 *(.binary_info_header)
 .binary_info_header
                0x100001d4       0x14 CMakeFiles/displayfuncionando.dir/C_/Users/LUIZ_CARLOS/.pico-sdk/sdk/2.2.0/src/rp2_common/pico_crt0/crt0.S.obj
                0x100001e8                        __binary_info_header_end = .
 *(.embedded_block)
                0x100001e8                        __embedded_block_end = .
 *(.reset)
 .reset         0x100001e8       0x9c CMakeFiles/displayfuncionando.dir/C_/Users/LUIZ_CARLOS/.pico-sdk/sdk/2.2.0/src/rp2_common/pico_crt0/crt0.S.obj
                0x100001e8                _entry_point
 *(.init)
 .init          0x10000284        0x4 C:/Users/LUIZCA~1/PICO-S~1/TOOLCH~1/14_2_R~1/bin/../lib/gcc/arm-none-eabi/14.2.1/thumb/v6-m/nofp/crti.o
                0x10000284                _init
 *(EXCLUDE_FILE(*libm.a: *libc.a:*lib_a-mem*.o *libgcc.a:) .text*)
 .text.register_tm_clones
                0x10000288       0x28 C:/Users/LUIZCA~1/PICO-S~1/TOOLCH~1/14_2_R~1/bin/../lib/gcc/arm-none-eabi/14.2.1/thumb/v6-m/nofp/crtbegin.o
 .text.frame_dummy
                0x100002b0       0x24 C:/Users/LUIZCA~1/PICO-S~1/TOOLCH~1/14_2_R~1/bin/../lib/gcc/arm-none-eabi/14.2.1/thumb/v6-m/nofp/crtbegin.o
 .text.servo_init
                0x100002d4       0x38 CMakeFiles/displayfuncionando.dir/main.c.obj
                0x100002d4                servo_init
 .text.buzzer_init_pwm
                0x1000030c       0x84 CMakeFiles/displayfuncionando.dir/main.c.obj
                0x1000030c                buzzer_init_pwm
 .text.startup.main
                0x10000390      0x530 CMakeFiles/displayfuncionando.dir/main.c.obj
                0x10000390                main
 .text.display_init
                0x100008c0       0x80 CMakeFiles/displayfuncionando.dir/src/display.c.obj
                0x100008c0                display_init
 .text.display_show_distance
                0x10000940       0xc4 CMakeFiles/displayfuncionando.dir/src/display.c.obj
                0x10000940                display_show_distance
 .text.display_show_status
                0x10000a04       0x28 CMakeFiles/displayfuncionando.dir/src/display.c.obj
                0x10000a04                display_show_status
 .text.sensor_init
                0x10000a2c       0x9c CMakeFiles/displayfuncionando.dir/src/sensor.c.obj
                0x10000a2c                sensor_init
 .text.sensor_read_distance
                0x10000ac8        0x8 CMakeFiles/displayfuncionando.dir/src/sensor.c.obj
                0x10000ac8                sensor_read_distance
 .text.ssd1306_init
                0x10000ad0       0x58 CMakeFiles/displayfuncionando.dir/inc/ssd1306_i2c.c.obj
                0x10000ad0                ssd1306_init
 .text.ssd1306_set_pixel
                0x10000b28       0x2c CMakeFiles/displayfuncionando.dir/inc/ssd1306_i2c.c.obj
                0x10000b28                ssd1306_set_pixel
 .text.ssd1306_draw_string
                0x10000b54       0xd8 CMakeFiles/displayfuncionando.dir/inc/ssd1306_i2c.c.obj
                0x10000b54                ssd1306_draw_string
 .text.ssd1306_config
                0x10000c2c      0x1d0 CMakeFiles/displayfuncionando.dir/inc/ssd1306_i2c.c.obj
                0x10000c2c                ssd1306_config
 .text.ssd1306_init_bm
                0x10000dfc       0x34 CMakeFiles/displayfuncionando.dir/inc/ssd1306_i2c.c.obj
                0x10000dfc                ssd1306_init_bm
 .text.ssd1306_send_data
                0x10000e30       0x8c CMakeFiles/displayfuncionando.dir/inc/ssd1306_i2c.c.obj
                0x10000e30                ssd1306_send_data
 .text.vl53l0x_init
                0x10000ebc      0x454 CMakeFiles/displayfuncionando.dir/inc/vl53l0x.c.obj
                0x10000ebc                vl53l0x_init
 .text.vl53l0x_start_continuous
                0x10001310      0x108 CMakeFiles/displayfuncionando.dir/inc/vl53l0x.c.obj
                0x10001310                vl53l0x_start_continuous
 .text.vl53l0x_read_range_continuous_millimeters
                0x10001418       0xe0 CMakeFiles/displayfuncionando.dir/inc/vl53l0x.c.obj
                0x10001418                vl53l0x_read_range_continuous_millimeters
 .text.sensor_ultrasonico_init
                0x100014f8       0x28 CMakeFiles/displayfuncionando.dir/src/sensor_ultrasonico.c.obj
                0x100014f8                sensor_ultrasonico_init
 .text.sensor_ultrasonico_ler_distancia_cm
                0x10001520       0xdc CMakeFiles/displayfuncionando.dir/src/sensor_ultrasonico.c.obj
                0x10001520                sensor_ultrasonico_ler_distancia_cm
 .text.wifi_ap_init
                0x100015fc       0x80 CMakeFiles/displayfuncionando.dir/src/wifi_ap.c.obj
                0x100015fc                wifi_ap_init
 .text.http_accept_callback
                0x1000167c       0x14 CMakeFiles/displayfuncionando.dir/src/http_server.c.obj
 .text.http_recv_callback
                0x10001690      0x138 CMakeFiles/displayfuncionando.dir/src/http_server.c.obj
 .text.http_server_init
                0x100017c8       0x3c CMakeFiles/displayfuncionando.dir/src/http_server.c.obj
                0x100017c8                http_server_init
 .text.dhcp_server_process
                0x10001804      0x654 CMakeFiles/displayfuncionando.dir/dhcpserver/dhcpserver.c.obj
 .text.dhcp_server_init
                0x10001e58       0x3c CMakeFiles/displayfuncionando.dir/dhcpserver/dhcpserver.c.obj
                0x10001e58                dhcp_server_init
 .text.dns_server_process
                0x10001e94      0x144 CMakeFiles/displayfuncionando.dir/dnsserver/dnsserver.c.obj
 .text.dns_server_init
                0x10001fd8       0x48 CMakeFiles/displayfuncionando.dir/dnsserver/dnsserver.c.obj
                0x10001fd8                dns_server_init
 .text.gpio_set_function
                0x10002020       0x34 CMakeFiles/displayfuncionando.dir/C_/Users/LUIZ_CARLOS/.pico-sdk/sdk/2.2.0/src/rp2_common/hardware_gpio/gpio.c.obj
                0x10002020                gpio_set_function
 .text.gpio_set_pulls
                0x10002054       0x28 CMakeFiles/displayfuncionando.dir/C_/Users/LUIZ_CARLOS/.pico-sdk/sdk/2.2.0/src/rp2_common/hardware_gpio/gpio.c.obj
                0x10002054                gpio_set_pulls
 .text.gpio_set_input_hysteresis_enabled
                0x1000207c       0x28 CMakeFiles/displayfuncionando.dir/C_/Users/LUIZ_CARLOS/.pico-sdk/sdk/2.2.0/src/rp2_common/hardware_gpio/gpio.c.obj
                0x1000207c                gpio_set_input_hysteresis_enabled
 .text.gpio_set_irq_enabled
                0x100020a4       0x58 CMakeFiles/displayfuncionando.dir/C_/Users/LUIZ_CARLOS/.pico-sdk/sdk/2.2.0/src/rp2_common/hardware_gpio/gpio.c.obj
                0x100020a4                gpio_set_irq_enabled
 .text.gpio_add_raw_irq_handler_with_order_priority_masked
                0x100020fc       0x44 CMakeFiles/displayfuncionando.dir/C_/Users/LUIZ_CARLOS/.pico-sdk/sdk/2.2.0/src/rp2_common/hardware_gpio/gpio.c.obj
                0x100020fc                gpio_add_raw_irq_handler_with_order_priority_masked
 .text.gpio_remove_raw_irq_handler_masked
                0x10002140       0x20 CMakeFiles/displayfuncionando.dir/C_/Users/LUIZ_CARLOS/.pico-sdk/sdk/2.2.0/src/rp2_common/hardware_gpio/gpio.c.obj
                0x10002140                gpio_remove_raw_irq_handler_masked
 .text.gpio_init
                0x10002160       0x40 CMakeFiles/displayfuncionando.dir/C_/Users/LUIZ_CARLOS/.pico-sdk/sdk/2.2.0/src/rp2_common/hardware_gpio/gpio.c.obj
                0x10002160                gpio_init
 .text.rp2040_chip_version
                0x100021a0        0xc CMakeFiles/displayfuncionando.dir/C_/Users/LUIZ_CARLOS/.pico-sdk/sdk/2.2.0/src/rp2040/pico_platform/platform.c.obj
                0x100021a0                rp2040_chip_version
 .text.panic    0x100021ac       0x30 CMakeFiles/displayfuncionando.dir/C_/Users/LUIZ_CARLOS/.pico-sdk/sdk/2.2.0/src/rp2_common/pico_platform_panic/panic.c.obj
                0x100021ac                panic
 .text.hw_claim_lock
                0x100021dc       0x18 CMakeFiles/displayfuncionando.dir/C_/Users/LUIZ_CARLOS/.pico-sdk/sdk/2.2.0/src/common/hardware_claim/claim.c.obj
                0x100021dc                hw_claim_lock
 .text.hw_claim_unlock
                0x100021f4       0x14 CMakeFiles/displayfuncionando.dir/C_/Users/LUIZ_CARLOS/.pico-sdk/sdk/2.2.0/src/common/hardware_claim/claim.c.obj
                0x100021f4                hw_claim_unlock
 .text.hw_claim_or_assert
                0x10002208       0x44 CMakeFiles/displayfuncionando.dir/C_/Users/LUIZ_CARLOS/.pico-sdk/sdk/2.2.0/src/common/hardware_claim/claim.c.obj
                0x10002208                hw_claim_or_assert
 .text.hw_claim_unused_from_range
                0x1000224c       0x88 CMakeFiles/displayfuncionando.dir/C_/Users/LUIZ_CARLOS/.pico-sdk/sdk/2.2.0/src/common/hardware_claim/claim.c.obj
                0x1000224c                hw_claim_unused_from_range
 .text.hw_claim_clear
                0x100022d4       0x38 CMakeFiles/displayfuncionando.dir/C_/Users/LUIZ_CARLOS/.pico-sdk/sdk/2.2.0/src/common/hardware_claim/claim.c.obj
                0x100022d4                hw_claim_clear
 .text.next_striped_spin_lock_num
                0x1000230c       0x18 CMakeFiles/displayfuncionando.dir/C_/Users/LUIZ_CARLOS/.pico-sdk/sdk/2.2.0/src/rp2_common/hardware_sync/sync.c.obj
                0x1000230c                next_striped_spin_lock_num
 .text.spin_lock_claim_unused
                0x10002324       0x24 CMakeFiles/displayfuncionando.dir/C_/Users/LUIZ_CARLOS/.pico-sdk/sdk/2.2.0/src/rp2_common/hardware_sync/sync.c.obj
                0x10002324                spin_lock_claim_unused
 .text.spin_locks_reset
                0x10002348       0x1c CMakeFiles/displayfuncionando.dir/C_/Users/LUIZ_CARLOS/.pico-sdk/sdk/2.2.0/src/rp2_common/hardware_sync_spin_lock/sync_spin_lock.c.obj
                0x10002348                spin_locks_reset
 .text.runtime_init_per_core_irq_priorities
                0x10002364       0x24 CMakeFiles/displayfuncionando.dir/C_/Users/LUIZ_CARLOS/.pico-sdk/sdk/2.2.0/src/rp2_common/hardware_irq/irq.c.obj
                0x10002364                runtime_init_per_core_irq_priorities
 .text.irq_set_enabled
                0x10002388       0x24 CMakeFiles/displayfuncionando.dir/C_/Users/LUIZ_CARLOS/.pico-sdk/sdk/2.2.0/src/rp2_common/hardware_irq/irq.c.obj
                0x10002388                irq_set_enabled
 .text.irq_is_enabled
                0x100023ac       0x18 CMakeFiles/displayfuncionando.dir/C_/Users/LUIZ_CARLOS/.pico-sdk/sdk/2.2.0/src/rp2_common/hardware_irq/irq.c.obj
                0x100023ac                irq_is_enabled
 .text.irq_set_pending
                0x100023c4       0x10 CMakeFiles/displayfuncionando.dir/C_/Users/LUIZ_CARLOS/.pico-sdk/sdk/2.2.0/src/rp2_common/hardware_irq/irq.c.obj
                0x100023c4                irq_set_pending
 .text.irq_has_shared_handler
                0x100023d4       0x24 CMakeFiles/displayfuncionando.dir/C_/Users/LUIZ_CARLOS/.pico-sdk/sdk/2.2.0/src/rp2_common/hardware_irq/irq.c.obj
                0x100023d4                irq_has_shared_handler
 .text.irq_set_exclusive_handler
                0x100023f8       0x54 CMakeFiles/displayfuncionando.dir/C_/Users/LUIZ_CARLOS/.pico-sdk/sdk/2.2.0/src/rp2_common/hardware_irq/irq.c.obj
                0x100023f8                irq_set_exclusive_handler
 .text.irq_add_shared_handler
                0x1000244c      0x1f4 CMakeFiles/displayfuncionando.dir/C_/Users/LUIZ_CARLOS/.pico-sdk/sdk/2.2.0/src/rp2_common/hardware_irq/irq.c.obj
                0x1000244c                irq_add_shared_handler
 .text.irq_remove_handler
                0x10002640      0x1d4 CMakeFiles/displayfuncionando.dir/C_/Users/LUIZ_CARLOS/.pico-sdk/sdk/2.2.0/src/rp2_common/hardware_irq/irq.c.obj
                0x10002640                irq_remove_handler
 .text.irq_add_tail_to_free_list
                0x10002814       0xb4 CMakeFiles/displayfuncionando.dir/C_/Users/LUIZ_CARLOS/.pico-sdk/sdk/2.2.0/src/rp2_common/hardware_irq/irq.c.obj
                0x10002814                irq_add_tail_to_free_list
 .text.user_irq_claim_unused
                0x100028c8       0x2c CMakeFiles/displayfuncionando.dir/C_/Users/LUIZ_CARLOS/.pico-sdk/sdk/2.2.0/src/rp2_common/hardware_irq/irq.c.obj
                0x100028c8                user_irq_claim_unused
 .text.sem_init
                0x100028f4       0x20 CMakeFiles/displayfuncionando.dir/C_/Users/LUIZ_CARLOS/.pico-sdk/sdk/2.2.0/src/common/pico_sync/sem.c.obj
                0x100028f4                sem_init
 .text.lock_init
                0x10002914       0x10 CMakeFiles/displayfuncionando.dir/C_/Users/LUIZ_CARLOS/.pico-sdk/sdk/2.2.0/src/common/pico_sync/lock_core.c.obj
                0x10002914                lock_init
 .text.runtime_init_mutex
                0x10002924       0x50 CMakeFiles/displayfuncionando.dir/C_/Users/LUIZ_CARLOS/.pico-sdk/sdk/2.2.0/src/common/pico_sync/mutex.c.obj
                0x10002924                runtime_init_mutex
 .text.mutex_init
                0x10002974       0x1c CMakeFiles/displayfuncionando.dir/C_/Users/LUIZ_CARLOS/.pico-sdk/sdk/2.2.0/src/common/pico_sync/mutex.c.obj
                0x10002974                mutex_init
 .text.critical_section_init
                0x10002990       0x1c CMakeFiles/displayfuncionando.dir/C_/Users/LUIZ_CARLOS/.pico-sdk/sdk/2.2.0/src/common/pico_sync/critical_section.c.obj
                0x10002990                critical_section_init
 .text.critical_section_init_with_lock_num
                0x100029ac       0x14 CMakeFiles/displayfuncionando.dir/C_/Users/LUIZ_CARLOS/.pico-sdk/sdk/2.2.0/src/common/pico_sync/critical_section.c.obj
                0x100029ac                critical_section_init_with_lock_num
 .text.sleep_until_callback
                0x100029c0       0x30 CMakeFiles/displayfuncionando.dir/C_/Users/LUIZ_CARLOS/.pico-sdk/sdk/2.2.0/src/common/pico_time/time.c.obj
 .text.alarm_pool_irq_handler
                0x100029f0      0x300 CMakeFiles/displayfuncionando.dir/C_/Users/LUIZ_CARLOS/.pico-sdk/sdk/2.2.0/src/common/pico_time/time.c.obj
 .text.runtime_init_default_alarm_pool
                0x10002cf0       0xdc CMakeFiles/displayfuncionando.dir/C_/Users/LUIZ_CARLOS/.pico-sdk/sdk/2.2.0/src/common/pico_time/time.c.obj
                0x10002cf0                runtime_init_default_alarm_pool
 .text.alarm_pool_get_default
                0x10002dcc        0x8 CMakeFiles/displayfuncionando.dir/C_/Users/LUIZ_CARLOS/.pico-sdk/sdk/2.2.0/src/common/pico_time/time.c.obj
                0x10002dcc                alarm_pool_get_default
 .text.alarm_pool_add_alarm_at
                0x10002dd4       0xd0 CMakeFiles/displayfuncionando.dir/C_/Users/LUIZ_CARLOS/.pico-sdk/sdk/2.2.0/src/common/pico_time/time.c.obj
                0x10002dd4                alarm_pool_add_alarm_at
 .text.alarm_pool_add_alarm_at_force_in_context
                0x10002ea4       0xb0 CMakeFiles/displayfuncionando.dir/C_/Users/LUIZ_CARLOS/.pico-sdk/sdk/2.2.0/src/common/pico_time/time.c.obj
                0x10002ea4                alarm_pool_add_alarm_at_force_in_context
 .text.alarm_pool_cancel_alarm
                0x10002f54       0x74 CMakeFiles/displayfuncionando.dir/C_/Users/LUIZ_CARLOS/.pico-sdk/sdk/2.2.0/src/common/pico_time/time.c.obj
                0x10002f54                alarm_pool_cancel_alarm
 .text.alarm_pool_core_num
                0x10002fc8        0x4 CMakeFiles/displayfuncionando.dir/C_/Users/LUIZ_CARLOS/.pico-sdk/sdk/2.2.0/src/common/pico_time/time.c.obj
                0x10002fc8                alarm_pool_core_num
 .text.sleep_until
                0x10002fcc       0xd0 CMakeFiles/displayfuncionando.dir/C_/Users/LUIZ_CARLOS/.pico-sdk/sdk/2.2.0/src/common/pico_time/time.c.obj
                0x10002fcc                sleep_until
 .text.sleep_us
                0x1000309c       0xec CMakeFiles/displayfuncionando.dir/C_/Users/LUIZ_CARLOS/.pico-sdk/sdk/2.2.0/src/common/pico_time/time.c.obj
                0x1000309c                sleep_us
 .text.sleep_ms
                0x10003188       0xfc CMakeFiles/displayfuncionando.dir/C_/Users/LUIZ_CARLOS/.pico-sdk/sdk/2.2.0/src/common/pico_time/time.c.obj
                0x10003188                sleep_ms
 .text.best_effort_wfe_or_timeout
                0x10003284      0x10c CMakeFiles/displayfuncionando.dir/C_/Users/LUIZ_CARLOS/.pico-sdk/sdk/2.2.0/src/common/pico_time/time.c.obj
                0x10003284                best_effort_wfe_or_timeout
 .text.timer_hardware_alarm_claim
                0x10003390       0x14 CMakeFiles/displayfuncionando.dir/C_/Users/LUIZ_CARLOS/.pico-sdk/sdk/2.2.0/src/rp2_common/hardware_timer/timer.c.obj
                0x10003390                timer_hardware_alarm_claim
 .text.timer_time_us_64
                0x100033a4       0x10 CMakeFiles/displayfuncionando.dir/C_/Users/LUIZ_CARLOS/.pico-sdk/sdk/2.2.0/src/rp2_common/hardware_timer/timer.c.obj
                0x100033a4                timer_time_us_64
 .text.time_us_64
                0x100033b4       0x14 CMakeFiles/displayfuncionando.dir/C_/Users/LUIZ_CARLOS/.pico-sdk/sdk/2.2.0/src/rp2_common/hardware_timer/timer.c.obj
                0x100033b4                time_us_64
 .text.busy_wait_until
                0x100033c8       0x20 CMakeFiles/displayfuncionando.dir/C_/Users/LUIZ_CARLOS/.pico-sdk/sdk/2.2.0/src/rp2_common/hardware_timer/timer.c.obj
                0x100033c8                busy_wait_until
 .text.clock_configure_int_divider
                0x100033e8       0xf4 CMakeFiles/displayfuncionando.dir/C_/Users/LUIZ_CARLOS/.pico-sdk/sdk/2.2.0/src/rp2_common/hardware_clocks/clocks.c.obj
                0x100033e8                clock_configure_int_divider
 .text.clock_configure_undivided
                0x100034dc       0xe8 CMakeFiles/displayfuncionando.dir/C_/Users/LUIZ_CARLOS/.pico-sdk/sdk/2.2.0/src/rp2_common/hardware_clocks/clocks.c.obj
                0x100034dc                clock_configure_undivided
 .text.clock_get_hz
                0x100035c4        0xc CMakeFiles/displayfuncionando.dir/C_/Users/LUIZ_CARLOS/.pico-sdk/sdk/2.2.0/src/rp2_common/hardware_clocks/clocks.c.obj
                0x100035c4                clock_get_hz
 .text.pll_init
                0x100035d0       0xa4 CMakeFiles/displayfuncionando.dir/C_/Users/LUIZ_CARLOS/.pico-sdk/sdk/2.2.0/src/rp2_common/hardware_pll/pll.c.obj
                0x100035d0                pll_init
 .text.watchdog_reboot
                0x10003674       0x9c CMakeFiles/displayfuncionando.dir/C_/Users/LUIZ_CARLOS/.pico-sdk/sdk/2.2.0/src/rp2_common/hardware_watchdog/watchdog.c.obj
                0x10003674                watchdog_reboot
 .text.tick_start
                0x10003710       0x10 CMakeFiles/displayfuncionando.dir/C_/Users/LUIZ_CARLOS/.pico-sdk/sdk/2.2.0/src/rp2_common/hardware_ticks/ticks.c.obj
                0x10003710                tick_start
 .text.rom_func_lookup
                0x10003720       0x10 CMakeFiles/displayfuncionando.dir/C_/Users/LUIZ_CARLOS/.pico-sdk/sdk/2.2.0/src/rp2_common/pico_bootrom/bootrom.c.obj
                0x10003720                rom_func_lookup
 .text.rom_data_lookup
                0x10003730       0x10 CMakeFiles/displayfuncionando.dir/C_/Users/LUIZ_CARLOS/.pico-sdk/sdk/2.2.0/src/rp2_common/pico_bootrom/bootrom.c.obj
                0x10003730                rom_data_lookup
 .text.rom_funcs_lookup
                0x10003740       0x44 CMakeFiles/displayfuncionando.dir/C_/Users/LUIZ_CARLOS/.pico-sdk/sdk/2.2.0/src/rp2_common/pico_bootrom/bootrom.c.obj
                0x10003740                rom_funcs_lookup
 .text.rom_reset_usb_boot_extra
                0x10003784       0x24 CMakeFiles/displayfuncionando.dir/C_/Users/LUIZ_CARLOS/.pico-sdk/sdk/2.2.0/src/rp2_common/pico_bootrom/bootrom.c.obj
                0x10003784                rom_reset_usb_boot_extra
 .text.xosc_init
                0x100037a8       0x28 CMakeFiles/displayfuncionando.dir/C_/Users/LUIZ_CARLOS/.pico-sdk/sdk/2.2.0/src/rp2_common/hardware_xosc/xosc.c.obj
                0x100037a8                xosc_init
 .text.first_per_core_initializer
                0x100037d0        0x4 CMakeFiles/displayfuncionando.dir/C_/Users/LUIZ_CARLOS/.pico-sdk/sdk/2.2.0/src/rp2_common/pico_runtime/runtime.c.obj
 .text.hard_assertion_failure
                0x100037d4        0xc CMakeFiles/displayfuncionando.dir/C_/Users/LUIZ_CARLOS/.pico-sdk/sdk/2.2.0/src/rp2_common/pico_runtime/runtime.c.obj
                0x100037d4                hard_assertion_failure
 .text.runtime_run_initializers
                0x100037e0       0x28 CMakeFiles/displayfuncionando.dir/C_/Users/LUIZ_CARLOS/.pico-sdk/sdk/2.2.0/src/rp2_common/pico_runtime/runtime.c.obj
                0x100037e0                runtime_run_initializers
 .text.runtime_init_early_resets
                0x10003808       0x2c CMakeFiles/displayfuncionando.dir/C_/Users/LUIZ_CARLOS/.pico-sdk/sdk/2.2.0/src/rp2_common/pico_runtime_init/runtime_init.c.obj
                0x10003808                runtime_init_early_resets
 .text.runtime_init_usb_power_down
                0x10003834       0x1c CMakeFiles/displayfuncionando.dir/C_/Users/LUIZ_CARLOS/.pico-sdk/sdk/2.2.0/src/rp2_common/pico_runtime_init/runtime_init.c.obj
                0x10003834                runtime_init_usb_power_down
 .text.runtime_init_post_clock_resets
                0x10003850       0x20 CMakeFiles/displayfuncionando.dir/C_/Users/LUIZ_CARLOS/.pico-sdk/sdk/2.2.0/src/rp2_common/pico_runtime_init/runtime_init.c.obj
                0x10003850                runtime_init_post_clock_resets
 .text.runtime_init_rp2040_gpio_ie_disable
                0x10003870       0x14 CMakeFiles/displayfuncionando.dir/C_/Users/LUIZ_CARLOS/.pico-sdk/sdk/2.2.0/src/rp2_common/pico_runtime_init/runtime_init.c.obj
                0x10003870                runtime_init_rp2040_gpio_ie_disable
 .text.runtime_init_spin_locks_reset
                0x10003884        0x8 CMakeFiles/displayfuncionando.dir/C_/Users/LUIZ_CARLOS/.pico-sdk/sdk/2.2.0/src/rp2_common/pico_runtime_init/runtime_init.c.obj
                0x10003884                runtime_init_spin_locks_reset
 .text.runtime_init_install_ram_vector_table
                0x1000388c       0xb4 CMakeFiles/displayfuncionando.dir/C_/Users/LUIZ_CARLOS/.pico-sdk/sdk/2.2.0/src/rp2_common/pico_runtime_init/runtime_init.c.obj
                0x1000388c                runtime_init_install_ram_vector_table
 .text.runtime_init_clocks
                0x10003940       0xd8 CMakeFiles/displayfuncionando.dir/C_/Users/LUIZ_CARLOS/.pico-sdk/sdk/2.2.0/src/rp2_common/pico_runtime_init/runtime_init_clocks.c.obj
                0x10003940                runtime_init_clocks
 .text          0x10003a18       0x10 CMakeFiles/displayfuncionando.dir/C_/Users/LUIZ_CARLOS/.pico-sdk/sdk/2.2.0/src/rp2_common/pico_bit_ops/bit_ops_aeabi.S.obj
 .text.ctzsi    0x10003a28        0xc CMakeFiles/displayfuncionando.dir/C_/Users/LUIZ_CARLOS/.pico-sdk/sdk/2.2.0/src/rp2_common/pico_bit_ops/bit_ops_aeabi.S.obj
                0x10003a28                __wrap___ctzsi2
 .text.__wrap___aeabi_idiv
                0x10003a34       0x50 CMakeFiles/displayfuncionando.dir/C_/Users/LUIZ_CARLOS/.pico-sdk/sdk/2.2.0/src/rp2_common/pico_divider/divider_hardware.S.obj
                0x10003a34                __wrap___aeabi_idivmod
                0x10003a34                divmod_s32s32
                0x10003a34                div_s32s32
                0x10003a34                __wrap___aeabi_idiv
                0x10003a3c                divmod_s32s32_unsafe
                0x10003a68                divmod_s32s32_savestate
 .text.__wrap___aeabi_uidiv
                0x10003a84       0x4c CMakeFiles/displayfuncionando.dir/C_/Users/LUIZ_CARLOS/.pico-sdk/sdk/2.2.0/src/rp2_common/pico_divider/divider_hardware.S.obj
                0x10003a84                __wrap___aeabi_uidiv
                0x10003a84                __wrap___aeabi_uidivmod
                0x10003a84                div_u32u32
                0x10003a84                divmod_u32u32
                0x10003a8c                divmod_u32u32_unsafe
                0x10003ab4                divmod_u32u32_savestate
 .text.__wrap___aeabi_ldiv
                0x10003ad0      0x424 CMakeFiles/displayfuncionando.dir/C_/Users/LUIZ_CARLOS/.pico-sdk/sdk/2.2.0/src/rp2_common/pico_divider/divider_hardware.S.obj
                0x10003ad0                div_s64s64
                0x10003ad0                divmod_s64s64
                0x10003ad0                __wrap___aeabi_ldivmod
                0x10003b00                divmod_u64u64
                0x10003b00                div_u64u64
                0x10003b00                __wrap___aeabi_uldivmod
                0x10003b10                divmod_u64u64_savestate
                0x10003b30                divmod_s64s64_unsafe
                0x10003bb8                divmod_u64u64_unsafe
 .text.__wrap___aeabi_darithmetic
                0x10003ef4       0x60 CMakeFiles/displayfuncionando.dir/C_/Users/LUIZ_CARLOS/.pico-sdk/sdk/2.2.0/src/rp2_common/pico_double/double_aeabi_rp2040.S.obj
                0x10003ef4                __wrap___aeabi_drsub
                0x10003efa                __wrap___aeabi_dsub
                0x10003f04                __wrap___aeabi_dadd
                0x10003f0e                __wrap___aeabi_ddiv
                0x10003f42                __wrap___aeabi_dmul
 .text.__wrap___aeabi_cdcmple
                0x10003f54       0x6c CMakeFiles/displayfuncionando.dir/C_/Users/LUIZ_CARLOS/.pico-sdk/sdk/2.2.0/src/rp2_common/pico_double/double_aeabi_rp2040.S.obj
                0x10003f54                __wrap___aeabi_cdrcmple
                0x10003f64                __wrap___aeabi_cdcmpeq
                0x10003f64                __wrap___aeabi_cdcmple
 .text.__wrap___aeabi_dcmplt
                0x10003fc0        0xc CMakeFiles/displayfuncionando.dir/C_/Users/LUIZ_CARLOS/.pico-sdk/sdk/2.2.0/src/rp2_common/pico_double/double_aeabi_rp2040.S.obj
                0x10003fc0                __wrap___aeabi_dcmplt
 .text.__wrap___aeabi_dcmple
                0x10003fcc       0x10 CMakeFiles/displayfuncionando.dir/C_/Users/LUIZ_CARLOS/.pico-sdk/sdk/2.2.0/src/rp2_common/pico_double/double_aeabi_rp2040.S.obj
                0x10003fcc                __wrap___aeabi_dcmple
 .text.__wrap___aeabi_dcmpge
                0x10003fdc       0x10 CMakeFiles/displayfuncionando.dir/C_/Users/LUIZ_CARLOS/.pico-sdk/sdk/2.2.0/src/rp2_common/pico_double/double_aeabi_rp2040.S.obj
                0x10003fdc                __wrap___aeabi_dcmpge
 .text.__wrap___aeabi_dcmpgt
                0x10003fec        0xa CMakeFiles/displayfuncionando.dir/C_/Users/LUIZ_CARLOS/.pico-sdk/sdk/2.2.0/src/rp2_common/pico_double/double_aeabi_rp2040.S.obj
                0x10003fec                __wrap___aeabi_dcmpgt
 .text.__wrap___aeabi_dcmpun
                0x10003ff6       0x18 CMakeFiles/displayfuncionando.dir/C_/Users/LUIZ_CARLOS/.pico-sdk/sdk/2.2.0/src/rp2_common/pico_double/double_aeabi_rp2040.S.obj
                0x10003ff6                __wrap___aeabi_dcmpun
 *fill*         0x1000400e        0x2 
 .text.__wrap___aeabi_i2d
                0x10004010       0x38 CMakeFiles/displayfuncionando.dir/C_/Users/LUIZ_CARLOS/.pico-sdk/sdk/2.2.0/src/rp2_common/pico_double/double_aeabi_rp2040.S.obj
                0x10004010                uint2double
                0x10004010                __wrap___aeabi_ui2d
                0x10004018                int2double
                0x10004018                __wrap___aeabi_i2d
 .text.__wrap___aeabi_d2iz
                0x10004048       0x48 CMakeFiles/displayfuncionando.dir/C_/Users/LUIZ_CARLOS/.pico-sdk/sdk/2.2.0/src/rp2_common/pico_double/double_aeabi_rp2040.S.obj
                0x10004048                double2int_z
                0x10004048                __wrap___aeabi_d2iz
 .text.__wrap___aeabi_d2uiz
                0x10004090       0x10 CMakeFiles/displayfuncionando.dir/C_/Users/LUIZ_CARLOS/.pico-sdk/sdk/2.2.0/src/rp2_common/pico_double/double_aeabi_rp2040.S.obj
                0x10004090                double2uint
                0x10004090                __wrap___aeabi_d2uiz
                0x10004090                double2uint_z
 .text.missing_double_func_shim
                0x100040a0        0xc CMakeFiles/displayfuncionando.dir/C_/Users/LUIZ_CARLOS/.pico-sdk/sdk/2.2.0/src/rp2_common/pico_double/double_init_rom_rp2040.c.obj
 .text.__aeabi_double_init
                0x100040ac       0xa0 CMakeFiles/displayfuncionando.dir/C_/Users/LUIZ_CARLOS/.pico-sdk/sdk/2.2.0/src/rp2_common/pico_double/double_init_rom_rp2040.c.obj
                0x100040ac                __aeabi_double_init
 .text.double_table_shim_on_use_helper
                0x1000414c       0x2c CMakeFiles/displayfuncionando.dir/C_/Users/LUIZ_CARLOS/.pico-sdk/sdk/2.2.0/src/rp2_common/pico_double/double_v1_rom_shim_rp2040.S.obj
                0x1000414c                double_table_shim_on_use_helper
 .text.__aeabi_lmul
                0x10004178       0x32 CMakeFiles/displayfuncionando.dir/C_/Users/LUIZ_CARLOS/.pico-sdk/sdk/2.2.0/src/rp2_common/pico_int64_ops/pico_int64_ops_aeabi.S.obj
                0x10004178                __wrap___aeabi_lmul
 *fill*         0x100041aa        0x2 
 .text.__wrap___aeabi_farithmetic
                0x100041ac       0x48 CMakeFiles/displayfuncionando.dir/C_/Users/LUIZ_CARLOS/.pico-sdk/sdk/2.2.0/src/rp2_common/pico_float/float_aeabi_rp2040.S.obj
                0x100041ac                __wrap___aeabi_frsub
                0x100041b2                __wrap___aeabi_fsub
                0x100041b8                __wrap___aeabi_fadd
                0x100041be                __wrap___aeabi_fdiv
                0x100041e6                __wrap___aeabi_fmul
 .text.__wrap___aeabi_cfcmple
                0x100041f4       0x50 CMakeFiles/displayfuncionando.dir/C_/Users/LUIZ_CARLOS/.pico-sdk/sdk/2.2.0/src/rp2_common/pico_float/float_aeabi_rp2040.S.obj
                0x100041f4                __wrap___aeabi_cfrcmple
                0x10004200                __wrap___aeabi_cfcmple
                0x10004200                __wrap___aeabi_cfcmpeq
 .text.__wrap___aeabi_fcmplt
                0x10004244        0xc CMakeFiles/displayfuncionando.dir/C_/Users/LUIZ_CARLOS/.pico-sdk/sdk/2.2.0/src/rp2_common/pico_float/float_aeabi_rp2040.S.obj
                0x10004244                __wrap___aeabi_fcmplt
 .text.__wrap___aeabi_i2f
                0x10004250       0x44 CMakeFiles/displayfuncionando.dir/C_/Users/LUIZ_CARLOS/.pico-sdk/sdk/2.2.0/src/rp2_common/pico_float/float_aeabi_rp2040.S.obj
                0x10004250                __wrap___aeabi_i2f
                0x10004250                int2float
 .text.__wrap___aeabi_f2iz
                0x10004294       0x4e CMakeFiles/displayfuncionando.dir/C_/Users/LUIZ_CARLOS/.pico-sdk/sdk/2.2.0/src/rp2_common/pico_float/float_aeabi_rp2040.S.obj
                0x10004294                float2int_z
                0x10004294                __wrap___aeabi_f2iz
 *fill*         0x100042e2        0x2 
 .text.float2int
                0x100042e4        0xc CMakeFiles/displayfuncionando.dir/C_/Users/LUIZ_CARLOS/.pico-sdk/sdk/2.2.0/src/rp2_common/pico_float/float_aeabi_rp2040.S.obj
                0x100042e4                float2int
 .text.__wrap___aeabi_f2uiz
                0x100042f0        0xc CMakeFiles/displayfuncionando.dir/C_/Users/LUIZ_CARLOS/.pico-sdk/sdk/2.2.0/src/rp2_common/pico_float/float_aeabi_rp2040.S.obj
                0x100042f0                float2uint_z
                0x100042f0                __wrap___aeabi_f2uiz
                0x100042f0                float2uint
 .text.__wrap___aeabi_l2f
                0x100042fc       0x18 CMakeFiles/displayfuncionando.dir/C_/Users/LUIZ_CARLOS/.pico-sdk/sdk/2.2.0/src/rp2_common/pico_float/float_aeabi_rp2040.S.obj
                0x10004300                __wrap___aeabi_l2f
                0x10004300                int642float
 .text.missing_float_func_shim
                0x10004314        0xc CMakeFiles/displayfuncionando.dir/C_/Users/LUIZ_CARLOS/.pico-sdk/sdk/2.2.0/src/rp2_common/pico_float/float_init_rom_rp2040.c.obj
 .text.__aeabi_float_init
                0x10004320       0x5c CMakeFiles/displayfuncionando.dir/C_/Users/LUIZ_CARLOS/.pico-sdk/sdk/2.2.0/src/rp2_common/pico_float/float_init_rom_rp2040.c.obj
                0x10004320                __aeabi_float_init
 .text.__wrap_malloc
                0x1000437c       0x24 CMakeFiles/displayfuncionando.dir/C_/Users/LUIZ_CARLOS/.pico-sdk/sdk/2.2.0/src/rp2_common/pico_malloc/malloc.c.obj
                0x1000437c                __wrap_malloc
 .text.__wrap_calloc
                0x100043a0       0x28 CMakeFiles/displayfuncionando.dir/C_/Users/LUIZ_CARLOS/.pico-sdk/sdk/2.2.0/src/rp2_common/pico_malloc/malloc.c.obj
                0x100043a0                __wrap_calloc
 .text.__wrap_free
                0x100043c8        0x8 CMakeFiles/displayfuncionando.dir/C_/Users/LUIZ_CARLOS/.pico-sdk/sdk/2.2.0/src/rp2_common/pico_malloc/malloc.c.obj
                0x100043c8                __wrap_free
 .text          0x100043d0       0x10 CMakeFiles/displayfuncionando.dir/C_/Users/LUIZ_CARLOS/.pico-sdk/sdk/2.2.0/src/rp2_common/pico_mem_ops/mem_ops_aeabi.S.obj
                0x100043d0                __aeabi_mem_init
 .text.memset   0x100043e0        0xc CMakeFiles/displayfuncionando.dir/C_/Users/LUIZ_CARLOS/.pico-sdk/sdk/2.2.0/src/rp2_common/pico_mem_ops/mem_ops_aeabi.S.obj
                0x100043e0                __wrap_memset
 .text.memcpy   0x100043ec        0xc CMakeFiles/displayfuncionando.dir/C_/Users/LUIZ_CARLOS/.pico-sdk/sdk/2.2.0/src/rp2_common/pico_mem_ops/mem_ops_aeabi.S.obj
                0x100043ec                __wrap_memcpy
                0x100043ec                __wrap___aeabi_memcpy
 .text._out_buffer
                0x100043f8        0x8 CMakeFiles/displayfuncionando.dir/C_/Users/LUIZ_CARLOS/.pico-sdk/sdk/2.2.0/src/rp2_common/pico_printf/printf.c.obj
 .text._out_null
                0x10004400        0x4 CMakeFiles/displayfuncionando.dir/C_/Users/LUIZ_CARLOS/.pico-sdk/sdk/2.2.0/src/rp2_common/pico_printf/printf.c.obj
 .text._out_rev
                0x10004404       0xac CMakeFiles/displayfuncionando.dir/C_/Users/LUIZ_CARLOS/.pico-sdk/sdk/2.2.0/src/rp2_common/pico_printf/printf.c.obj
 .text._ntoa_format
                0x100044b0      0x1cc CMakeFiles/displayfuncionando.dir/C_/Users/LUIZ_CARLOS/.pico-sdk/sdk/2.2.0/src/rp2_common/pico_printf/printf.c.obj
 .text._out_char
                0x1000467c       0x10 CMakeFiles/displayfuncionando.dir/C_/Users/LUIZ_CARLOS/.pico-sdk/sdk/2.2.0/src/rp2_common/pico_printf/printf.c.obj
 .text._out_fct
                0x1000468c       0x10 CMakeFiles/displayfuncionando.dir/C_/Users/LUIZ_CARLOS/.pico-sdk/sdk/2.2.0/src/rp2_common/pico_printf/printf.c.obj
 .text._ftoa    0x1000469c      0x4a8 CMakeFiles/displayfuncionando.dir/C_/Users/LUIZ_CARLOS/.pico-sdk/sdk/2.2.0/src/rp2_common/pico_printf/printf.c.obj
 .text._etoa    0x10004b44      0x57c CMakeFiles/displayfuncionando.dir/C_/Users/LUIZ_CARLOS/.pico-sdk/sdk/2.2.0/src/rp2_common/pico_printf/printf.c.obj
 .text._vsnprintf
                0x100050c0      0xbe0 CMakeFiles/displayfuncionando.dir/C_/Users/LUIZ_CARLOS/.pico-sdk/sdk/2.2.0/src/rp2_common/pico_printf/printf.c.obj
 .text.__wrap_sprintf
                0x10005ca0       0x2c CMakeFiles/displayfuncionando.dir/C_/Users/LUIZ_CARLOS/.pico-sdk/sdk/2.2.0/src/rp2_common/pico_printf/printf.c.obj
                0x10005ca0                __wrap_sprintf
 .text.__wrap_snprintf
                0x10005ccc       0x28 CMakeFiles/displayfuncionando.dir/C_/Users/LUIZ_CARLOS/.pico-sdk/sdk/2.2.0/src/rp2_common/pico_printf/printf.c.obj
                0x10005ccc                __wrap_snprintf
 .text.vfctprintf
                0x10005cf4       0x24 CMakeFiles/displayfuncionando.dir/C_/Users/LUIZ_CARLOS/.pico-sdk/sdk/2.2.0/src/rp2_common/pico_printf/printf.c.obj
                0x10005cf4                vfctprintf
 .text.weak_raw_vprintf
                0x10005d18       0x30 CMakeFiles/displayfuncionando.dir/C_/Users/LUIZ_CARLOS/.pico-sdk/sdk/2.2.0/src/rp2_common/pico_printf/printf.c.obj
                0x10005d18                weak_raw_vprintf
 .text._exit    0x10005d48        0x4 CMakeFiles/displayfuncionando.dir/C_/Users/LUIZ_CARLOS/.pico-sdk/sdk/2.2.0/src/rp2_common/pico_clib_interface/newlib_interface.c.obj
                0x10005d48                _exit
 .text._sbrk    0x10005d4c       0x34 CMakeFiles/displayfuncionando.dir/C_/Users/LUIZ_CARLOS/.pico-sdk/sdk/2.2.0/src/rp2_common/pico_clib_interface/newlib_interface.c.obj
                0x10005d4c                _sbrk
 .text.exit     0x10005d80        0x8 CMakeFiles/displayfuncionando.dir/C_/Users/LUIZ_CARLOS/.pico-sdk/sdk/2.2.0/src/rp2_common/pico_clib_interface/newlib_interface.c.obj
                0x10005d80                exit
 .text.runtime_init
                0x10005d88       0x2c CMakeFiles/displayfuncionando.dir/C_/Users/LUIZ_CARLOS/.pico-sdk/sdk/2.2.0/src/rp2_common/pico_clib_interface/newlib_interface.c.obj
                0x10005d88                runtime_init
 .text.stdio_out_chars_no_crlf
                0x10005db4       0x10 CMakeFiles/displayfuncionando.dir/C_/Users/LUIZ_CARLOS/.pico-sdk/sdk/2.2.0/src/rp2_common/pico_stdio/stdio.c.obj
 .text.stdio_out_chars_crlf
                0x10005dc4       0xb0 CMakeFiles/displayfuncionando.dir/C_/Users/LUIZ_CARLOS/.pico-sdk/sdk/2.2.0/src/rp2_common/pico_stdio/stdio.c.obj
 .text.stdio_buffered_printer
                0x10005e74       0x64 CMakeFiles/displayfuncionando.dir/C_/Users/LUIZ_CARLOS/.pico-sdk/sdk/2.2.0/src/rp2_common/pico_stdio/stdio.c.obj
 .text.stdio_put_string
                0x10005ed8       0xfc CMakeFiles/displayfuncionando.dir/C_/Users/LUIZ_CARLOS/.pico-sdk/sdk/2.2.0/src/rp2_common/pico_stdio/stdio.c.obj
                0x10005ed8                stdio_put_string
 .text.stdio_set_driver_enabled
                0x10005fd4       0x30 CMakeFiles/displayfuncionando.dir/C_/Users/LUIZ_CARLOS/.pico-sdk/sdk/2.2.0/src/rp2_common/pico_stdio/stdio.c.obj
                0x10005fd4                stdio_set_driver_enabled
 .text.stdio_init_all
                0x10006004        0x8 CMakeFiles/displayfuncionando.dir/C_/Users/LUIZ_CARLOS/.pico-sdk/sdk/2.2.0/src/rp2_common/pico_stdio/stdio.c.obj
                0x10006004                stdio_init_all
 .text.__wrap_putchar
                0x1000600c       0x94 CMakeFiles/displayfuncionando.dir/C_/Users/LUIZ_CARLOS/.pico-sdk/sdk/2.2.0/src/rp2_common/pico_stdio/stdio.c.obj
                0x1000600c                __wrap_putchar
                0x1000600c                stdio_putchar
 .text.__wrap_puts
                0x100060a0       0x3c CMakeFiles/displayfuncionando.dir/C_/Users/LUIZ_CARLOS/.pico-sdk/sdk/2.2.0/src/rp2_common/pico_stdio/stdio.c.obj
                0x100060a0                stdio_puts
                0x100060a0                __wrap_puts
 .text.__wrap_vprintf
                0x100060dc       0xcc CMakeFiles/displayfuncionando.dir/C_/Users/LUIZ_CARLOS/.pico-sdk/sdk/2.2.0/src/rp2_common/pico_stdio/stdio.c.obj
                0x100060dc                stdio_vprintf
                0x100060dc                __wrap_vprintf
 .text.__wrap_printf
                0x100061a8       0x18 CMakeFiles/displayfuncionando.dir/C_/Users/LUIZ_CARLOS/.pico-sdk/sdk/2.2.0/src/rp2_common/pico_stdio/stdio.c.obj
                0x100061a8                __wrap_printf
                0x100061a8                stdio_printf
 .text.resetd_init
                0x100061c0        0x4 CMakeFiles/displayfuncionando.dir/C_/Users/LUIZ_CARLOS/.pico-sdk/sdk/2.2.0/src/rp2_common/pico_stdio_usb/reset_interface.c.obj
 .text.resetd_reset
                0x100061c4        0xc CMakeFiles/displayfuncionando.dir/C_/Users/LUIZ_CARLOS/.pico-sdk/sdk/2.2.0/src/rp2_common/pico_stdio_usb/reset_interface.c.obj
 .text.resetd_open
                0x100061d0       0x28 CMakeFiles/displayfuncionando.dir/C_/Users/LUIZ_CARLOS/.pico-sdk/sdk/2.2.0/src/rp2_common/pico_stdio_usb/reset_interface.c.obj
 .text.resetd_xfer_cb
                0x100061f8        0x4 CMakeFiles/displayfuncionando.dir/C_/Users/LUIZ_CARLOS/.pico-sdk/sdk/2.2.0/src/rp2_common/pico_stdio_usb/reset_interface.c.obj
 .text.resetd_control_xfer_cb
                0x100061fc       0x54 CMakeFiles/displayfuncionando.dir/C_/Users/LUIZ_CARLOS/.pico-sdk/sdk/2.2.0/src/rp2_common/pico_stdio_usb/reset_interface.c.obj
 .text.tud_descriptor_bos_cb
                0x10006250        0x8 CMakeFiles/displayfuncionando.dir/C_/Users/LUIZ_CARLOS/.pico-sdk/sdk/2.2.0/src/rp2_common/pico_stdio_usb/reset_interface.c.obj
                0x10006250                tud_descriptor_bos_cb
 .text.tud_vendor_control_xfer_cb
                0x10006258       0x34 CMakeFiles/displayfuncionando.dir/C_/Users/LUIZ_CARLOS/.pico-sdk/sdk/2.2.0/src/rp2_common/pico_stdio_usb/reset_interface.c.obj
                0x10006258                tud_vendor_control_xfer_cb
 .text.usbd_app_driver_get_cb
                0x1000628c        0xc CMakeFiles/displayfuncionando.dir/C_/Users/LUIZ_CARLOS/.pico-sdk/sdk/2.2.0/src/rp2_common/pico_stdio_usb/reset_interface.c.obj
                0x1000628c                usbd_app_driver_get_cb
 .text.tud_cdc_line_coding_cb
                0x10006298       0x2c CMakeFiles/displayfuncionando.dir/C_/Users/LUIZ_CARLOS/.pico-sdk/sdk/2.2.0/src/rp2_common/pico_stdio_usb/reset_interface.c.obj
                0x10006298                tud_cdc_line_coding_cb
 .text.stdio_usb_set_chars_available_callback
                0x100062c4       0x14 CMakeFiles/displayfuncionando.dir/C_/Users/LUIZ_CARLOS/.pico-sdk/sdk/2.2.0/src/rp2_common/pico_stdio_usb/stdio_usb.c.obj
                0x100062c4                stdio_usb_set_chars_available_callback
 .text.usb_irq  0x100062d8       0x10 CMakeFiles/displayfuncionando.dir/C_/Users/LUIZ_CARLOS/.pico-sdk/sdk/2.2.0/src/rp2_common/pico_stdio_usb/stdio_usb.c.obj
 .text.timer_task
                0x100062e8       0x64 CMakeFiles/displayfuncionando.dir/C_/Users/LUIZ_CARLOS/.pico-sdk/sdk/2.2.0/src/rp2_common/pico_stdio_usb/stdio_usb.c.obj
 .text.stdio_usb_in_chars
                0x1000634c       0x8c CMakeFiles/displayfuncionando.dir/C_/Users/LUIZ_CARLOS/.pico-sdk/sdk/2.2.0/src/rp2_common/pico_stdio_usb/stdio_usb.c.obj
                0x1000634c                stdio_usb_in_chars
 .text.stdio_usb_out_flush
                0x100063d8       0x4c CMakeFiles/displayfuncionando.dir/C_/Users/LUIZ_CARLOS/.pico-sdk/sdk/2.2.0/src/rp2_common/pico_stdio_usb/stdio_usb.c.obj
 .text.stdio_usb_out_chars
                0x10006424      0x100 CMakeFiles/displayfuncionando.dir/C_/Users/LUIZ_CARLOS/.pico-sdk/sdk/2.2.0/src/rp2_common/pico_stdio_usb/stdio_usb.c.obj
 .text.low_priority_worker_irq
                0x10006524       0xc8 CMakeFiles/displayfuncionando.dir/C_/Users/LUIZ_CARLOS/.pico-sdk/sdk/2.2.0/src/rp2_common/pico_stdio_usb/stdio_usb.c.obj
 .text.stdio_usb_init
                0x100065ec       0xe8 CMakeFiles/displayfuncionando.dir/C_/Users/LUIZ_CARLOS/.pico-sdk/sdk/2.2.0/src/rp2_common/pico_stdio_usb/stdio_usb.c.obj
                0x100065ec                stdio_usb_init
 .text.tud_descriptor_device_cb
                0x100066d4        0x8 CMakeFiles/displayfuncionando.dir/C_/Users/LUIZ_CARLOS/.pico-sdk/sdk/2.2.0/src/rp2_common/pico_stdio_usb/stdio_usb_descriptors.c.obj
                0x100066d4                tud_descriptor_device_cb
 .text.tud_descriptor_configuration_cb
                0x100066dc        0x8 CMakeFiles/displayfuncionando.dir/C_/Users/LUIZ_CARLOS/.pico-sdk/sdk/2.2.0/src/rp2_common/pico_stdio_usb/stdio_usb_descriptors.c.obj
                0x100066dc                tud_descriptor_configuration_cb
 .text.tud_descriptor_string_cb
                0x100066e4       0x78 CMakeFiles/displayfuncionando.dir/C_/Users/LUIZ_CARLOS/.pico-sdk/sdk/2.2.0/src/rp2_common/pico_stdio_usb/stdio_usb_descriptors.c.obj
                0x100066e4                tud_descriptor_string_cb
 .text.startup._retrieve_unique_id_on_boot
                0x1000675c       0x10 CMakeFiles/displayfuncionando.dir/C_/Users/LUIZ_CARLOS/.pico-sdk/sdk/2.2.0/src/rp2_common/pico_unique_id/unique_id.c.obj
 .text.pico_get_unique_board_id
                0x1000676c       0x10 CMakeFiles/displayfuncionando.dir/C_/Users/LUIZ_CARLOS/.pico-sdk/sdk/2.2.0/src/rp2_common/pico_unique_id/unique_id.c.obj
                0x1000676c                pico_get_unique_board_id
 .text.pico_get_unique_board_id_string
                0x1000677c      0x1a8 CMakeFiles/displayfuncionando.dir/C_/Users/LUIZ_CARLOS/.pico-sdk/sdk/2.2.0/src/rp2_common/pico_unique_id/unique_id.c.obj
                0x1000677c                pico_get_unique_board_id_string
 .text.flash_get_unique_id
                0x10006924       0x3c CMakeFiles/displayfuncionando.dir/C_/Users/LUIZ_CARLOS/.pico-sdk/sdk/2.2.0/src/rp2_common/hardware_flash/flash.c.obj
                0x10006924                flash_get_unique_id
 .text.dcd_init
                0x10006960       0x90 CMakeFiles/displayfuncionando.dir/C_/Users/LUIZ_CARLOS/.pico-sdk/sdk/2.2.0/lib/tinyusb/src/portable/raspberrypi/rp2040/dcd_rp2040.c.obj
                0x10006960                dcd_init
 .text.dcd_int_enable
                0x100069f0        0xc CMakeFiles/displayfuncionando.dir/C_/Users/LUIZ_CARLOS/.pico-sdk/sdk/2.2.0/lib/tinyusb/src/portable/raspberrypi/rp2040/dcd_rp2040.c.obj
                0x100069f0                dcd_int_enable
 .text.dcd_set_address
                0x100069fc       0x14 CMakeFiles/displayfuncionando.dir/C_/Users/LUIZ_CARLOS/.pico-sdk/sdk/2.2.0/lib/tinyusb/src/portable/raspberrypi/rp2040/dcd_rp2040.c.obj
                0x100069fc                dcd_set_address
 .text.dcd_sof_enable
                0x10006a10       0x1c CMakeFiles/displayfuncionando.dir/C_/Users/LUIZ_CARLOS/.pico-sdk/sdk/2.2.0/lib/tinyusb/src/portable/raspberrypi/rp2040/dcd_rp2040.c.obj
                0x10006a10                dcd_sof_enable
 .text.dcd_edpt0_status_complete
                0x10006a2c       0x1c CMakeFiles/displayfuncionando.dir/C_/Users/LUIZ_CARLOS/.pico-sdk/sdk/2.2.0/lib/tinyusb/src/portable/raspberrypi/rp2040/dcd_rp2040.c.obj
                0x10006a2c                dcd_edpt0_status_complete
 .text.dcd_edpt_open
                0x10006a48      0x114 CMakeFiles/displayfuncionando.dir/C_/Users/LUIZ_CARLOS/.pico-sdk/sdk/2.2.0/lib/tinyusb/src/portable/raspberrypi/rp2040/dcd_rp2040.c.obj
                0x10006a48                dcd_edpt_open
 .text.dcd_edpt_close_all
                0x10006b5c        0x8 CMakeFiles/displayfuncionando.dir/C_/Users/LUIZ_CARLOS/.pico-sdk/sdk/2.2.0/lib/tinyusb/src/portable/raspberrypi/rp2040/dcd_rp2040.c.obj
                0x10006b5c                dcd_edpt_close_all
 .text.dcd_edpt_xfer
                0x10006b64       0x24 CMakeFiles/displayfuncionando.dir/C_/Users/LUIZ_CARLOS/.pico-sdk/sdk/2.2.0/lib/tinyusb/src/portable/raspberrypi/rp2040/dcd_rp2040.c.obj
                0x10006b64                dcd_edpt_xfer
 .text.dcd_edpt_stall
                0x10006b88       0x3c CMakeFiles/displayfuncionando.dir/C_/Users/LUIZ_CARLOS/.pico-sdk/sdk/2.2.0/lib/tinyusb/src/portable/raspberrypi/rp2040/dcd_rp2040.c.obj
                0x10006b88                dcd_edpt_stall
 .text.dcd_edpt_clear_stall
                0x10006bc4       0x30 CMakeFiles/displayfuncionando.dir/C_/Users/LUIZ_CARLOS/.pico-sdk/sdk/2.2.0/lib/tinyusb/src/portable/raspberrypi/rp2040/dcd_rp2040.c.obj
                0x10006bc4                dcd_edpt_clear_stall
 .text.rp2040_usb_init
                0x10006bf4       0x40 CMakeFiles/displayfuncionando.dir/C_/Users/LUIZ_CARLOS/.pico-sdk/sdk/2.2.0/lib/tinyusb/src/portable/raspberrypi/rp2040/rp2040_usb.c.obj
                0x10006bf4                rp2040_usb_init
 .text.hw_endpoint_xfer_start
                0x10006c34       0x40 CMakeFiles/displayfuncionando.dir/C_/Users/LUIZ_CARLOS/.pico-sdk/sdk/2.2.0/lib/tinyusb/src/portable/raspberrypi/rp2040/rp2040_usb.c.obj
                0x10006c34                hw_endpoint_xfer_start
 .text.tud_event_hook_cb
                0x10006c74        0x4 CMakeFiles/displayfuncionando.dir/C_/Users/LUIZ_CARLOS/.pico-sdk/sdk/2.2.0/lib/tinyusb/src/device/usbd.c.obj
                0x10006c74                tud_event_hook_cb
 .text.tud_sof_cb
                0x10006c78        0x4 CMakeFiles/displayfuncionando.dir/C_/Users/LUIZ_CARLOS/.pico-sdk/sdk/2.2.0/lib/tinyusb/src/device/usbd.c.obj
                0x10006c78                tud_sof_cb
 .text.tud_descriptor_device_qualifier_cb
                0x10006c7c        0x4 CMakeFiles/displayfuncionando.dir/C_/Users/LUIZ_CARLOS/.pico-sdk/sdk/2.2.0/lib/tinyusb/src/device/usbd.c.obj
                0x10006c7c                tud_descriptor_device_qualifier_cb
 .text.tud_descriptor_other_speed_configuration_cb
                0x10006c80        0x4 CMakeFiles/displayfuncionando.dir/C_/Users/LUIZ_CARLOS/.pico-sdk/sdk/2.2.0/lib/tinyusb/src/device/usbd.c.obj
                0x10006c80                tud_descriptor_other_speed_configuration_cb
 .text.tud_mount_cb
                0x10006c84        0x4 CMakeFiles/displayfuncionando.dir/C_/Users/LUIZ_CARLOS/.pico-sdk/sdk/2.2.0/lib/tinyusb/src/device/usbd.c.obj
                0x10006c84                tud_mount_cb
 .text.tud_umount_cb
                0x10006c88        0x4 CMakeFiles/displayfuncionando.dir/C_/Users/LUIZ_CARLOS/.pico-sdk/sdk/2.2.0/lib/tinyusb/src/device/usbd.c.obj
                0x10006c88                tud_umount_cb
 .text.tud_suspend_cb
                0x10006c8c        0x4 CMakeFiles/displayfuncionando.dir/C_/Users/LUIZ_CARLOS/.pico-sdk/sdk/2.2.0/lib/tinyusb/src/device/usbd.c.obj
                0x10006c8c                tud_suspend_cb
 .text.tud_resume_cb
                0x10006c90        0x4 CMakeFiles/displayfuncionando.dir/C_/Users/LUIZ_CARLOS/.pico-sdk/sdk/2.2.0/lib/tinyusb/src/device/usbd.c.obj
                0x10006c90                tud_resume_cb
 .text.tud_mounted
                0x10006c94       0x10 CMakeFiles/displayfuncionando.dir/C_/Users/LUIZ_CARLOS/.pico-sdk/sdk/2.2.0/lib/tinyusb/src/device/usbd.c.obj
                0x10006c94                tud_mounted
 .text.tud_suspended
                0x10006ca4       0x10 CMakeFiles/displayfuncionando.dir/C_/Users/LUIZ_CARLOS/.pico-sdk/sdk/2.2.0/lib/tinyusb/src/device/usbd.c.obj
                0x10006ca4                tud_suspended
 .text.tud_rhport_init
                0x10006cb4       0xf4 CMakeFiles/displayfuncionando.dir/C_/Users/LUIZ_CARLOS/.pico-sdk/sdk/2.2.0/lib/tinyusb/src/device/usbd.c.obj
                0x10006cb4                tud_rhport_init
 .text.tud_task_ext
                0x10006da8      0x800 CMakeFiles/displayfuncionando.dir/C_/Users/LUIZ_CARLOS/.pico-sdk/sdk/2.2.0/lib/tinyusb/src/device/usbd.c.obj
                0x10006da8                tud_task_ext
 .text.usbd_open_edpt_pair
                0x100075a8       0x9c CMakeFiles/displayfuncionando.dir/C_/Users/LUIZ_CARLOS/.pico-sdk/sdk/2.2.0/lib/tinyusb/src/device/usbd.c.obj
                0x100075a8                usbd_open_edpt_pair
 .text.usbd_edpt_open
                0x10007644       0x34 CMakeFiles/displayfuncionando.dir/C_/Users/LUIZ_CARLOS/.pico-sdk/sdk/2.2.0/lib/tinyusb/src/device/usbd.c.obj
                0x10007644                usbd_edpt_open
 .text.usbd_edpt_claim
                0x10007678       0x28 CMakeFiles/displayfuncionando.dir/C_/Users/LUIZ_CARLOS/.pico-sdk/sdk/2.2.0/lib/tinyusb/src/device/usbd.c.obj
                0x10007678                usbd_edpt_claim
 .text.usbd_edpt_release
                0x100076a0       0x28 CMakeFiles/displayfuncionando.dir/C_/Users/LUIZ_CARLOS/.pico-sdk/sdk/2.2.0/lib/tinyusb/src/device/usbd.c.obj
                0x100076a0                usbd_edpt_release
 .text.usbd_edpt_xfer
                0x100076c8       0x4c CMakeFiles/displayfuncionando.dir/C_/Users/LUIZ_CARLOS/.pico-sdk/sdk/2.2.0/lib/tinyusb/src/device/usbd.c.obj
                0x100076c8                usbd_edpt_xfer
 .text.tud_control_status
                0x10007714       0x2c CMakeFiles/displayfuncionando.dir/C_/Users/LUIZ_CARLOS/.pico-sdk/sdk/2.2.0/lib/tinyusb/src/device/usbd_control.c.obj
                0x10007714                tud_control_status
 .text.tud_control_xfer
                0x10007740       0xa8 CMakeFiles/displayfuncionando.dir/C_/Users/LUIZ_CARLOS/.pico-sdk/sdk/2.2.0/lib/tinyusb/src/device/usbd_control.c.obj
                0x10007740                tud_control_xfer
 .text.usbd_control_reset
                0x100077e8       0x14 CMakeFiles/displayfuncionando.dir/C_/Users/LUIZ_CARLOS/.pico-sdk/sdk/2.2.0/lib/tinyusb/src/device/usbd_control.c.obj
                0x100077e8                usbd_control_reset
 .text.usbd_control_set_complete_callback
                0x100077fc        0xc CMakeFiles/displayfuncionando.dir/C_/Users/LUIZ_CARLOS/.pico-sdk/sdk/2.2.0/lib/tinyusb/src/device/usbd_control.c.obj
                0x100077fc                usbd_control_set_complete_callback
 .text.usbd_control_set_request
                0x10007808       0x1c CMakeFiles/displayfuncionando.dir/C_/Users/LUIZ_CARLOS/.pico-sdk/sdk/2.2.0/lib/tinyusb/src/device/usbd_control.c.obj
                0x10007808                usbd_control_set_request
 .text.usbd_control_xfer_cb
                0x10007824       0xec CMakeFiles/displayfuncionando.dir/C_/Users/LUIZ_CARLOS/.pico-sdk/sdk/2.2.0/lib/tinyusb/src/device/usbd_control.c.obj
                0x10007824                usbd_control_xfer_cb
 .text._prep_out_transaction.isra.0
                0x10007910       0x6c CMakeFiles/displayfuncionando.dir/C_/Users/LUIZ_CARLOS/.pico-sdk/sdk/2.2.0/lib/tinyusb/src/class/cdc/cdc_device.c.obj
 .text.tud_cdc_n_connected
                0x1000797c       0x2c CMakeFiles/displayfuncionando.dir/C_/Users/LUIZ_CARLOS/.pico-sdk/sdk/2.2.0/lib/tinyusb/src/class/cdc/cdc_device.c.obj
                0x1000797c                tud_cdc_n_connected
 .text.tud_cdc_n_available
                0x100079a8       0x14 CMakeFiles/displayfuncionando.dir/C_/Users/LUIZ_CARLOS/.pico-sdk/sdk/2.2.0/lib/tinyusb/src/class/cdc/cdc_device.c.obj
                0x100079a8                tud_cdc_n_available
 .text.tud_cdc_n_read
                0x100079bc       0x88 CMakeFiles/displayfuncionando.dir/C_/Users/LUIZ_CARLOS/.pico-sdk/sdk/2.2.0/lib/tinyusb/src/class/cdc/cdc_device.c.obj
                0x100079bc                tud_cdc_n_read
 .text.tud_cdc_n_write_flush
                0x10007a44       0x74 CMakeFiles/displayfuncionando.dir/C_/Users/LUIZ_CARLOS/.pico-sdk/sdk/2.2.0/lib/tinyusb/src/class/cdc/cdc_device.c.obj
                0x10007a44                tud_cdc_n_write_flush
 .text.tud_cdc_n_write
                0x10007ab8       0x40 CMakeFiles/displayfuncionando.dir/C_/Users/LUIZ_CARLOS/.pico-sdk/sdk/2.2.0/lib/tinyusb/src/class/cdc/cdc_device.c.obj
                0x10007ab8                tud_cdc_n_write
 .text.tud_cdc_n_write_available
                0x10007af8       0x14 CMakeFiles/displayfuncionando.dir/C_/Users/LUIZ_CARLOS/.pico-sdk/sdk/2.2.0/lib/tinyusb/src/class/cdc/cdc_device.c.obj
                0x10007af8                tud_cdc_n_write_available
 .text.cdcd_init
                0x10007b0c       0x70 CMakeFiles/displayfuncionando.dir/C_/Users/LUIZ_CARLOS/.pico-sdk/sdk/2.2.0/lib/tinyusb/src/class/cdc/cdc_device.c.obj
                0x10007b0c                cdcd_init
 .text.cdcd_deinit
                0x10007b7c       0x30 CMakeFiles/displayfuncionando.dir/C_/Users/LUIZ_CARLOS/.pico-sdk/sdk/2.2.0/lib/tinyusb/src/class/cdc/cdc_device.c.obj
                0x10007b7c                cdcd_deinit
 .text.cdcd_reset
                0x10007bac       0x4c CMakeFiles/displayfuncionando.dir/C_/Users/LUIZ_CARLOS/.pico-sdk/sdk/2.2.0/lib/tinyusb/src/class/cdc/cdc_device.c.obj
                0x10007bac                cdcd_reset
 .text.cdcd_open
                0x10007bf8       0xa4 CMakeFiles/displayfuncionando.dir/C_/Users/LUIZ_CARLOS/.pico-sdk/sdk/2.2.0/lib/tinyusb/src/class/cdc/cdc_device.c.obj
                0x10007bf8                cdcd_open
 .text.cdcd_control_xfer_cb
                0x10007c9c       0xe8 CMakeFiles/displayfuncionando.dir/C_/Users/LUIZ_CARLOS/.pico-sdk/sdk/2.2.0/lib/tinyusb/src/class/cdc/cdc_device.c.obj
                0x10007c9c                cdcd_control_xfer_cb
 .text.cdcd_xfer_cb
                0x10007d84      0x100 CMakeFiles/displayfuncionando.dir/C_/Users/LUIZ_CARLOS/.pico-sdk/sdk/2.2.0/lib/tinyusb/src/class/cdc/cdc_device.c.obj
                0x10007d84                cdcd_xfer_cb
 .text.vendord_init
                0x10007e84       0x5c CMakeFiles/displayfuncionando.dir/C_/Users/LUIZ_CARLOS/.pico-sdk/sdk/2.2.0/lib/tinyusb/src/class/vendor/vendor_device.c.obj
                0x10007e84                vendord_init
 .text.vendord_deinit
                0x10007ee0       0x1c CMakeFiles/displayfuncionando.dir/C_/Users/LUIZ_CARLOS/.pico-sdk/sdk/2.2.0/lib/tinyusb/src/class/vendor/vendor_device.c.obj
                0x10007ee0                vendord_deinit
 .text.vendord_reset
                0x10007efc       0x28 CMakeFiles/displayfuncionando.dir/C_/Users/LUIZ_CARLOS/.pico-sdk/sdk/2.2.0/lib/tinyusb/src/class/vendor/vendor_device.c.obj
                0x10007efc                vendord_reset
 .text.vendord_open
                0x10007f24      0x120 CMakeFiles/displayfuncionando.dir/C_/Users/LUIZ_CARLOS/.pico-sdk/sdk/2.2.0/lib/tinyusb/src/class/vendor/vendor_device.c.obj
                0x10007f24                vendord_open
 .text.vendord_xfer_cb
                0x10008044       0x9c CMakeFiles/displayfuncionando.dir/C_/Users/LUIZ_CARLOS/.pico-sdk/sdk/2.2.0/lib/tinyusb/src/class/vendor/vendor_device.c.obj
                0x10008044                vendord_xfer_cb
 .text.tusb_rhport_init
                0x100080e0       0x4c CMakeFiles/displayfuncionando.dir/C_/Users/LUIZ_CARLOS/.pico-sdk/sdk/2.2.0/lib/tinyusb/src/tusb.c.obj
                0x100080e0                tusb_rhport_init
 .text.tu_edpt_claim
                0x1000812c       0x50 CMakeFiles/displayfuncionando.dir/C_/Users/LUIZ_CARLOS/.pico-sdk/sdk/2.2.0/lib/tinyusb/src/tusb.c.obj
                0x1000812c                tu_edpt_claim
 .text.tu_edpt_release
                0x1000817c       0x38 CMakeFiles/displayfuncionando.dir/C_/Users/LUIZ_CARLOS/.pico-sdk/sdk/2.2.0/lib/tinyusb/src/tusb.c.obj
                0x1000817c                tu_edpt_release
 .text.tu_edpt_validate
                0x100081b4       0x7c CMakeFiles/displayfuncionando.dir/C_/Users/LUIZ_CARLOS/.pico-sdk/sdk/2.2.0/lib/tinyusb/src/tusb.c.obj
                0x100081b4                tu_edpt_validate
 .text.tu_edpt_bind_driver
                0x10008230       0x34 CMakeFiles/displayfuncionando.dir/C_/Users/LUIZ_CARLOS/.pico-sdk/sdk/2.2.0/lib/tinyusb/src/tusb.c.obj
                0x10008230                tu_edpt_bind_driver
 .text.tu_edpt_stream_init
                0x10008264       0x6c CMakeFiles/displayfuncionando.dir/C_/Users/LUIZ_CARLOS/.pico-sdk/sdk/2.2.0/lib/tinyusb/src/tusb.c.obj
                0x10008264                tu_edpt_stream_init
 .text.tu_edpt_stream_deinit
                0x100082d0        0x4 CMakeFiles/displayfuncionando.dir/C_/Users/LUIZ_CARLOS/.pico-sdk/sdk/2.2.0/lib/tinyusb/src/tusb.c.obj
                0x100082d0                tu_edpt_stream_deinit
 .text.tu_edpt_stream_write_zlp_if_needed
                0x100082d4       0x68 CMakeFiles/displayfuncionando.dir/C_/Users/LUIZ_CARLOS/.pico-sdk/sdk/2.2.0/lib/tinyusb/src/tusb.c.obj
                0x100082d4                tu_edpt_stream_write_zlp_if_needed
 .text.tu_edpt_stream_write_xfer
                0x1000833c       0x68 CMakeFiles/displayfuncionando.dir/C_/Users/LUIZ_CARLOS/.pico-sdk/sdk/2.2.0/lib/tinyusb/src/tusb.c.obj
                0x1000833c                tu_edpt_stream_write_xfer
 .text.tu_edpt_stream_read_xfer
                0x100083a4       0xd8 CMakeFiles/displayfuncionando.dir/C_/Users/LUIZ_CARLOS/.pico-sdk/sdk/2.2.0/lib/tinyusb/src/tusb.c.obj
                0x100083a4                tu_edpt_stream_read_xfer
 .text.tu_fifo_config
                0x1000847c       0x6c CMakeFiles/displayfuncionando.dir/C_/Users/LUIZ_CARLOS/.pico-sdk/sdk/2.2.0/lib/tinyusb/src/common/tusb_fifo.c.obj
                0x1000847c                tu_fifo_config
 .text.tu_fifo_count
                0x100084e8       0x2c CMakeFiles/displayfuncionando.dir/C_/Users/LUIZ_CARLOS/.pico-sdk/sdk/2.2.0/lib/tinyusb/src/common/tusb_fifo.c.obj
                0x100084e8                tu_fifo_count
 .text.tu_fifo_empty
                0x10008514       0x10 CMakeFiles/displayfuncionando.dir/C_/Users/LUIZ_CARLOS/.pico-sdk/sdk/2.2.0/lib/tinyusb/src/common/tusb_fifo.c.obj
                0x10008514                tu_fifo_empty
 .text.tu_fifo_remaining
                0x10008524       0x2c CMakeFiles/displayfuncionando.dir/C_/Users/LUIZ_CARLOS/.pico-sdk/sdk/2.2.0/lib/tinyusb/src/common/tusb_fifo.c.obj
                0x10008524                tu_fifo_remaining
 .text.tu_fifo_read
                0x10008550       0x9c CMakeFiles/displayfuncionando.dir/C_/Users/LUIZ_CARLOS/.pico-sdk/sdk/2.2.0/lib/tinyusb/src/common/tusb_fifo.c.obj
                0x10008550                tu_fifo_read
 .text.tu_fifo_read_n
                0x100085ec       0xe8 CMakeFiles/displayfuncionando.dir/C_/Users/LUIZ_CARLOS/.pico-sdk/sdk/2.2.0/lib/tinyusb/src/common/tusb_fifo.c.obj
                0x100085ec                tu_fifo_read_n
 .text.tu_fifo_write
                0x100086d4       0xa4 CMakeFiles/displayfuncionando.dir/C_/Users/LUIZ_CARLOS/.pico-sdk/sdk/2.2.0/lib/tinyusb/src/common/tusb_fifo.c.obj
                0x100086d4                tu_fifo_write
 .text.tu_fifo_write_n
                0x10008778      0x178 CMakeFiles/displayfuncionando.dir/C_/Users/LUIZ_CARLOS/.pico-sdk/sdk/2.2.0/lib/tinyusb/src/common/tusb_fifo.c.obj
                0x10008778                tu_fifo_write_n
 .text.tu_fifo_clear
                0x100088f0       0x40 CMakeFiles/displayfuncionando.dir/C_/Users/LUIZ_CARLOS/.pico-sdk/sdk/2.2.0/lib/tinyusb/src/common/tusb_fifo.c.obj
                0x100088f0                tu_fifo_clear
 .text.tu_fifo_set_overwritable
                0x10008930       0x48 CMakeFiles/displayfuncionando.dir/C_/Users/LUIZ_CARLOS/.pico-sdk/sdk/2.2.0/lib/tinyusb/src/common/tusb_fifo.c.obj
                0x10008930                tu_fifo_set_overwritable
 .text.lwip_timeout_reached
                0x10008978        0x8 CMakeFiles/displayfuncionando.dir/C_/Users/LUIZ_CARLOS/.pico-sdk/sdk/2.2.0/src/rp2_common/pico_lwip/lwip_nosys.c.obj
 .text.update_next_timeout
                0x10008980       0x5c CMakeFiles/displayfuncionando.dir/C_/Users/LUIZ_CARLOS/.pico-sdk/sdk/2.2.0/src/rp2_common/pico_lwip/lwip_nosys.c.obj
 .text.lwip_nosys_init
                0x100089dc       0x30 CMakeFiles/displayfuncionando.dir/C_/Users/LUIZ_CARLOS/.pico-sdk/sdk/2.2.0/src/rp2_common/pico_lwip/lwip_nosys.c.obj
                0x100089dc                lwip_nosys_init
 .text.lwip_nosys_deinit
                0x10008a0c       0x20 CMakeFiles/displayfuncionando.dir/C_/Users/LUIZ_CARLOS/.pico-sdk/sdk/2.2.0/src/rp2_common/pico_lwip/lwip_nosys.c.obj
                0x10008a0c                lwip_nosys_deinit
 .text.sys_arch_protect
                0x10008a2c        0x4 CMakeFiles/displayfuncionando.dir/C_/Users/LUIZ_CARLOS/.pico-sdk/sdk/2.2.0/src/rp2_common/pico_lwip/lwip_nosys.c.obj
                0x10008a2c                sys_arch_protect
 .text.sys_arch_unprotect
                0x10008a30        0x4 CMakeFiles/displayfuncionando.dir/C_/Users/LUIZ_CARLOS/.pico-sdk/sdk/2.2.0/src/rp2_common/pico_lwip/lwip_nosys.c.obj
                0x10008a30                sys_arch_unprotect
 .text.sys_now  0x10008a34       0x20 CMakeFiles/displayfuncionando.dir/C_/Users/LUIZ_CARLOS/.pico-sdk/sdk/2.2.0/src/rp2_common/pico_lwip/lwip_nosys.c.obj
                0x10008a34                sys_now
 .text.async_context_base_add_at_time_worker
                0x10008a54       0x28 CMakeFiles/displayfuncionando.dir/C_/Users/LUIZ_CARLOS/.pico-sdk/sdk/2.2.0/src/rp2_common/pico_async_context/async_context_base.c.obj
                0x10008a54                async_context_base_add_at_time_worker
 .text.async_context_base_remove_at_time_worker
                0x10008a7c       0x24 CMakeFiles/displayfuncionando.dir/C_/Users/LUIZ_CARLOS/.pico-sdk/sdk/2.2.0/src/rp2_common/pico_async_context/async_context_base.c.obj
                0x10008a7c                async_context_base_remove_at_time_worker
 .text.async_context_base_add_when_pending_worker
                0x10008aa0       0x24 CMakeFiles/displayfuncionando.dir/C_/Users/LUIZ_CARLOS/.pico-sdk/sdk/2.2.0/src/rp2_common/pico_async_context/async_context_base.c.obj
                0x10008aa0                async_context_base_add_when_pending_worker
 .text.async_context_base_remove_when_pending_worker
                0x10008ac4       0x24 CMakeFiles/displayfuncionando.dir/C_/Users/LUIZ_CARLOS/.pico-sdk/sdk/2.2.0/src/rp2_common/pico_async_context/async_context_base.c.obj
                0x10008ac4                async_context_base_remove_when_pending_worker
 .text.async_context_base_execute_once
                0x10008ae8      0x108 CMakeFiles/displayfuncionando.dir/C_/Users/LUIZ_CARLOS/.pico-sdk/sdk/2.2.0/src/rp2_common/pico_async_context/async_context_base.c.obj
                0x10008ae8                async_context_base_execute_once
 .text.splitmix64
                0x10008bf0       0x58 CMakeFiles/displayfuncionando.dir/C_/Users/LUIZ_CARLOS/.pico-sdk/sdk/2.2.0/src/rp2_common/pico_rand/rand.c.obj
 .text.xoroshiro128ss
                0x10008c48       0x90 CMakeFiles/displayfuncionando.dir/C_/Users/LUIZ_CARLOS/.pico-sdk/sdk/2.2.0/src/rp2_common/pico_rand/rand.c.obj
 .text.get_rand_64
                0x10008cd8      0x47c CMakeFiles/displayfuncionando.dir/C_/Users/LUIZ_CARLOS/.pico-sdk/sdk/2.2.0/src/rp2_common/pico_rand/rand.c.obj
                0x10008cd8                get_rand_64
 .text.get_rand_32
                0x10009154        0x8 CMakeFiles/displayfuncionando.dir/C_/Users/LUIZ_CARLOS/.pico-sdk/sdk/2.2.0/src/rp2_common/pico_rand/rand.c.obj
                0x10009154                get_rand_32
 .text.lwip_init
                0x1000915c       0x24 CMakeFiles/displayfuncionando.dir/C_/Users/LUIZ_CARLOS/.pico-sdk/sdk/2.2.0/lib/lwip/src/core/init.c.obj
                0x1000915c                lwip_init
 .text.lwip_htons
                0x10009180        0x8 CMakeFiles/displayfuncionando.dir/C_/Users/LUIZ_CARLOS/.pico-sdk/sdk/2.2.0/lib/lwip/src/core/def.c.obj
                0x10009180                lwip_htons
 .text.lwip_htonl
                0x10009188        0x4 CMakeFiles/displayfuncionando.dir/C_/Users/LUIZ_CARLOS/.pico-sdk/sdk/2.2.0/lib/lwip/src/core/def.c.obj
                0x10009188                lwip_htonl
 .text.dns_call_found
                0x1000918c      0x184 CMakeFiles/displayfuncionando.dir/C_/Users/LUIZ_CARLOS/.pico-sdk/sdk/2.2.0/lib/lwip/src/core/dns.c.obj
 .text.dns_send.isra.0
                0x10009310      0x174 CMakeFiles/displayfuncionando.dir/C_/Users/LUIZ_CARLOS/.pico-sdk/sdk/2.2.0/lib/lwip/src/core/dns.c.obj
 .text.dns_init
                0x10009484        0x4 CMakeFiles/displayfuncionando.dir/C_/Users/LUIZ_CARLOS/.pico-sdk/sdk/2.2.0/lib/lwip/src/core/dns.c.obj
                0x10009484                dns_init
 .text.dns_setserver
                0x10009488       0x24 CMakeFiles/displayfuncionando.dir/C_/Users/LUIZ_CARLOS/.pico-sdk/sdk/2.2.0/lib/lwip/src/core/dns.c.obj
                0x10009488                dns_setserver
 .text.dns_tmr  0x100094ac      0x130 CMakeFiles/displayfuncionando.dir/C_/Users/LUIZ_CARLOS/.pico-sdk/sdk/2.2.0/lib/lwip/src/core/dns.c.obj
                0x100094ac                dns_tmr
 .text.lwip_standard_chksum
                0x100095dc       0xf4 CMakeFiles/displayfuncionando.dir/C_/Users/LUIZ_CARLOS/.pico-sdk/sdk/2.2.0/lib/lwip/src/core/inet_chksum.c.obj
                0x100095dc                lwip_standard_chksum
 .text.inet_chksum_pseudo
                0x100096d0       0xbc CMakeFiles/displayfuncionando.dir/C_/Users/LUIZ_CARLOS/.pico-sdk/sdk/2.2.0/lib/lwip/src/core/inet_chksum.c.obj
                0x100096d0                inet_chksum_pseudo
 .text.ip_chksum_pseudo
                0x1000978c       0x10 CMakeFiles/displayfuncionando.dir/C_/Users/LUIZ_CARLOS/.pico-sdk/sdk/2.2.0/lib/lwip/src/core/inet_chksum.c.obj
                0x1000978c                ip_chksum_pseudo
 .text.inet_chksum
                0x1000979c        0xc CMakeFiles/displayfuncionando.dir/C_/Users/LUIZ_CARLOS/.pico-sdk/sdk/2.2.0/lib/lwip/src/core/inet_chksum.c.obj
                0x1000979c                inet_chksum
 .text.inet_chksum_pbuf
                0x100097a8       0x78 CMakeFiles/displayfuncionando.dir/C_/Users/LUIZ_CARLOS/.pico-sdk/sdk/2.2.0/lib/lwip/src/core/inet_chksum.c.obj
                0x100097a8                inet_chksum_pbuf
 .text.mem_init
                0x10009820        0x4 CMakeFiles/displayfuncionando.dir/C_/Users/LUIZ_CARLOS/.pico-sdk/sdk/2.2.0/lib/lwip/src/core/mem.c.obj
                0x10009820                mem_init
 .text.mem_trim
                0x10009824        0x4 CMakeFiles/displayfuncionando.dir/C_/Users/LUIZ_CARLOS/.pico-sdk/sdk/2.2.0/lib/lwip/src/core/mem.c.obj
                0x10009824                mem_trim
 .text.mem_malloc
                0x10009828       0x2c CMakeFiles/displayfuncionando.dir/C_/Users/LUIZ_CARLOS/.pico-sdk/sdk/2.2.0/lib/lwip/src/core/mem.c.obj
                0x10009828                mem_malloc
 .text.mem_free
                0x10009854       0x2c CMakeFiles/displayfuncionando.dir/C_/Users/LUIZ_CARLOS/.pico-sdk/sdk/2.2.0/lib/lwip/src/core/mem.c.obj
                0x10009854                mem_free
 .text.memp_init
                0x10009880       0x6c CMakeFiles/displayfuncionando.dir/C_/Users/LUIZ_CARLOS/.pico-sdk/sdk/2.2.0/lib/lwip/src/core/memp.c.obj
                0x10009880                memp_init
 .text.memp_malloc
                0x100098ec       0x40 CMakeFiles/displayfuncionando.dir/C_/Users/LUIZ_CARLOS/.pico-sdk/sdk/2.2.0/lib/lwip/src/core/memp.c.obj
                0x100098ec                memp_malloc
 .text.memp_free
                0x1000992c       0x38 CMakeFiles/displayfuncionando.dir/C_/Users/LUIZ_CARLOS/.pico-sdk/sdk/2.2.0/lib/lwip/src/core/memp.c.obj
                0x1000992c                memp_free
 .text.netif_null_output_ip4
                0x10009964        0x8 CMakeFiles/displayfuncionando.dir/C_/Users/LUIZ_CARLOS/.pico-sdk/sdk/2.2.0/lib/lwip/src/core/netif.c.obj
 .text.netif_do_set_ipaddr.isra.0
                0x1000996c       0x70 CMakeFiles/displayfuncionando.dir/C_/Users/LUIZ_CARLOS/.pico-sdk/sdk/2.2.0/lib/lwip/src/core/netif.c.obj
 .text.netif_init
                0x100099dc        0x4 CMakeFiles/displayfuncionando.dir/C_/Users/LUIZ_CARLOS/.pico-sdk/sdk/2.2.0/lib/lwip/src/core/netif.c.obj
                0x100099dc                netif_init
 .text.netif_add
                0x100099e0      0x174 CMakeFiles/displayfuncionando.dir/C_/Users/LUIZ_CARLOS/.pico-sdk/sdk/2.2.0/lib/lwip/src/core/netif.c.obj
                0x100099e0                netif_add
 .text.netif_set_addr
                0x10009b54       0xb8 CMakeFiles/displayfuncionando.dir/C_/Users/LUIZ_CARLOS/.pico-sdk/sdk/2.2.0/lib/lwip/src/core/netif.c.obj
                0x10009b54                netif_set_addr
 .text.netif_remove
                0x10009c0c       0x94 CMakeFiles/displayfuncionando.dir/C_/Users/LUIZ_CARLOS/.pico-sdk/sdk/2.2.0/lib/lwip/src/core/netif.c.obj
                0x10009c0c                netif_remove
 .text.netif_set_default
                0x10009ca0        0xc CMakeFiles/displayfuncionando.dir/C_/Users/LUIZ_CARLOS/.pico-sdk/sdk/2.2.0/lib/lwip/src/core/netif.c.obj
                0x10009ca0                netif_set_default
 .text.netif_set_up
                0x10009cac       0x40 CMakeFiles/displayfuncionando.dir/C_/Users/LUIZ_CARLOS/.pico-sdk/sdk/2.2.0/lib/lwip/src/core/netif.c.obj
                0x10009cac                netif_set_up
 .text.netif_set_link_up
                0x10009cec       0x44 CMakeFiles/displayfuncionando.dir/C_/Users/LUIZ_CARLOS/.pico-sdk/sdk/2.2.0/lib/lwip/src/core/netif.c.obj
                0x10009cec                netif_set_link_up
 .text.netif_set_link_down
                0x10009d30       0x20 CMakeFiles/displayfuncionando.dir/C_/Users/LUIZ_CARLOS/.pico-sdk/sdk/2.2.0/lib/lwip/src/core/netif.c.obj
                0x10009d30                netif_set_link_down
 .text.netif_get_by_index
                0x10009d50       0x2c CMakeFiles/displayfuncionando.dir/C_/Users/LUIZ_CARLOS/.pico-sdk/sdk/2.2.0/lib/lwip/src/core/netif.c.obj
                0x10009d50                netif_get_by_index
 .text.pbuf_free.part.0
                0x10009d7c       0x7c CMakeFiles/displayfuncionando.dir/C_/Users/LUIZ_CARLOS/.pico-sdk/sdk/2.2.0/lib/lwip/src/core/pbuf.c.obj
 .text.pbuf_free_ooseq
                0x10009df8       0x34 CMakeFiles/displayfuncionando.dir/C_/Users/LUIZ_CARLOS/.pico-sdk/sdk/2.2.0/lib/lwip/src/core/pbuf.c.obj
                0x10009df8                pbuf_free_ooseq
 .text.pbuf_alloc
                0x10009e2c      0x12c CMakeFiles/displayfuncionando.dir/C_/Users/LUIZ_CARLOS/.pico-sdk/sdk/2.2.0/lib/lwip/src/core/pbuf.c.obj
                0x10009e2c                pbuf_alloc
 .text.pbuf_realloc
                0x10009f58       0x84 CMakeFiles/displayfuncionando.dir/C_/Users/LUIZ_CARLOS/.pico-sdk/sdk/2.2.0/lib/lwip/src/core/pbuf.c.obj
                0x10009f58                pbuf_realloc
 .text.pbuf_add_header
                0x10009fdc       0x54 CMakeFiles/displayfuncionando.dir/C_/Users/LUIZ_CARLOS/.pico-sdk/sdk/2.2.0/lib/lwip/src/core/pbuf.c.obj
                0x10009fdc                pbuf_add_header
 .text.pbuf_remove_header
                0x1000a030       0x3c CMakeFiles/displayfuncionando.dir/C_/Users/LUIZ_CARLOS/.pico-sdk/sdk/2.2.0/lib/lwip/src/core/pbuf.c.obj
                0x1000a030                pbuf_remove_header
 .text.pbuf_header_force
                0x1000a06c       0x68 CMakeFiles/displayfuncionando.dir/C_/Users/LUIZ_CARLOS/.pico-sdk/sdk/2.2.0/lib/lwip/src/core/pbuf.c.obj
                0x1000a06c                pbuf_header_force
 .text.pbuf_free
                0x1000a0d4       0x18 CMakeFiles/displayfuncionando.dir/C_/Users/LUIZ_CARLOS/.pico-sdk/sdk/2.2.0/lib/lwip/src/core/pbuf.c.obj
                0x1000a0d4                pbuf_free
 .text.pbuf_clen
                0x1000a0ec       0x14 CMakeFiles/displayfuncionando.dir/C_/Users/LUIZ_CARLOS/.pico-sdk/sdk/2.2.0/lib/lwip/src/core/pbuf.c.obj
                0x1000a0ec                pbuf_clen
 .text.pbuf_ref
                0x1000a100       0x28 CMakeFiles/displayfuncionando.dir/C_/Users/LUIZ_CARLOS/.pico-sdk/sdk/2.2.0/lib/lwip/src/core/pbuf.c.obj
                0x1000a100                pbuf_ref
 .text.pbuf_cat
                0x1000a128       0x54 CMakeFiles/displayfuncionando.dir/C_/Users/LUIZ_CARLOS/.pico-sdk/sdk/2.2.0/lib/lwip/src/core/pbuf.c.obj
                0x1000a128                pbuf_cat
 .text.pbuf_chain
                0x1000a17c       0x70 CMakeFiles/displayfuncionando.dir/C_/Users/LUIZ_CARLOS/.pico-sdk/sdk/2.2.0/lib/lwip/src/core/pbuf.c.obj
                0x1000a17c                pbuf_chain
 .text.pbuf_copy_partial_pbuf
                0x1000a1ec      0x158 CMakeFiles/displayfuncionando.dir/C_/Users/LUIZ_CARLOS/.pico-sdk/sdk/2.2.0/lib/lwip/src/core/pbuf.c.obj
                0x1000a1ec                pbuf_copy_partial_pbuf
 .text.pbuf_copy
                0x1000a344       0x18 CMakeFiles/displayfuncionando.dir/C_/Users/LUIZ_CARLOS/.pico-sdk/sdk/2.2.0/lib/lwip/src/core/pbuf.c.obj
                0x1000a344                pbuf_copy
 .text.pbuf_copy_partial
                0x1000a35c       0x70 CMakeFiles/displayfuncionando.dir/C_/Users/LUIZ_CARLOS/.pico-sdk/sdk/2.2.0/lib/lwip/src/core/pbuf.c.obj
                0x1000a35c                pbuf_copy_partial
 .text.pbuf_take
                0x1000a3cc       0x78 CMakeFiles/displayfuncionando.dir/C_/Users/LUIZ_CARLOS/.pico-sdk/sdk/2.2.0/lib/lwip/src/core/pbuf.c.obj
                0x1000a3cc                pbuf_take
 .text.pbuf_take_at
                0x1000a444       0xc0 CMakeFiles/displayfuncionando.dir/C_/Users/LUIZ_CARLOS/.pico-sdk/sdk/2.2.0/lib/lwip/src/core/pbuf.c.obj
                0x1000a444                pbuf_take_at
 .text.pbuf_clone
                0x1000a504       0x30 CMakeFiles/displayfuncionando.dir/C_/Users/LUIZ_CARLOS/.pico-sdk/sdk/2.2.0/lib/lwip/src/core/pbuf.c.obj
                0x1000a504                pbuf_clone
 .text.pbuf_put_at
                0x1000a534       0x1c CMakeFiles/displayfuncionando.dir/C_/Users/LUIZ_CARLOS/.pico-sdk/sdk/2.2.0/lib/lwip/src/core/pbuf.c.obj
                0x1000a534                pbuf_put_at
 .text.raw_input
                0x1000a550      0x164 CMakeFiles/displayfuncionando.dir/C_/Users/LUIZ_CARLOS/.pico-sdk/sdk/2.2.0/lib/lwip/src/core/raw.c.obj
                0x1000a550                raw_input
 .text.raw_netif_ip_addr_changed
                0x1000a6b4       0x40 CMakeFiles/displayfuncionando.dir/C_/Users/LUIZ_CARLOS/.pico-sdk/sdk/2.2.0/lib/lwip/src/core/raw.c.obj
                0x1000a6b4                raw_netif_ip_addr_changed
 .text.stats_init
                0x1000a6f4        0x4 CMakeFiles/displayfuncionando.dir/C_/Users/LUIZ_CARLOS/.pico-sdk/sdk/2.2.0/lib/lwip/src/core/stats.c.obj
                0x1000a6f4                stats_init
 .text.tcp_close_shutdown_fin
                0x1000a6f8       0x54 CMakeFiles/displayfuncionando.dir/C_/Users/LUIZ_CARLOS/.pico-sdk/sdk/2.2.0/lib/lwip/src/core/tcp.c.obj
 .text.tcp_pcb_purge.part.0
                0x1000a74c       0xc4 CMakeFiles/displayfuncionando.dir/C_/Users/LUIZ_CARLOS/.pico-sdk/sdk/2.2.0/lib/lwip/src/core/tcp.c.obj
 .text.tcp_init
                0x1000a810       0x20 CMakeFiles/displayfuncionando.dir/C_/Users/LUIZ_CARLOS/.pico-sdk/sdk/2.2.0/lib/lwip/src/core/tcp.c.obj
                0x1000a810                tcp_init
 .text.tcp_free
                0x1000a830       0x1c CMakeFiles/displayfuncionando.dir/C_/Users/LUIZ_CARLOS/.pico-sdk/sdk/2.2.0/lib/lwip/src/core/tcp.c.obj
                0x1000a830                tcp_free
 .text.tcp_bind
                0x1000a84c       0xf4 CMakeFiles/displayfuncionando.dir/C_/Users/LUIZ_CARLOS/.pico-sdk/sdk/2.2.0/lib/lwip/src/core/tcp.c.obj
                0x1000a84c                tcp_bind
 .text.tcp_listen_with_backlog
                0x1000a940       0x98 CMakeFiles/displayfuncionando.dir/C_/Users/LUIZ_CARLOS/.pico-sdk/sdk/2.2.0/lib/lwip/src/core/tcp.c.obj
                0x1000a940                tcp_listen_with_backlog
 .text.tcp_update_rcv_ann_wnd
                0x1000a9d8       0x58 CMakeFiles/displayfuncionando.dir/C_/Users/LUIZ_CARLOS/.pico-sdk/sdk/2.2.0/lib/lwip/src/core/tcp.c.obj
                0x1000a9d8                tcp_update_rcv_ann_wnd
 .text.tcp_recved
                0x1000aa30       0x98 CMakeFiles/displayfuncionando.dir/C_/Users/LUIZ_CARLOS/.pico-sdk/sdk/2.2.0/lib/lwip/src/core/tcp.c.obj
                0x1000aa30                tcp_recved
 .text.tcp_slowtmr
                0x1000aac8      0x514 CMakeFiles/displayfuncionando.dir/C_/Users/LUIZ_CARLOS/.pico-sdk/sdk/2.2.0/lib/lwip/src/core/tcp.c.obj
                0x1000aac8                tcp_slowtmr
 .text.tcp_segs_free
                0x1000afdc       0x38 CMakeFiles/displayfuncionando.dir/C_/Users/LUIZ_CARLOS/.pico-sdk/sdk/2.2.0/lib/lwip/src/core/tcp.c.obj
                0x1000afdc                tcp_segs_free
 .text.tcp_seg_free
                0x1000b014       0x1c CMakeFiles/displayfuncionando.dir/C_/Users/LUIZ_CARLOS/.pico-sdk/sdk/2.2.0/lib/lwip/src/core/tcp.c.obj
                0x1000b014                tcp_seg_free
 .text.tcp_seg_copy
                0x1000b030       0x2c CMakeFiles/displayfuncionando.dir/C_/Users/LUIZ_CARLOS/.pico-sdk/sdk/2.2.0/lib/lwip/src/core/tcp.c.obj
                0x1000b030                tcp_seg_copy
 .text.tcp_recv
                0x1000b05c       0x1c CMakeFiles/displayfuncionando.dir/C_/Users/LUIZ_CARLOS/.pico-sdk/sdk/2.2.0/lib/lwip/src/core/tcp.c.obj
                0x1000b05c                tcp_recv
 .text.tcp_accept
                0x1000b078       0x10 CMakeFiles/displayfuncionando.dir/C_/Users/LUIZ_CARLOS/.pico-sdk/sdk/2.2.0/lib/lwip/src/core/tcp.c.obj
                0x1000b078                tcp_accept
 .text.tcp_pcb_purge
                0x1000b088       0x18 CMakeFiles/displayfuncionando.dir/C_/Users/LUIZ_CARLOS/.pico-sdk/sdk/2.2.0/lib/lwip/src/core/tcp.c.obj
                0x1000b088                tcp_pcb_purge
 .text.tcp_pcb_remove
                0x1000b0a0       0xc8 CMakeFiles/displayfuncionando.dir/C_/Users/LUIZ_CARLOS/.pico-sdk/sdk/2.2.0/lib/lwip/src/core/tcp.c.obj
                0x1000b0a0                tcp_pcb_remove
 .text.tcp_abandon
                0x1000b168      0x1a0 CMakeFiles/displayfuncionando.dir/C_/Users/LUIZ_CARLOS/.pico-sdk/sdk/2.2.0/lib/lwip/src/core/tcp.c.obj
                0x1000b168                tcp_abandon
 .text.tcp_abort
                0x1000b308        0xc CMakeFiles/displayfuncionando.dir/C_/Users/LUIZ_CARLOS/.pico-sdk/sdk/2.2.0/lib/lwip/src/core/tcp.c.obj
                0x1000b308                tcp_abort
 .text.tcp_accept_null
                0x1000b314       0x20 CMakeFiles/displayfuncionando.dir/C_/Users/LUIZ_CARLOS/.pico-sdk/sdk/2.2.0/lib/lwip/src/core/tcp.c.obj
 .text.tcp_alloc
                0x1000b334      0x1d4 CMakeFiles/displayfuncionando.dir/C_/Users/LUIZ_CARLOS/.pico-sdk/sdk/2.2.0/lib/lwip/src/core/tcp.c.obj
                0x1000b334                tcp_alloc
 .text.tcp_new_ip_type
                0x1000b508        0xc CMakeFiles/displayfuncionando.dir/C_/Users/LUIZ_CARLOS/.pico-sdk/sdk/2.2.0/lib/lwip/src/core/tcp.c.obj
                0x1000b508                tcp_new_ip_type
 .text.tcp_close_shutdown
                0x1000b514      0x188 CMakeFiles/displayfuncionando.dir/C_/Users/LUIZ_CARLOS/.pico-sdk/sdk/2.2.0/lib/lwip/src/core/tcp.c.obj
 .text.tcp_recv_null
                0x1000b69c       0xcc CMakeFiles/displayfuncionando.dir/C_/Users/LUIZ_CARLOS/.pico-sdk/sdk/2.2.0/lib/lwip/src/core/tcp.c.obj
                0x1000b69c                tcp_recv_null
 .text.tcp_process_refused_data
                0x1000b768       0x78 CMakeFiles/displayfuncionando.dir/C_/Users/LUIZ_CARLOS/.pico-sdk/sdk/2.2.0/lib/lwip/src/core/tcp.c.obj
                0x1000b768                tcp_process_refused_data
 .text.tcp_fasttmr
                0x1000b7e0       0x98 CMakeFiles/displayfuncionando.dir/C_/Users/LUIZ_CARLOS/.pico-sdk/sdk/2.2.0/lib/lwip/src/core/tcp.c.obj
                0x1000b7e0                tcp_fasttmr
 .text.tcp_tmr  0x1000b878       0x20 CMakeFiles/displayfuncionando.dir/C_/Users/LUIZ_CARLOS/.pico-sdk/sdk/2.2.0/lib/lwip/src/core/tcp.c.obj
                0x1000b878                tcp_tmr
 .text.tcp_close
                0x1000b898      0x170 CMakeFiles/displayfuncionando.dir/C_/Users/LUIZ_CARLOS/.pico-sdk/sdk/2.2.0/lib/lwip/src/core/tcp.c.obj
                0x1000b898                tcp_close
 .text.tcp_next_iss
                0x1000ba08       0x28 CMakeFiles/displayfuncionando.dir/C_/Users/LUIZ_CARLOS/.pico-sdk/sdk/2.2.0/lib/lwip/src/core/tcp.c.obj
                0x1000ba08                tcp_next_iss
 .text.tcp_eff_send_mss_netif
                0x1000ba30       0x34 CMakeFiles/displayfuncionando.dir/C_/Users/LUIZ_CARLOS/.pico-sdk/sdk/2.2.0/lib/lwip/src/core/tcp.c.obj
                0x1000ba30                tcp_eff_send_mss_netif
 .text.tcp_netif_ip_addr_changed
                0x1000ba64       0x94 CMakeFiles/displayfuncionando.dir/C_/Users/LUIZ_CARLOS/.pico-sdk/sdk/2.2.0/lib/lwip/src/core/tcp.c.obj
                0x1000ba64                tcp_netif_ip_addr_changed
 .text.tcp_free_ooseq
                0x1000baf8       0x40 CMakeFiles/displayfuncionando.dir/C_/Users/LUIZ_CARLOS/.pico-sdk/sdk/2.2.0/lib/lwip/src/core/tcp.c.obj
                0x1000baf8                tcp_free_ooseq
 .text.tcp_parseopt
                0x1000bb38      0x1b0 CMakeFiles/displayfuncionando.dir/C_/Users/LUIZ_CARLOS/.pico-sdk/sdk/2.2.0/lib/lwip/src/core/tcp_in.c.obj
 .text.tcp_oos_insert_segment
                0x1000bce8       0xcc CMakeFiles/displayfuncionando.dir/C_/Users/LUIZ_CARLOS/.pico-sdk/sdk/2.2.0/lib/lwip/src/core/tcp_in.c.obj
 .text.tcp_free_acked_segments.isra.0
                0x1000bdb4       0xdc CMakeFiles/displayfuncionando.dir/C_/Users/LUIZ_CARLOS/.pico-sdk/sdk/2.2.0/lib/lwip/src/core/tcp_in.c.obj
 .text.tcp_receive
                0x1000be90      0xa34 CMakeFiles/displayfuncionando.dir/C_/Users/LUIZ_CARLOS/.pico-sdk/sdk/2.2.0/lib/lwip/src/core/tcp_in.c.obj
 .text.tcp_input
                0x1000c8c4      0xe3c CMakeFiles/displayfuncionando.dir/C_/Users/LUIZ_CARLOS/.pico-sdk/sdk/2.2.0/lib/lwip/src/core/tcp_in.c.obj
                0x1000c8c4                tcp_input
 .text.tcp_trigger_input_pcb_close
                0x1000d700       0x10 CMakeFiles/displayfuncionando.dir/C_/Users/LUIZ_CARLOS/.pico-sdk/sdk/2.2.0/lib/lwip/src/core/tcp_in.c.obj
                0x1000d700                tcp_trigger_input_pcb_close
 .text.tcp_create_segment
                0x1000d710       0xe8 CMakeFiles/displayfuncionando.dir/C_/Users/LUIZ_CARLOS/.pico-sdk/sdk/2.2.0/lib/lwip/src/core/tcp_out.c.obj
 .text.tcp_output_control_segment
                0x1000d7f8       0xb4 CMakeFiles/displayfuncionando.dir/C_/Users/LUIZ_CARLOS/.pico-sdk/sdk/2.2.0/lib/lwip/src/core/tcp_out.c.obj
 .text.tcp_write
                0x1000d8ac      0x470 CMakeFiles/displayfuncionando.dir/C_/Users/LUIZ_CARLOS/.pico-sdk/sdk/2.2.0/lib/lwip/src/core/tcp_out.c.obj
                0x1000d8ac                tcp_write
 .text.tcp_split_unsent_seg
                0x1000dd1c      0x1b4 CMakeFiles/displayfuncionando.dir/C_/Users/LUIZ_CARLOS/.pico-sdk/sdk/2.2.0/lib/lwip/src/core/tcp_out.c.obj
                0x1000dd1c                tcp_split_unsent_seg
 .text.tcp_send_fin
                0x1000ded0      0x118 CMakeFiles/displayfuncionando.dir/C_/Users/LUIZ_CARLOS/.pico-sdk/sdk/2.2.0/lib/lwip/src/core/tcp_out.c.obj
                0x1000ded0                tcp_send_fin
 .text.tcp_enqueue_flags
                0x1000dfe8      0x12c CMakeFiles/displayfuncionando.dir/C_/Users/LUIZ_CARLOS/.pico-sdk/sdk/2.2.0/lib/lwip/src/core/tcp_out.c.obj
                0x1000dfe8                tcp_enqueue_flags
 .text.tcp_rexmit_rto_prepare
                0x1000e114       0x9c CMakeFiles/displayfuncionando.dir/C_/Users/LUIZ_CARLOS/.pico-sdk/sdk/2.2.0/lib/lwip/src/core/tcp_out.c.obj
                0x1000e114                tcp_rexmit_rto_prepare
 .text.tcp_rexmit
                0x1000e1b0       0x9c CMakeFiles/displayfuncionando.dir/C_/Users/LUIZ_CARLOS/.pico-sdk/sdk/2.2.0/lib/lwip/src/core/tcp_out.c.obj
                0x1000e1b0                tcp_rexmit
 .text.tcp_rexmit_fast
                0x1000e24c       0x64 CMakeFiles/displayfuncionando.dir/C_/Users/LUIZ_CARLOS/.pico-sdk/sdk/2.2.0/lib/lwip/src/core/tcp_out.c.obj
                0x1000e24c                tcp_rexmit_fast
 .text.tcp_rst  0x1000e2b0       0xe8 CMakeFiles/displayfuncionando.dir/C_/Users/LUIZ_CARLOS/.pico-sdk/sdk/2.2.0/lib/lwip/src/core/tcp_out.c.obj
                0x1000e2b0                tcp_rst
 .text.tcp_rst_netif
                0x1000e398      0x130 CMakeFiles/displayfuncionando.dir/C_/Users/LUIZ_CARLOS/.pico-sdk/sdk/2.2.0/lib/lwip/src/core/tcp_out.c.obj
                0x1000e398                tcp_rst_netif
 .text.tcp_send_empty_ack
                0x1000e4c8       0xf0 CMakeFiles/displayfuncionando.dir/C_/Users/LUIZ_CARLOS/.pico-sdk/sdk/2.2.0/lib/lwip/src/core/tcp_out.c.obj
                0x1000e4c8                tcp_send_empty_ack
 .text.tcp_output
                0x1000e5b8      0x44c CMakeFiles/displayfuncionando.dir/C_/Users/LUIZ_CARLOS/.pico-sdk/sdk/2.2.0/lib/lwip/src/core/tcp_out.c.obj
                0x1000e5b8                tcp_output
 .text.tcp_rexmit_rto_commit
                0x1000ea04       0x24 CMakeFiles/displayfuncionando.dir/C_/Users/LUIZ_CARLOS/.pico-sdk/sdk/2.2.0/lib/lwip/src/core/tcp_out.c.obj
                0x1000ea04                tcp_rexmit_rto_commit
 .text.tcp_rexmit_rto
                0x1000ea28       0xa4 CMakeFiles/displayfuncionando.dir/C_/Users/LUIZ_CARLOS/.pico-sdk/sdk/2.2.0/lib/lwip/src/core/tcp_out.c.obj
                0x1000ea28                tcp_rexmit_rto
 .text.tcp_keepalive
                0x1000eacc       0xdc CMakeFiles/displayfuncionando.dir/C_/Users/LUIZ_CARLOS/.pico-sdk/sdk/2.2.0/lib/lwip/src/core/tcp_out.c.obj
                0x1000eacc                tcp_keepalive
 .text.tcp_zero_window_probe
                0x1000eba8      0x1a8 CMakeFiles/displayfuncionando.dir/C_/Users/LUIZ_CARLOS/.pico-sdk/sdk/2.2.0/lib/lwip/src/core/tcp_out.c.obj
                0x1000eba8                tcp_zero_window_probe
 .text.tcpip_tcp_timer
                0x1000ed50       0x78 CMakeFiles/displayfuncionando.dir/C_/Users/LUIZ_CARLOS/.pico-sdk/sdk/2.2.0/lib/lwip/src/core/timeouts.c.obj
 .text.lwip_cyclic_timer
                0x1000edc8       0x98 CMakeFiles/displayfuncionando.dir/C_/Users/LUIZ_CARLOS/.pico-sdk/sdk/2.2.0/lib/lwip/src/core/timeouts.c.obj
 .text.tcp_timer_needed
                0x1000ee60       0x7c CMakeFiles/displayfuncionando.dir/C_/Users/LUIZ_CARLOS/.pico-sdk/sdk/2.2.0/lib/lwip/src/core/timeouts.c.obj
                0x1000ee60                tcp_timer_needed
 .text.sys_timeouts_init
                0x1000eedc       0x8c CMakeFiles/displayfuncionando.dir/C_/Users/LUIZ_CARLOS/.pico-sdk/sdk/2.2.0/lib/lwip/src/core/timeouts.c.obj
                0x1000eedc                sys_timeouts_init
 .text.sys_check_timeouts
                0x1000ef68       0x68 CMakeFiles/displayfuncionando.dir/C_/Users/LUIZ_CARLOS/.pico-sdk/sdk/2.2.0/lib/lwip/src/core/timeouts.c.obj
                0x1000ef68                sys_check_timeouts
 .text.sys_timeouts_sleeptime
                0x1000efd0       0x28 CMakeFiles/displayfuncionando.dir/C_/Users/LUIZ_CARLOS/.pico-sdk/sdk/2.2.0/lib/lwip/src/core/timeouts.c.obj
                0x1000efd0                sys_timeouts_sleeptime
 .text.udp_init
                0x1000eff8       0x20 CMakeFiles/displayfuncionando.dir/C_/Users/LUIZ_CARLOS/.pico-sdk/sdk/2.2.0/lib/lwip/src/core/udp.c.obj
                0x1000eff8                udp_init
 .text.udp_input
                0x1000f018      0x350 CMakeFiles/displayfuncionando.dir/C_/Users/LUIZ_CARLOS/.pico-sdk/sdk/2.2.0/lib/lwip/src/core/udp.c.obj
                0x1000f018                udp_input
 .text.udp_bind
                0x1000f368      0x10c CMakeFiles/displayfuncionando.dir/C_/Users/LUIZ_CARLOS/.pico-sdk/sdk/2.2.0/lib/lwip/src/core/udp.c.obj
                0x1000f368                udp_bind
 .text.udp_sendto_if_src